58.229.114.50 - - [10/Oct/2024:10:55:47 +0900] "GET /api/news/factory/ HTTP/1.1" 200 830790 "-" "PostmanRuntime/7.42.0"
58.229.114.50 - - [10/Oct/2024:10:56:29 +0900] "GET /api/news/airport/ HTTP/1.1" 200 2313575 "-" "PostmanRuntime/7.42.0"
58.229.114.50 - - [10/Oct/2024:10:58:02 +0900] "POST /admin/logout/ HTTP/1.1" 302 0 "http://13.209.93.212/admin/account/customuser/" "Mozilla/5.0 (X11; Ubuntu; Linux x86_64; rv:130.0) Gecko/20100101 Firefox/130.0"
58.229.114.50 - - [10/Oct/2024:10:58:02 +0900] "GET /swagger/ HTTP/1.1" 302 0 "http://13.209.93.212/admin/account/customuser/" "Mozilla/5.0 (X11; Ubuntu; Linux x86_64; rv:130.0) Gecko/20100101 Firefox/130.0"
58.229.114.50 - - [10/Oct/2024:10:58:02 +0900] "GET /admin/login/?next=/swagger/ HTTP/1.1" 200 1621 "http://13.209.93.212/admin/account/customuser/" "Mozilla/5.0 (X11; Ubuntu; Linux x86_64; rv:130.0) Gecko/20100101 Firefox/130.0"
58.229.114.50 - - [10/Oct/2024:10:58:09 +0900] "POST /admin/logout/ HTTP/1.1" 403 570 "http://13.209.93.212/admin/account/customuser/" "Mozilla/5.0 (X11; Ubuntu; Linux x86_64; rv:130.0) Gecko/20100101 Firefox/130.0"
58.229.114.50 - - [10/Oct/2024:10:58:14 +0900] "GET /admin HTTP/1.1" 301 5 "-" "Mozilla/5.0 (X11; Ubuntu; Linux x86_64; rv:130.0) Gecko/20100101 Firefox/130.0"
58.229.114.50 - - [10/Oct/2024:10:58:14 +0900] "GET /admin/ HTTP/1.1" 302 0 "-" "Mozilla/5.0 (X11; Ubuntu; Linux x86_64; rv:130.0) Gecko/20100101 Firefox/130.0"
58.229.114.50 - - [10/Oct/2024:10:58:14 +0900] "GET /admin/login/?next=/admin/ HTTP/1.1" 200 1622 "-" "Mozilla/5.0 (X11; Ubuntu; Linux x86_64; rv:130.0) Gecko/20100101 Firefox/130.0"
175.176.41.139 - - [10/Oct/2024:11:00:46 +0900] "GET /swagger/ HTTP/1.1" 302 0 "-" "Mozilla/5.0 (Macintosh; Intel Mac OS X 10_15_7) AppleWebKit/537.36 (KHTML, like Gecko) Chrome/129.0.0.0 Safari/537.36"
175.176.41.139 - - [10/Oct/2024:11:00:46 +0900] "GET /admin/login/?next=/swagger/ HTTP/1.1" 200 1627 "-" "Mozilla/5.0 (Macintosh; Intel Mac OS X 10_15_7) AppleWebKit/537.36 (KHTML, like Gecko) Chrome/129.0.0.0 Safari/537.36"
175.176.41.139 - - [10/Oct/2024:11:00:46 +0900] "GET /static/admin/css/base.css HTTP/1.1" 200 21544 "http://13.209.93.212/admin/login/?next=/swagger/" "Mozilla/5.0 (Macintosh; Intel Mac OS X 10_15_7) AppleWebKit/537.36 (KHTML, like Gecko) Chrome/129.0.0.0 Safari/537.36"
175.176.41.139 - - [10/Oct/2024:11:00:46 +0900] "GET /static/admin/css/dark_mode.css HTTP/1.1" 200 2682 "http://13.209.93.212/admin/login/?next=/swagger/" "Mozilla/5.0 (Macintosh; Intel Mac OS X 10_15_7) AppleWebKit/537.36 (KHTML, like Gecko) Chrome/129.0.0.0 Safari/537.36"
175.176.41.139 - - [10/Oct/2024:11:00:46 +0900] "GET /static/admin/css/nav_sidebar.css HTTP/1.1" 200 2810 "http://13.209.93.212/admin/login/?next=/swagger/" "Mozilla/5.0 (Macintosh; Intel Mac OS X 10_15_7) AppleWebKit/537.36 (KHTML, like Gecko) Chrome/129.0.0.0 Safari/537.36"
175.176.41.139 - - [10/Oct/2024:11:00:46 +0900] "GET /static/admin/css/login.css HTTP/1.1" 200 958 "http://13.209.93.212/admin/login/?next=/swagger/" "Mozilla/5.0 (Macintosh; Intel Mac OS X 10_15_7) AppleWebKit/537.36 (KHTML, like Gecko) Chrome/129.0.0.0 Safari/537.36"
175.176.41.139 - - [10/Oct/2024:11:00:46 +0900] "GET /static/admin/css/responsive.css HTTP/1.1" 200 17905 "http://13.209.93.212/admin/login/?next=/swagger/" "Mozilla/5.0 (Macintosh; Intel Mac OS X 10_15_7) AppleWebKit/537.36 (KHTML, like Gecko) Chrome/129.0.0.0 Safari/537.36"
175.176.41.139 - - [10/Oct/2024:11:00:46 +0900] "GET /static/admin/js/theme.js HTTP/1.1" 200 1943 "http://13.209.93.212/admin/login/?next=/swagger/" "Mozilla/5.0 (Macintosh; Intel Mac OS X 10_15_7) AppleWebKit/537.36 (KHTML, like Gecko) Chrome/129.0.0.0 Safari/537.36"
175.176.41.139 - - [10/Oct/2024:11:00:46 +0900] "GET /static/admin/js/nav_sidebar.js HTTP/1.1" 200 3063 "http://13.209.93.212/admin/login/?next=/swagger/" "Mozilla/5.0 (Macintosh; Intel Mac OS X 10_15_7) AppleWebKit/537.36 (KHTML, like Gecko) Chrome/129.0.0.0 Safari/537.36"
175.176.41.139 - - [10/Oct/2024:11:00:58 +0900] "GET /swagger/ HTTP/1.1" 302 0 "-" "Mozilla/5.0 (Macintosh; Intel Mac OS X 10_15_7) AppleWebKit/537.36 (KHTML, like Gecko) Chrome/129.0.0.0 Safari/537.36"
175.176.41.139 - - [10/Oct/2024:11:00:58 +0900] "GET /admin/login/?next=/swagger/ HTTP/1.1" 200 1627 "-" "Mozilla/5.0 (Macintosh; Intel Mac OS X 10_15_7) AppleWebKit/537.36 (KHTML, like Gecko) Chrome/129.0.0.0 Safari/537.36"
175.176.41.139 - - [10/Oct/2024:11:00:58 +0900] "GET /static/admin/css/base.css HTTP/1.1" 200 21544 "http://13.209.93.212/admin/login/?next=/swagger/" "Mozilla/5.0 (Macintosh; Intel Mac OS X 10_15_7) AppleWebKit/537.36 (KHTML, like Gecko) Chrome/129.0.0.0 Safari/537.36"
175.176.41.139 - - [10/Oct/2024:11:00:58 +0900] "GET /static/admin/css/dark_mode.css HTTP/1.1" 200 2682 "http://13.209.93.212/admin/login/?next=/swagger/" "Mozilla/5.0 (Macintosh; Intel Mac OS X 10_15_7) AppleWebKit/537.36 (KHTML, like Gecko) Chrome/129.0.0.0 Safari/537.36"
175.176.41.139 - - [10/Oct/2024:11:00:58 +0900] "GET /static/admin/css/login.css HTTP/1.1" 200 958 "http://13.209.93.212/admin/login/?next=/swagger/" "Mozilla/5.0 (Macintosh; Intel Mac OS X 10_15_7) AppleWebKit/537.36 (KHTML, like Gecko) Chrome/129.0.0.0 Safari/537.36"
175.176.41.139 - - [10/Oct/2024:11:00:58 +0900] "GET /static/admin/css/nav_sidebar.css HTTP/1.1" 200 2810 "http://13.209.93.212/admin/login/?next=/swagger/" "Mozilla/5.0 (Macintosh; Intel Mac OS X 10_15_7) AppleWebKit/537.36 (KHTML, like Gecko) Chrome/129.0.0.0 Safari/537.36"
175.176.41.139 - - [10/Oct/2024:11:00:58 +0900] "GET /static/admin/css/responsive.css HTTP/1.1" 200 17905 "http://13.209.93.212/admin/login/?next=/swagger/" "Mozilla/5.0 (Macintosh; Intel Mac OS X 10_15_7) AppleWebKit/537.36 (KHTML, like Gecko) Chrome/129.0.0.0 Safari/537.36"
175.176.41.139 - - [10/Oct/2024:11:00:58 +0900] "GET /static/admin/js/theme.js HTTP/1.1" 200 1943 "http://13.209.93.212/admin/login/?next=/swagger/" "Mozilla/5.0 (Macintosh; Intel Mac OS X 10_15_7) AppleWebKit/537.36 (KHTML, like Gecko) Chrome/129.0.0.0 Safari/537.36"
175.176.41.139 - - [10/Oct/2024:11:00:58 +0900] "GET /static/admin/js/nav_sidebar.js HTTP/1.1" 200 3063 "http://13.209.93.212/admin/login/?next=/swagger/" "Mozilla/5.0 (Macintosh; Intel Mac OS X 10_15_7) AppleWebKit/537.36 (KHTML, like Gecko) Chrome/129.0.0.0 Safari/537.36"
175.176.41.139 - - [10/Oct/2024:11:01:43 +0900] "GET / HTTP/1.1" 404 159 "-" "Mozilla/5.0 (Macintosh; Intel Mac OS X 10_15_7) AppleWebKit/537.36 (KHTML, like Gecko) Chrome/129.0.0.0 Safari/537.36"
175.176.41.139 - - [10/Oct/2024:11:01:49 +0900] "GET /redoc/ HTTP/1.1" 404 159 "-" "Mozilla/5.0 (Macintosh; Intel Mac OS X 10_15_7) AppleWebKit/537.36 (KHTML, like Gecko) Chrome/129.0.0.0 Safari/537.36"
175.176.41.139 - - [10/Oct/2024:11:02:00 +0900] "GET /swagger/ HTTP/1.1" 302 0 "-" "Mozilla/5.0 (Macintosh; Intel Mac OS X 10_15_7) AppleWebKit/537.36 (KHTML, like Gecko) Chrome/129.0.0.0 Safari/537.36"
175.176.41.139 - - [10/Oct/2024:11:02:00 +0900] "GET /admin/login/?next=/swagger/ HTTP/1.1" 200 1626 "-" "Mozilla/5.0 (Macintosh; Intel Mac OS X 10_15_7) AppleWebKit/537.36 (KHTML, like Gecko) Chrome/129.0.0.0 Safari/537.36"
87.120.115.119 - - [10/Oct/2024:11:04:55 +0900] "GET /.env HTTP/1.1" 404 159 "-" "Mozilla/5.0 (Macintosh; Intel Mac OS X 10_14_5) AppleWebKit/537.36 (KHTML, like Gecko) Chrome/78.0.3882.0 Safari/537.36"
175.176.41.139 - - [10/Oct/2024:11:12:41 +0900] "POST /account/register/ HTTP/1.1" 400 53 "-" "node"
175.176.41.139 - - [10/Oct/2024:11:14:07 +0900] "POST /account/register/ HTTP/1.1" 400 53 "-" "node"
185.224.128.47 - - [10/Oct/2024:11:14:40 +0900] "GET / HTTP/1.1" 200 615 "-" "Mozilla/5.0 (Macintosh; Intel Mac OS X 10_15_7) AppleWebKit/537.36 (KHTML, like Gecko) Chrome/128.0.0.0 Safari/537.36"
175.176.41.139 - - [10/Oct/2024:11:15:49 +0900] "POST /account/register/ HTTP/1.1" 400 53 "-" "node"
175.176.41.139 - - [10/Oct/2024:11:15:52 +0900] "POST /account/register/ HTTP/1.1" 200 154 "-" "node"
175.176.41.139 - - [10/Oct/2024:11:15:54 +0900] "POST /account/login/ HTTP/1.1" 200 98 "-" "node"
175.176.41.139 - - [10/Oct/2024:11:16:30 +0900] "POST /account/register/ HTTP/1.1" 200 157 "-" "node"
175.176.41.139 - - [10/Oct/2024:11:16:31 +0900] "POST /account/login/ HTTP/1.1" 200 98 "-" "node"
175.176.41.139 - - [10/Oct/2024:11:32:55 +0900] "POST /account/login/ HTTP/1.1" 400 45 "-" "node"
175.176.41.139 - - [10/Oct/2024:11:33:02 +0900] "POST /account/login/ HTTP/1.1" 200 97 "-" "node"
175.176.41.139 - - [10/Oct/2024:11:34:01 +0900] "GET /swagger/ HTTP/1.1" 302 0 "-" "Mozilla/5.0 (Macintosh; Intel Mac OS X 10_15_7) AppleWebKit/537.36 (KHTML, like Gecko) Chrome/129.0.0.0 Safari/537.36"
175.176.41.139 - - [10/Oct/2024:11:34:01 +0900] "GET /admin/login/?next=/swagger/ HTTP/1.1" 200 1628 "-" "Mozilla/5.0 (Macintosh; Intel Mac OS X 10_15_7) AppleWebKit/537.36 (KHTML, like Gecko) Chrome/129.0.0.0 Safari/537.36"
80.66.83.49 - - [10/Oct/2024:11:53:30 +0900] "\x04\x01\x00\x194e)\x02\x00" 400 166 "-" "-"
80.66.83.49 - - [10/Oct/2024:11:53:30 +0900] "\x05\x01\x00" 400 166 "-" "-"
80.66.83.49 - - [10/Oct/2024:11:53:31 +0900] "CONNECT hotmail-com.olc.protection.outlook.com:25 HTTP/1.1" 400 166 "-" "-"
52.23.203.185 - - [10/Oct/2024:12:19:59 +0900] "GET / HTTP/1.1" 404 159 "-" "Slackbot-LinkExpanding 1.0 (+https://api.slack.com/robots)"
175.176.41.139 - - [10/Oct/2024:12:28:41 +0900] "GET /swagger/ HTTP/1.1" 302 0 "-" "Mozilla/5.0 (Macintosh; Intel Mac OS X 10_15_7) AppleWebKit/537.36 (KHTML, like Gecko) Chrome/129.0.0.0 Safari/537.36"
175.176.41.139 - - [10/Oct/2024:12:28:41 +0900] "GET /admin/login/?next=/swagger/ HTTP/1.1" 200 1626 "-" "Mozilla/5.0 (Macintosh; Intel Mac OS X 10_15_7) AppleWebKit/537.36 (KHTML, like Gecko) Chrome/129.0.0.0 Safari/537.36"
58.229.114.50 - - [10/Oct/2024:12:56:24 +0900] "GET /swagger/ HTTP/1.1" 302 0 "-" "Mozilla/5.0 (X11; Ubuntu; Linux x86_64; rv:130.0) Gecko/20100101 Firefox/130.0"
58.229.114.50 - - [10/Oct/2024:12:56:24 +0900] "GET /admin/login/?next=/swagger/ HTTP/1.1" 200 1627 "-" "Mozilla/5.0 (X11; Ubuntu; Linux x86_64; rv:130.0) Gecko/20100101 Firefox/130.0"
58.229.114.50 - - [10/Oct/2024:12:56:27 +0900] "POST /admin/login/?next=/swagger/ HTTP/1.1" 302 0 "http://13.209.93.212/admin/login/?next=/swagger/" "Mozilla/5.0 (X11; Ubuntu; Linux x86_64; rv:130.0) Gecko/20100101 Firefox/130.0"
58.229.114.50 - - [10/Oct/2024:12:56:27 +0900] "GET /swagger/ HTTP/1.1" 200 959 "http://13.209.93.212/admin/login/?next=/swagger/" "Mozilla/5.0 (X11; Ubuntu; Linux x86_64; rv:130.0) Gecko/20100101 Firefox/130.0"
58.229.114.50 - - [10/Oct/2024:12:56:27 +0900] "GET /swagger/?format=openapi HTTP/1.1" 200 21545 "http://13.209.93.212/swagger/" "Mozilla/5.0 (X11; Ubuntu; Linux x86_64; rv:130.0) Gecko/20100101 Firefox/130.0"
44.196.175.104 - - [10/Oct/2024:12:56:28 +0900] "GET /swagger/?format=openapi HTTP/1.1" 302 0 "-" "swagger-validator"
58.229.114.50 - - [10/Oct/2024:12:56:34 +0900] "GET /api/news/ HTTP/1.1" 200 1956 "-" "Mozilla/5.0 (X11; Ubuntu; Linux x86_64; rv:130.0) Gecko/20100101 Firefox/130.0"
58.229.114.50 - - [10/Oct/2024:12:56:34 +0900] "GET /static/rest_framework/img/grid.png HTTP/1.1" 200 1458 "http://13.209.93.212/static/rest_framework/css/bootstrap-tweaks.css" "Mozilla/5.0 (X11; Ubuntu; Linux x86_64; rv:130.0) Gecko/20100101 Firefox/130.0"
58.229.114.50 - - [10/Oct/2024:12:56:36 +0900] "GET /api/news/allfilterednews/ HTTP/1.1" 200 136804 "http://13.209.93.212/api/news/" "Mozilla/5.0 (X11; Ubuntu; Linux x86_64; rv:130.0) Gecko/20100101 Firefox/130.0"
58.229.114.50 - - [10/Oct/2024:12:56:40 +0900] "GET /api/news/factory/ HTTP/1.1" 200 324570 "http://13.209.93.212/api/news/" "Mozilla/5.0 (X11; Ubuntu; Linux x86_64; rv:130.0) Gecko/20100101 Firefox/130.0"
58.229.114.50 - - [10/Oct/2024:12:56:44 +0900] "GET /api/news/oilandgas/ HTTP/1.1" 200 175127 "http://13.209.93.212/api/news/" "Mozilla/5.0 (X11; Ubuntu; Linux x86_64; rv:130.0) Gecko/20100101 Firefox/130.0"
58.229.114.50 - - [10/Oct/2024:12:56:48 +0900] "GET /api/news/allnewsources/ HTTP/1.1" 200 22017 "http://13.209.93.212/api/news/" "Mozilla/5.0 (X11; Ubuntu; Linux x86_64; rv:130.0) Gecko/20100101 Firefox/130.0"
58.229.114.50 - - [10/Oct/2024:12:56:52 +0900] "GET /api/news/megaproject_image/ HTTP/1.1" 200 2005 "http://13.209.93.212/api/news/" "Mozilla/5.0 (X11; Ubuntu; Linux x86_64; rv:130.0) Gecko/20100101 Firefox/130.0"
185.242.226.115 - - [10/Oct/2024:13:16:36 +0900] "GET / HTTP/1.1" 404 159 "-" "Mozilla/5.0 (Windows NT 10.0; Win64; x64) AppleWebKit/537.36 (KHTML, like Gecko) Chrome/88.0.4324.190 Safari/537.36"
135.125.244.48 - - [10/Oct/2024:13:23:37 +0900] "GET /.env HTTP/1.1" 404 159 "-" "Mozilla/5.0 (X11; Linux x86_64) AppleWebKit/537.36 (KHTML, like Gecko) Chrome/81.0.4044.129 Safari/537.36"
135.125.244.48 - - [10/Oct/2024:13:23:38 +0900] "POST / HTTP/1.1" 404 159 "-" "Mozilla/5.0 (X11; Linux x86_64) AppleWebKit/537.36 (KHTML, like Gecko) Chrome/81.0.4044.129 Safari/537.36"
31.120.210.201 - - [10/Oct/2024:13:38:39 +0900] "GET / HTTP/1.0" 200 615 "-" "Mozilla/5.0 (Linux; U; Android 4.0.3; ko-kr; LG-L160L Build/IML74K) AppleWebkit/534.30 (KHTML, like Gecko) Version/4.0 Mobile Safari/534.30"
167.94.138.117 - - [10/Oct/2024:13:51:24 +0900] "GET / HTTP/1.1" 404 179 "-" "-"
167.94.138.117 - - [10/Oct/2024:13:51:33 +0900] "GET / HTTP/1.1" 404 159 "-" "Mozilla/5.0 (compatible; CensysInspect/1.1; +https://about.censys.io/)"
167.94.138.117 - - [10/Oct/2024:13:51:34 +0900] "PRI * HTTP/2.0" 400 166 "-" "-"
35.203.210.174 - - [10/Oct/2024:14:23:00 +0900] "GET / HTTP/1.1" 404 159 "-" "Expanse, a Palo Alto Networks company, searches across the global IPv4 space multiple times per day to identify customers&#39; presences on the Internet. If you would like to be excluded from our scans, please send IP addresses/domains to: scaninfo@paloaltonetworks.com"
93.123.85.155 - - [10/Oct/2024:14:32:35 +0900] "GET /.env HTTP/1.1" 404 159 "-" "Mozilla/5.0 (X11; Linux x86_64) AppleWebKit/537.36 (KHTML, like Gecko) Chrome/81.0.4044.129 Safari/537.36"
93.123.85.155 - - [10/Oct/2024:14:32:36 +0900] "POST / HTTP/1.1" 404 159 "-" "Mozilla/5.0 (X11; Linux x86_64) AppleWebKit/537.36 (KHTML, like Gecko) Chrome/81.0.4044.129 Safari/537.36"
135.125.244.48 - - [10/Oct/2024:14:36:45 +0900] "GET /.env HTTP/1.1" 404 159 "-" "Mozilla/5.0 (X11; Linux x86_64) AppleWebKit/537.36 (KHTML, like Gecko) Chrome/81.0.4044.129 Safari/537.36"
135.125.244.48 - - [10/Oct/2024:14:36:45 +0900] "POST / HTTP/1.1" 404 159 "-" "Mozilla/5.0 (X11; Linux x86_64) AppleWebKit/537.36 (KHTML, like Gecko) Chrome/81.0.4044.129 Safari/537.36"
149.50.103.48 - - [10/Oct/2024:14:48:34 +0900] "GET / HTTP/1.1" 404 179 "-" "-"
175.176.41.139 - - [10/Oct/2024:15:02:44 +0900] "POST /account/register/ HTTP/1.1" 400 53 "-" "node"
175.176.41.139 - - [10/Oct/2024:15:02:53 +0900] "POST /account/register/ HTTP/1.1" 200 154 "-" "node"
175.176.41.139 - - [10/Oct/2024:15:02:54 +0900] "POST /account/login/ HTTP/1.1" 200 98 "-" "node"
175.176.41.139 - - [10/Oct/2024:15:04:24 +0900] "POST /account/register/ HTTP/1.1" 400 53 "-" "node"
175.176.41.139 - - [10/Oct/2024:15:04:27 +0900] "POST /account/register/ HTTP/1.1" 200 154 "-" "node"
175.176.41.139 - - [10/Oct/2024:15:04:28 +0900] "POST /account/login/ HTTP/1.1" 200 98 "-" "node"
58.229.114.50 - - [10/Oct/2024:15:12:13 +0900] "GET /api/news/ HTTP/1.1" 200 1953 "-" "Mozilla/5.0 (X11; Ubuntu; Linux x86_64; rv:130.0) Gecko/20100101 Firefox/130.0"
58.229.114.50 - - [10/Oct/2024:15:12:15 +0900] "GET /api/news/topnewssectorwise/ HTTP/1.1" 200 24359 "http://13.209.93.212/api/news/" "Mozilla/5.0 (X11; Ubuntu; Linux x86_64; rv:130.0) Gecko/20100101 Firefox/130.0"
3.235.244.122 - - [10/Oct/2024:15:14:54 +0900] "GET / HTTP/1.1" 404 159 "-" "Slackbot-LinkExpanding 1.0 (+https://api.slack.com/robots)"
37.19.205.163 - - [10/Oct/2024:15:17:03 +0900] "POST /account/register/ HTTP/1.1" 200 163 "-" "node"
37.19.205.163 - - [10/Oct/2024:15:17:04 +0900] "POST /account/login/ HTTP/1.1" 200 100 "-" "node"
37.19.205.163 - - [10/Oct/2024:15:21:24 +0900] "POST /account/login/ HTTP/1.1" 400 45 "-" "node"
37.19.205.163 - - [10/Oct/2024:15:21:36 +0900] "POST /account/login/ HTTP/1.1" 200 100 "-" "node"
37.19.205.163 - - [10/Oct/2024:15:29:55 +0900] "POST /account/login/ HTTP/1.1" 400 45 "-" "node"
37.19.205.163 - - [10/Oct/2024:15:30:12 +0900] "POST /account/login/ HTTP/1.1" 200 100 "-" "node"
104.45.227.154 - - [10/Oct/2024:15:30:44 +0900] "MGLNDD_13.209.93.212_80" 400 166 "-" "-"
37.19.205.163 - - [10/Oct/2024:15:41:06 +0900] "POST /account/login/ HTTP/1.1" 400 45 "-" "node"
37.19.205.163 - - [10/Oct/2024:15:41:48 +0900] "POST /account/login/ HTTP/1.1" 200 100 "-" "node"
178.211.139.188 - - [10/Oct/2024:15:57:21 +0900] "GET / HTTP/1.1" 404 159 "-" "Mozilla/5.0 (Windows NT 10.0; Win64; x64) AppleWebKit/537.36 (KHTML, like Gecko) Chrome/90.0.4430.85 Safari/537.36 Edg/90.0.818.46"
203.220.68.158 - - [10/Oct/2024:16:02:06 +0900] "GET / HTTP/1.0" 200 615 "-" "Mozilla/5.0 (Linux; U; Android 4.0.3; ko-kr; LG-L160L Build/IML74K) AppleWebkit/534.30 (KHTML, like Gecko) Version/4.0 Mobile Safari/534.30"
37.19.205.163 - - [10/Oct/2024:16:14:59 +0900] "POST /account/login/ HTTP/1.1" 200 100 "-" "node"
37.19.205.163 - - [10/Oct/2024:16:17:21 +0900] "POST /account/login/ HTTP/1.1" 200 100 "-" "node"
143.44.165.122 - - [10/Oct/2024:16:29:41 +0900] "POST /account/register/ HTTP/1.1" 200 157 "-" "node"
143.44.165.122 - - [10/Oct/2024:16:29:41 +0900] "POST /account/login/ HTTP/1.1" 200 93 "-" "node"
143.44.165.122 - - [10/Oct/2024:16:32:03 +0900] "POST /account/login/ HTTP/1.1" 200 93 "-" "node"
58.229.114.50 - - [10/Oct/2024:16:47:02 +0900] "GET /admin/ HTTP/1.1" 200 2371 "-" "Mozilla/5.0 (X11; Ubuntu; Linux x86_64; rv:130.0) Gecko/20100101 Firefox/130.0"
58.229.114.50 - - [10/Oct/2024:16:47:02 +0900] "GET /static/admin/img/icon-deletelink.svg HTTP/1.1" 200 392 "http://13.209.93.212/static/admin/css/base.css" "Mozilla/5.0 (X11; Ubuntu; Linux x86_64; rv:130.0) Gecko/20100101 Firefox/130.0"
58.229.114.50 - - [10/Oct/2024:16:47:04 +0900] "POST /admin/logout/ HTTP/1.1" 302 0 "http://13.209.93.212/admin/" "Mozilla/5.0 (X11; Ubuntu; Linux x86_64; rv:130.0) Gecko/20100101 Firefox/130.0"
58.229.114.50 - - [10/Oct/2024:16:47:04 +0900] "GET /swagger/ HTTP/1.1" 302 0 "http://13.209.93.212/admin/" "Mozilla/5.0 (X11; Ubuntu; Linux x86_64; rv:130.0) Gecko/20100101 Firefox/130.0"
58.229.114.50 - - [10/Oct/2024:16:47:04 +0900] "GET /admin/login/?next=/swagger/ HTTP/1.1" 200 1629 "http://13.209.93.212/admin/" "Mozilla/5.0 (X11; Ubuntu; Linux x86_64; rv:130.0) Gecko/20100101 Firefox/130.0"
58.229.114.50 - - [10/Oct/2024:16:47:29 +0900] "POST /admin/login/?next=/swagger/ HTTP/1.1" 302 0 "http://13.209.93.212/admin/login/?next=/swagger/" "Mozilla/5.0 (X11; Ubuntu; Linux x86_64; rv:130.0) Gecko/20100101 Firefox/130.0"
58.229.114.50 - - [10/Oct/2024:16:47:29 +0900] "GET /swagger/ HTTP/1.1" 200 960 "http://13.209.93.212/admin/login/?next=/swagger/" "Mozilla/5.0 (X11; Ubuntu; Linux x86_64; rv:130.0) Gecko/20100101 Firefox/130.0"
58.229.114.50 - - [10/Oct/2024:16:47:29 +0900] "GET /swagger/?format=openapi HTTP/1.1" 200 21545 "http://13.209.93.212/swagger/" "Mozilla/5.0 (X11; Ubuntu; Linux x86_64; rv:130.0) Gecko/20100101 Firefox/130.0"
44.196.175.104 - - [10/Oct/2024:16:47:30 +0900] "GET /swagger/?format=openapi HTTP/1.1" 302 0 "-" "swagger-validator"
58.229.114.50 - - [10/Oct/2024:16:48:34 +0900] "GET /accounts/logout/?next=/swagger/ HTTP/1.1" 404 159 "http://13.209.93.212/swagger/" "Mozilla/5.0 (X11; Ubuntu; Linux x86_64; rv:130.0) Gecko/20100101 Firefox/130.0"
58.229.114.50 - - [10/Oct/2024:16:48:50 +0900] "GET /swagger/ HTTP/1.1" 200 959 "-" "Mozilla/5.0 (X11; Ubuntu; Linux x86_64; rv:130.0) Gecko/20100101 Firefox/130.0"
58.229.114.50 - - [10/Oct/2024:16:48:50 +0900] "GET /swagger/?format=openapi HTTP/1.1" 200 21545 "http://13.209.93.212/swagger/" "Mozilla/5.0 (X11; Ubuntu; Linux x86_64; rv:130.0) Gecko/20100101 Firefox/130.0"
44.196.175.104 - - [10/Oct/2024:16:48:51 +0900] "GET /swagger/?format=openapi HTTP/1.1" 302 0 "-" "swagger-validator"
58.229.114.50 - - [10/Oct/2024:16:48:56 +0900] "GET /admin/ HTTP/1.1" 200 2282 "-" "Mozilla/5.0 (X11; Ubuntu; Linux x86_64; rv:130.0) Gecko/20100101 Firefox/130.0"
58.229.114.50 - - [10/Oct/2024:16:48:59 +0900] "POST /admin/logout/ HTTP/1.1" 302 0 "http://13.209.93.212/admin/" "Mozilla/5.0 (X11; Ubuntu; Linux x86_64; rv:130.0) Gecko/20100101 Firefox/130.0"
58.229.114.50 - - [10/Oct/2024:16:48:59 +0900] "GET /swagger/ HTTP/1.1" 302 0 "http://13.209.93.212/admin/" "Mozilla/5.0 (X11; Ubuntu; Linux x86_64; rv:130.0) Gecko/20100101 Firefox/130.0"
58.229.114.50 - - [10/Oct/2024:16:48:59 +0900] "GET /admin/login/?next=/swagger/ HTTP/1.1" 200 1626 "http://13.209.93.212/admin/" "Mozilla/5.0 (X11; Ubuntu; Linux x86_64; rv:130.0) Gecko/20100101 Firefox/130.0"
58.229.114.50 - - [10/Oct/2024:17:07:39 +0900] "GET / HTTP/1.1" 500 141 "-" "Mozilla/5.0 (X11; Ubuntu; Linux x86_64; rv:130.0) Gecko/20100101 Firefox/130.0"
58.229.114.50 - - [10/Oct/2024:17:07:46 +0900] "GET /admin/ HTTP/1.1" 500 141 "-" "Mozilla/5.0 (X11; Ubuntu; Linux x86_64; rv:130.0) Gecko/20100101 Firefox/130.0"
58.229.114.50 - - [10/Oct/2024:17:07:49 +0900] "GET /admin/ HTTP/1.1" 500 141 "-" "Mozilla/5.0 (X11; Ubuntu; Linux x86_64; rv:130.0) Gecko/20100101 Firefox/130.0"
58.229.114.50 - - [10/Oct/2024:17:07:58 +0900] "GET /admin/ HTTP/1.1" 500 141 "-" "Mozilla/5.0 (X11; Ubuntu; Linux x86_64; rv:130.0) Gecko/20100101 Firefox/130.0"
58.229.114.50 - - [10/Oct/2024:17:08:02 +0900] "GET / HTTP/1.1" 500 141 "-" "Mozilla/5.0 (X11; Ubuntu; Linux x86_64; rv:130.0) Gecko/20100101 Firefox/130.0"
58.229.114.50 - - [10/Oct/2024:17:12:40 +0900] "GET /admin/ HTTP/1.1" 302 0 "-" "Mozilla/5.0 (X11; Ubuntu; Linux x86_64; rv:130.0) Gecko/20100101 Firefox/130.0"
58.229.114.50 - - [10/Oct/2024:17:12:40 +0900] "GET /admin/login/?next=/admin/ HTTP/1.1" 200 1621 "-" "Mozilla/5.0 (X11; Ubuntu; Linux x86_64; rv:130.0) Gecko/20100101 Firefox/130.0"
58.229.114.50 - - [10/Oct/2024:17:12:44 +0900] "POST /admin/login/?next=/admin/ HTTP/1.1" 302 0 "http://13.209.93.212/admin/login/?next=/admin/" "Mozilla/5.0 (X11; Ubuntu; Linux x86_64; rv:130.0) Gecko/20100101 Firefox/130.0"
58.229.114.50 - - [10/Oct/2024:17:12:44 +0900] "GET /admin/ HTTP/1.1" 200 2414 "http://13.209.93.212/admin/login/?next=/admin/" "Mozilla/5.0 (X11; Ubuntu; Linux x86_64; rv:130.0) Gecko/20100101 Firefox/130.0"
58.229.114.50 - - [10/Oct/2024:17:12:46 +0900] "GET /admin/account/customuser/ HTTP/1.1" 200 3561 "http://13.209.93.212/admin/" "Mozilla/5.0 (X11; Ubuntu; Linux x86_64; rv:130.0) Gecko/20100101 Firefox/130.0"
58.229.114.50 - - [10/Oct/2024:17:12:46 +0900] "GET /admin/jsi18n/ HTTP/1.1" 200 3342 "http://13.209.93.212/admin/account/customuser/" "Mozilla/5.0 (X11; Ubuntu; Linux x86_64; rv:130.0) Gecko/20100101 Firefox/130.0"
58.229.114.50 - - [10/Oct/2024:17:12:57 +0900] "POST /admin/account/customuser/ HTTP/1.1" 500 145 "http://13.209.93.212/admin/account/customuser/" "Mozilla/5.0 (X11; Ubuntu; Linux x86_64; rv:130.0) Gecko/20100101 Firefox/130.0"
58.229.114.50 - - [10/Oct/2024:17:13:03 +0900] "GET /admin/account/customuser/ HTTP/1.1" 200 3556 "-" "Mozilla/5.0 (X11; Ubuntu; Linux x86_64; rv:130.0) Gecko/20100101 Firefox/130.0"
58.229.114.50 - - [10/Oct/2024:17:13:03 +0900] "GET /admin/jsi18n/ HTTP/1.1" 200 3342 "http://13.209.93.212/admin/account/customuser/" "Mozilla/5.0 (X11; Ubuntu; Linux x86_64; rv:130.0) Gecko/20100101 Firefox/130.0"
58.229.114.50 - - [10/Oct/2024:17:13:12 +0900] "POST /admin/account/customuser/ HTTP/1.1" 500 145 "http://13.209.93.212/admin/account/customuser/" "Mozilla/5.0 (X11; Ubuntu; Linux x86_64; rv:130.0) Gecko/20100101 Firefox/130.0"
58.229.114.50 - - [10/Oct/2024:17:13:31 +0900] "POST /admin/account/customuser/ HTTP/1.1" 500 145 "http://13.209.93.212/admin/account/customuser/" "Mozilla/5.0 (X11; Ubuntu; Linux x86_64; rv:130.0) Gecko/20100101 Firefox/130.0"
58.229.114.50 - - [10/Oct/2024:17:13:36 +0900] "GET /admin/ HTTP/1.1" 200 2413 "-" "Mozilla/5.0 (X11; Ubuntu; Linux x86_64; rv:130.0) Gecko/20100101 Firefox/130.0"
58.229.114.50 - - [10/Oct/2024:17:13:39 +0900] "GET /admin/account/customuser/ HTTP/1.1" 200 3559 "http://13.209.93.212/admin/" "Mozilla/5.0 (X11; Ubuntu; Linux x86_64; rv:130.0) Gecko/20100101 Firefox/130.0"
58.229.114.50 - - [10/Oct/2024:17:13:39 +0900] "GET /admin/jsi18n/ HTTP/1.1" 200 3342 "http://13.209.93.212/admin/account/customuser/" "Mozilla/5.0 (X11; Ubuntu; Linux x86_64; rv:130.0) Gecko/20100101 Firefox/130.0"
58.229.114.50 - - [10/Oct/2024:17:14:01 +0900] "POST /admin/account/customuser/ HTTP/1.1" 500 145 "http://13.209.93.212/admin/account/customuser/" "Mozilla/5.0 (X11; Ubuntu; Linux x86_64; rv:130.0) Gecko/20100101 Firefox/130.0"
58.229.114.50 - - [10/Oct/2024:17:14:03 +0900] "GET /admin/account/customuser/ HTTP/1.1" 200 3556 "http://13.209.93.212/admin/" "Mozilla/5.0 (X11; Ubuntu; Linux x86_64; rv:130.0) Gecko/20100101 Firefox/130.0"
58.229.114.50 - - [10/Oct/2024:17:14:21 +0900] "GET /swagger/ HTTP/1.1" 200 955 "-" "Mozilla/5.0 (X11; Ubuntu; Linux x86_64; rv:130.0) Gecko/20100101 Firefox/130.0"
58.229.114.50 - - [10/Oct/2024:17:14:21 +0900] "GET /swagger/?format=openapi HTTP/1.1" 200 22643 "http://13.209.93.212/swagger/" "Mozilla/5.0 (X11; Ubuntu; Linux x86_64; rv:130.0) Gecko/20100101 Firefox/130.0"
44.196.175.104 - - [10/Oct/2024:17:14:22 +0900] "GET /swagger/?format=openapi HTTP/1.1" 302 0 "-" "swagger-validator"
58.229.114.50 - - [10/Oct/2024:17:14:36 +0900] "GET /api/news/ HTTP/1.1" 200 1954 "-" "Mozilla/5.0 (X11; Ubuntu; Linux x86_64; rv:130.0) Gecko/20100101 Firefox/130.0"
58.229.114.50 - - [10/Oct/2024:17:14:38 +0900] "GET /api/news/allfilterednews/ HTTP/1.1" 200 136801 "http://13.209.93.212/api/news/" "Mozilla/5.0 (X11; Ubuntu; Linux x86_64; rv:130.0) Gecko/20100101 Firefox/130.0"
58.229.114.50 - - [10/Oct/2024:17:14:44 +0900] "GET /admin/ HTTP/1.1" 200 2414 "-" "Mozilla/5.0 (X11; Ubuntu; Linux x86_64; rv:130.0) Gecko/20100101 Firefox/130.0"
58.229.114.50 - - [10/Oct/2024:17:14:48 +0900] "POST /admin/logout/ HTTP/1.1" 302 0 "http://13.209.93.212/admin/" "Mozilla/5.0 (X11; Ubuntu; Linux x86_64; rv:130.0) Gecko/20100101 Firefox/130.0"
58.229.114.50 - - [10/Oct/2024:17:14:48 +0900] "GET /swagger/ HTTP/1.1" 302 0 "http://13.209.93.212/admin/" "Mozilla/5.0 (X11; Ubuntu; Linux x86_64; rv:130.0) Gecko/20100101 Firefox/130.0"
58.229.114.50 - - [10/Oct/2024:17:14:48 +0900] "GET /admin/login/?next=/swagger/ HTTP/1.1" 200 1626 "http://13.209.93.212/admin/" "Mozilla/5.0 (X11; Ubuntu; Linux x86_64; rv:130.0) Gecko/20100101 Firefox/130.0"
58.229.114.50 - - [10/Oct/2024:17:14:51 +0900] "POST /admin/login/?next=/swagger/ HTTP/1.1" 302 0 "http://13.209.93.212/admin/login/?next=/swagger/" "Mozilla/5.0 (X11; Ubuntu; Linux x86_64; rv:130.0) Gecko/20100101 Firefox/130.0"
58.229.114.50 - - [10/Oct/2024:17:14:51 +0900] "GET /swagger/ HTTP/1.1" 200 958 "http://13.209.93.212/admin/login/?next=/swagger/" "Mozilla/5.0 (X11; Ubuntu; Linux x86_64; rv:130.0) Gecko/20100101 Firefox/130.0"
58.229.114.50 - - [10/Oct/2024:17:14:51 +0900] "GET /swagger/?format=openapi HTTP/1.1" 200 22643 "http://13.209.93.212/swagger/" "Mozilla/5.0 (X11; Ubuntu; Linux x86_64; rv:130.0) Gecko/20100101 Firefox/130.0"
44.196.175.104 - - [10/Oct/2024:17:14:52 +0900] "GET /swagger/?format=openapi HTTP/1.1" 302 0 "-" "swagger-validator"
58.229.114.50 - - [10/Oct/2024:17:14:58 +0900] "GET /admin/ HTTP/1.1" 200 2411 "-" "Mozilla/5.0 (X11; Ubuntu; Linux x86_64; rv:130.0) Gecko/20100101 Firefox/130.0"
58.229.114.50 - - [10/Oct/2024:17:15:01 +0900] "POST /admin/logout/ HTTP/1.1" 302 0 "http://13.209.93.212/admin/" "Mozilla/5.0 (X11; Ubuntu; Linux x86_64; rv:130.0) Gecko/20100101 Firefox/130.0"
58.229.114.50 - - [10/Oct/2024:17:15:01 +0900] "GET /swagger/ HTTP/1.1" 302 0 "http://13.209.93.212/admin/" "Mozilla/5.0 (X11; Ubuntu; Linux x86_64; rv:130.0) Gecko/20100101 Firefox/130.0"
58.229.114.50 - - [10/Oct/2024:17:15:01 +0900] "GET /admin/login/?next=/swagger/ HTTP/1.1" 200 1624 "http://13.209.93.212/admin/" "Mozilla/5.0 (X11; Ubuntu; Linux x86_64; rv:130.0) Gecko/20100101 Firefox/130.0"
58.229.114.50 - - [10/Oct/2024:17:15:04 +0900] "POST /admin/login/?next=/swagger/ HTTP/1.1" 302 0 "http://13.209.93.212/admin/login/?next=/swagger/" "Mozilla/5.0 (X11; Ubuntu; Linux x86_64; rv:130.0) Gecko/20100101 Firefox/130.0"
58.229.114.50 - - [10/Oct/2024:17:15:04 +0900] "GET /swagger/ HTTP/1.1" 200 957 "http://13.209.93.212/admin/login/?next=/swagger/" "Mozilla/5.0 (X11; Ubuntu; Linux x86_64; rv:130.0) Gecko/20100101 Firefox/130.0"
58.229.114.50 - - [10/Oct/2024:17:15:04 +0900] "GET /swagger/?format=openapi HTTP/1.1" 200 22643 "http://13.209.93.212/swagger/" "Mozilla/5.0 (X11; Ubuntu; Linux x86_64; rv:130.0) Gecko/20100101 Firefox/130.0"
44.196.175.104 - - [10/Oct/2024:17:15:04 +0900] "GET /swagger/?format=openapi HTTP/1.1" 302 0 "-" "swagger-validator"
58.229.114.50 - - [10/Oct/2024:17:15:12 +0900] "GET /admin/ HTTP/1.1" 200 2409 "-" "Mozilla/5.0 (X11; Ubuntu; Linux x86_64; rv:130.0) Gecko/20100101 Firefox/130.0"
58.229.114.50 - - [10/Oct/2024:17:15:15 +0900] "POST /admin/logout/ HTTP/1.1" 302 0 "http://13.209.93.212/admin/" "Mozilla/5.0 (X11; Ubuntu; Linux x86_64; rv:130.0) Gecko/20100101 Firefox/130.0"
58.229.114.50 - - [10/Oct/2024:17:15:15 +0900] "GET /swagger/ HTTP/1.1" 302 0 "http://13.209.93.212/admin/" "Mozilla/5.0 (X11; Ubuntu; Linux x86_64; rv:130.0) Gecko/20100101 Firefox/130.0"
58.229.114.50 - - [10/Oct/2024:17:15:15 +0900] "GET /admin/login/?next=/swagger/ HTTP/1.1" 200 1628 "http://13.209.93.212/admin/" "Mozilla/5.0 (X11; Ubuntu; Linux x86_64; rv:130.0) Gecko/20100101 Firefox/130.0"
58.229.114.50 - - [10/Oct/2024:17:15:19 +0900] "POST /admin/login/?next=/swagger/ HTTP/1.1" 302 0 "http://13.209.93.212/admin/login/?next=/swagger/" "Mozilla/5.0 (X11; Ubuntu; Linux x86_64; rv:130.0) Gecko/20100101 Firefox/130.0"
58.229.114.50 - - [10/Oct/2024:17:15:19 +0900] "GET /swagger/ HTTP/1.1" 200 955 "http://13.209.93.212/admin/login/?next=/swagger/" "Mozilla/5.0 (X11; Ubuntu; Linux x86_64; rv:130.0) Gecko/20100101 Firefox/130.0"
58.229.114.50 - - [10/Oct/2024:17:15:19 +0900] "GET /swagger/?format=openapi HTTP/1.1" 200 22643 "http://13.209.93.212/swagger/" "Mozilla/5.0 (X11; Ubuntu; Linux x86_64; rv:130.0) Gecko/20100101 Firefox/130.0"
44.196.175.104 - - [10/Oct/2024:17:15:19 +0900] "GET /swagger/?format=openapi HTTP/1.1" 302 0 "-" "swagger-validator"
58.229.114.50 - - [10/Oct/2024:17:15:34 +0900] "GET /admin/ HTTP/1.1" 200 2408 "-" "Mozilla/5.0 (X11; Ubuntu; Linux x86_64; rv:130.0) Gecko/20100101 Firefox/130.0"
58.229.114.50 - - [10/Oct/2024:17:15:39 +0900] "GET /admin/account/customuser/ HTTP/1.1" 200 3555 "http://13.209.93.212/admin/" "Mozilla/5.0 (X11; Ubuntu; Linux x86_64; rv:130.0) Gecko/20100101 Firefox/130.0"
58.229.114.50 - - [10/Oct/2024:17:15:39 +0900] "GET /admin/jsi18n/ HTTP/1.1" 200 3342 "http://13.209.93.212/admin/account/customuser/" "Mozilla/5.0 (X11; Ubuntu; Linux x86_64; rv:130.0) Gecko/20100101 Firefox/130.0"
58.229.114.50 - - [10/Oct/2024:17:15:41 +0900] "GET /admin/account/otpverification/ HTTP/1.1" 500 145 "http://13.209.93.212/admin/account/customuser/" "Mozilla/5.0 (X11; Ubuntu; Linux x86_64; rv:130.0) Gecko/20100101 Firefox/130.0"
58.229.114.50 - - [10/Oct/2024:17:15:45 +0900] "GET /admin/account/customuser/ HTTP/1.1" 200 3558 "http://13.209.93.212/admin/" "Mozilla/5.0 (X11; Ubuntu; Linux x86_64; rv:130.0) Gecko/20100101 Firefox/130.0"
58.229.114.50 - - [10/Oct/2024:17:16:24 +0900] "GET /admin/account/customuser/ HTTP/1.1" 200 3555 "http://13.209.93.212/admin/account/customuser/" "Mozilla/5.0 (X11; Ubuntu; Linux x86_64; rv:130.0) Gecko/20100101 Firefox/130.0"
58.229.114.50 - - [10/Oct/2024:17:16:24 +0900] "GET /admin/jsi18n/ HTTP/1.1" 200 3342 "http://13.209.93.212/admin/account/customuser/" "Mozilla/5.0 (X11; Ubuntu; Linux x86_64; rv:130.0) Gecko/20100101 Firefox/130.0"
58.229.114.50 - - [10/Oct/2024:17:16:29 +0900] "POST /admin/account/customuser/ HTTP/1.1" 200 2898 "http://13.209.93.212/admin/account/customuser/" "Mozilla/5.0 (X11; Ubuntu; Linux x86_64; rv:130.0) Gecko/20100101 Firefox/130.0"
58.229.114.50 - - [10/Oct/2024:17:16:30 +0900] "POST /admin/account/customuser/ HTTP/1.1" 302 0 "http://13.209.93.212/admin/account/customuser/" "Mozilla/5.0 (X11; Ubuntu; Linux x86_64; rv:130.0) Gecko/20100101 Firefox/130.0"
58.229.114.50 - - [10/Oct/2024:17:16:30 +0900] "GET /admin/account/customuser/ HTTP/1.1" 200 3583 "http://13.209.93.212/admin/account/customuser/" "Mozilla/5.0 (X11; Ubuntu; Linux x86_64; rv:130.0) Gecko/20100101 Firefox/130.0"
58.229.114.50 - - [10/Oct/2024:17:16:31 +0900] "GET /admin/jsi18n/ HTTP/1.1" 200 3342 "http://13.209.93.212/admin/account/customuser/" "Mozilla/5.0 (X11; Ubuntu; Linux x86_64; rv:130.0) Gecko/20100101 Firefox/130.0"
58.229.114.50 - - [10/Oct/2024:17:16:34 +0900] "GET /admin/account/customuser/ HTTP/1.1" 200 3538 "http://13.209.93.212/admin/account/customuser/" "Mozilla/5.0 (X11; Ubuntu; Linux x86_64; rv:130.0) Gecko/20100101 Firefox/130.0"
58.229.114.50 - - [10/Oct/2024:17:16:34 +0900] "GET /admin/jsi18n/ HTTP/1.1" 200 3342 "http://13.209.93.212/admin/account/customuser/" "Mozilla/5.0 (X11; Ubuntu; Linux x86_64; rv:130.0) Gecko/20100101 Firefox/130.0"
58.229.114.50 - - [10/Oct/2024:17:16:57 +0900] "POST /account/register/ HTTP/1.1" 200 65 "-" "node"
58.229.114.50 - - [10/Oct/2024:17:18:42 +0900] "POST /account/register/ HTTP/1.1" 400 53 "-" "node"
58.229.114.50 - - [10/Oct/2024:17:18:53 +0900] "GET /admin/account/customuser/ HTTP/1.1" 200 3560 "http://13.209.93.212/admin/account/customuser/" "Mozilla/5.0 (X11; Ubuntu; Linux x86_64; rv:130.0) Gecko/20100101 Firefox/130.0"
58.229.114.50 - - [10/Oct/2024:17:18:53 +0900] "GET /admin/jsi18n/ HTTP/1.1" 200 3342 "http://13.209.93.212/admin/account/customuser/" "Mozilla/5.0 (X11; Ubuntu; Linux x86_64; rv:130.0) Gecko/20100101 Firefox/130.0"
58.229.114.50 - - [10/Oct/2024:17:18:58 +0900] "GET /admin/account/otpverification/ HTTP/1.1" 200 3173 "http://13.209.93.212/admin/account/customuser/" "Mozilla/5.0 (X11; Ubuntu; Linux x86_64; rv:130.0) Gecko/20100101 Firefox/130.0"
58.229.114.50 - - [10/Oct/2024:17:18:58 +0900] "GET /admin/jsi18n/ HTTP/1.1" 200 3342 "http://13.209.93.212/admin/account/otpverification/" "Mozilla/5.0 (X11; Ubuntu; Linux x86_64; rv:130.0) Gecko/20100101 Firefox/130.0"
58.229.114.50 - - [10/Oct/2024:17:19:33 +0900] "POST /account/login/ HTTP/1.1" 400 41 "-" "node"
135.125.244.48 - - [10/Oct/2024:17:19:35 +0900] "GET /.env HTTP/1.1" 404 159 "-" "Mozilla/5.0 (X11; Linux x86_64) AppleWebKit/537.36 (KHTML, like Gecko) Chrome/81.0.4044.129 Safari/537.36"
135.125.244.48 - - [10/Oct/2024:17:19:36 +0900] "POST / HTTP/1.1" 404 159 "-" "Mozilla/5.0 (X11; Linux x86_64) AppleWebKit/537.36 (KHTML, like Gecko) Chrome/81.0.4044.129 Safari/537.36"
45.84.89.2 - - [10/Oct/2024:17:19:49 +0900] "GET / HTTP/1.1" 404 179 "-" "Mozilla/6.0 (Windows NT 10.0; Win64; x64) AppleWebKit/537.36 (KHTML, like Gecko) Chrome/127.0.0.0 Safari/537.36 Inspici (www.inspici.com)"
58.229.114.50 - - [10/Oct/2024:17:19:54 +0900] "GET /admin/account/customuser/ HTTP/1.1" 200 3557 "http://13.209.93.212/admin/account/otpverification/" "Mozilla/5.0 (X11; Ubuntu; Linux x86_64; rv:130.0) Gecko/20100101 Firefox/130.0"
58.229.114.50 - - [10/Oct/2024:17:19:54 +0900] "GET /admin/jsi18n/ HTTP/1.1" 200 3342 "http://13.209.93.212/admin/account/customuser/" "Mozilla/5.0 (X11; Ubuntu; Linux x86_64; rv:130.0) Gecko/20100101 Firefox/130.0"
58.229.114.50 - - [10/Oct/2024:17:20:41 +0900] "POST /admin/account/customuser/ HTTP/1.1" 200 3678 "http://13.209.93.212/admin/account/customuser/" "Mozilla/5.0 (X11; Ubuntu; Linux x86_64; rv:130.0) Gecko/20100101 Firefox/130.0"
58.229.114.50 - - [10/Oct/2024:17:20:44 +0900] "POST /admin/account/customuser/ HTTP/1.1" 302 0 "http://13.209.93.212/admin/account/customuser/" "Mozilla/5.0 (X11; Ubuntu; Linux x86_64; rv:130.0) Gecko/20100101 Firefox/130.0"
58.229.114.50 - - [10/Oct/2024:17:20:44 +0900] "GET /admin/account/customuser/ HTTP/1.1" 200 3280 "http://13.209.93.212/admin/account/customuser/" "Mozilla/5.0 (X11; Ubuntu; Linux x86_64; rv:130.0) Gecko/20100101 Firefox/130.0"
58.229.114.50 - - [10/Oct/2024:17:20:44 +0900] "GET /admin/jsi18n/ HTTP/1.1" 200 3342 "http://13.209.93.212/admin/account/customuser/" "Mozilla/5.0 (X11; Ubuntu; Linux x86_64; rv:130.0) Gecko/20100101 Firefox/130.0"
58.229.114.50 - - [10/Oct/2024:17:20:47 +0900] "GET /admin/account/otpverification/ HTTP/1.1" 200 2712 "http://13.209.93.212/admin/account/customuser/" "Mozilla/5.0 (X11; Ubuntu; Linux x86_64; rv:130.0) Gecko/20100101 Firefox/130.0"
58.229.114.50 - - [10/Oct/2024:17:20:47 +0900] "GET /admin/jsi18n/ HTTP/1.1" 200 3342 "http://13.209.93.212/admin/account/otpverification/" "Mozilla/5.0 (X11; Ubuntu; Linux x86_64; rv:130.0) Gecko/20100101 Firefox/130.0"
58.229.114.50 - - [10/Oct/2024:17:20:48 +0900] "GET /admin/account/customuser/ HTTP/1.1" 200 3227 "http://13.209.93.212/admin/account/otpverification/" "Mozilla/5.0 (X11; Ubuntu; Linux x86_64; rv:130.0) Gecko/20100101 Firefox/130.0"
58.229.114.50 - - [10/Oct/2024:17:20:48 +0900] "GET /admin/jsi18n/ HTTP/1.1" 200 3342 "http://13.209.93.212/admin/account/customuser/" "Mozilla/5.0 (X11; Ubuntu; Linux x86_64; rv:130.0) Gecko/20100101 Firefox/130.0"
46.174.191.30 - - [10/Oct/2024:17:21:33 +0900] "GET / HTTP/1.0" 200 615 "-" "Mozilla/5.0 (Windows NT 6.1; WOW64; Trident/7.0; AS; rv:11.0) like Gecko"
93.123.85.155 - - [10/Oct/2024:17:22:19 +0900] "GET /.env HTTP/1.1" 404 159 "-" "Mozilla/5.0 (X11; Linux x86_64) AppleWebKit/537.36 (KHTML, like Gecko) Chrome/81.0.4044.129 Safari/537.36"
93.123.85.155 - - [10/Oct/2024:17:22:20 +0900] "POST / HTTP/1.1" 404 159 "-" "Mozilla/5.0 (X11; Linux x86_64) AppleWebKit/537.36 (KHTML, like Gecko) Chrome/81.0.4044.129 Safari/537.36"
58.229.114.50 - - [10/Oct/2024:17:24:38 +0900] "POST /admin/logout/ HTTP/1.1" 302 0 "http://13.209.93.212/admin/account/customuser/" "Mozilla/5.0 (X11; Ubuntu; Linux x86_64; rv:130.0) Gecko/20100101 Firefox/130.0"
58.229.114.50 - - [10/Oct/2024:17:24:38 +0900] "GET /swagger/ HTTP/1.1" 302 0 "http://13.209.93.212/admin/account/customuser/" "Mozilla/5.0 (X11; Ubuntu; Linux x86_64; rv:130.0) Gecko/20100101 Firefox/130.0"
58.229.114.50 - - [10/Oct/2024:17:24:38 +0900] "GET /admin/login/?next=/swagger/ HTTP/1.1" 200 1625 "http://13.209.93.212/admin/account/customuser/" "Mozilla/5.0 (X11; Ubuntu; Linux x86_64; rv:130.0) Gecko/20100101 Firefox/130.0"
58.229.114.50 - - [10/Oct/2024:17:25:11 +0900] "GET /swagger/ HTTP/1.1" 302 0 "-" "Mozilla/5.0 (X11; Ubuntu; Linux x86_64; rv:130.0) Gecko/20100101 Firefox/130.0"
58.229.114.50 - - [10/Oct/2024:17:25:11 +0900] "GET /admin/login/?next=/swagger/ HTTP/1.1" 200 1627 "-" "Mozilla/5.0 (X11; Ubuntu; Linux x86_64; rv:130.0) Gecko/20100101 Firefox/130.0"
58.229.114.50 - - [10/Oct/2024:17:25:15 +0900] "POST /admin/login/?next=/swagger/ HTTP/1.1" 302 0 "http://13.209.93.212/admin/login/?next=/swagger/" "Mozilla/5.0 (X11; Ubuntu; Linux x86_64; rv:130.0) Gecko/20100101 Firefox/130.0"
58.229.114.50 - - [10/Oct/2024:17:25:15 +0900] "GET /swagger/ HTTP/1.1" 200 957 "http://13.209.93.212/admin/login/?next=/swagger/" "Mozilla/5.0 (X11; Ubuntu; Linux x86_64; rv:130.0) Gecko/20100101 Firefox/130.0"
58.229.114.50 - - [10/Oct/2024:17:25:16 +0900] "GET /swagger/?format=openapi HTTP/1.1" 200 22643 "http://13.209.93.212/swagger/" "Mozilla/5.0 (X11; Ubuntu; Linux x86_64; rv:130.0) Gecko/20100101 Firefox/130.0"
44.196.175.104 - - [10/Oct/2024:17:25:16 +0900] "GET /swagger/?format=openapi HTTP/1.1" 302 0 "-" "swagger-validator"
143.44.165.122 - - [10/Oct/2024:17:43:17 +0900] "POST /account/login/ HTTP/1.1" 400 44 "-" "node"
143.44.165.122 - - [10/Oct/2024:17:43:27 +0900] "POST /account/login/ HTTP/1.1" 400 44 "-" "node"
143.44.165.122 - - [10/Oct/2024:17:43:37 +0900] "POST /account/login/ HTTP/1.1" 400 44 "-" "node"
143.44.165.122 - - [10/Oct/2024:17:43:50 +0900] "POST /account/login/ HTTP/1.1" 400 44 "-" "node"
143.44.165.122 - - [10/Oct/2024:17:44:43 +0900] "POST /account/login/ HTTP/1.1" 400 44 "-" "node"
143.44.165.122 - - [10/Oct/2024:17:45:13 +0900] "POST /account/register/ HTTP/1.1" 200 65 "-" "node"
143.44.165.122 - - [10/Oct/2024:17:47:28 +0900] "POST /account/register/ HTTP/1.1" 400 53 "-" "node"
143.44.165.122 - - [10/Oct/2024:17:47:39 +0900] "POST /account/login/ HTTP/1.1" 400 41 "-" "node"
143.44.165.122 - - [10/Oct/2024:17:47:50 +0900] "POST /account/login/ HTTP/1.1" 400 41 "-" "node"
143.44.165.122 - - [10/Oct/2024:17:47:58 +0900] "POST /account/login/ HTTP/1.1" 400 41 "-" "node"
143.44.165.122 - - [10/Oct/2024:17:48:20 +0900] "POST /account/register/ HTTP/1.1" 200 65 "-" "node"
143.44.165.122 - - [10/Oct/2024:17:48:34 +0900] "POST /account/register/ HTTP/1.1" 400 53 "-" "node"
143.44.165.122 - - [10/Oct/2024:17:48:44 +0900] "POST /account/register/ HTTP/1.1" 200 65 "-" "node"
143.44.165.122 - - [10/Oct/2024:17:49:15 +0900] "POST /account/login/ HTTP/1.1" 400 41 "-" "node"
143.44.165.122 - - [10/Oct/2024:17:50:38 +0900] "POST /account/register/ HTTP/1.1" 400 53 "-" "node"
143.44.165.122 - - [10/Oct/2024:17:50:43 +0900] "POST /account/register/ HTTP/1.1" 400 53 "-" "node"
143.44.165.122 - - [10/Oct/2024:17:50:46 +0900] "POST /account/register/ HTTP/1.1" 200 65 "-" "node"
58.229.114.50 - - [10/Oct/2024:17:51:54 +0900] "GET /swagger/ HTTP/1.1" 200 958 "-" "Mozilla/5.0 (X11; Ubuntu; Linux x86_64; rv:130.0) Gecko/20100101 Firefox/130.0"
58.229.114.50 - - [10/Oct/2024:17:51:54 +0900] "GET /swagger/?format=openapi HTTP/1.1" 200 23770 "http://13.209.93.212/swagger/" "Mozilla/5.0 (X11; Ubuntu; Linux x86_64; rv:130.0) Gecko/20100101 Firefox/130.0"
44.196.175.104 - - [10/Oct/2024:17:51:55 +0900] "GET /swagger/?format=openapi HTTP/1.1" 302 0 "-" "swagger-validator"
54.81.217.114 - - [10/Oct/2024:17:53:38 +0900] "GET /account/verify_otp/ HTTP/1.1" 405 40 "-" "Slackbot-LinkExpanding 1.0 (+https://api.slack.com/robots)"
54.85.250.69 - - [10/Oct/2024:17:54:06 +0900] "GET /account/resend_otp/ HTTP/1.1" 405 40 "-" "Slackbot-LinkExpanding 1.0 (+https://api.slack.com/robots)"
143.44.165.122 - - [10/Oct/2024:17:59:04 +0900] "POST /account/login/ HTTP/1.1" 400 41 "-" "node"
152.42.243.111 - - [10/Oct/2024:17:59:07 +0900] "GET /cdn-cgi/trace HTTP/1.1" 404 134 "-" "Mozilla/5.0"
152.42.243.111 - - [10/Oct/2024:17:59:12 +0900] "\x16\x03\x01\x01\x0B\x01\x00\x01\x07\x03\x036\xE7\xEE@!\xB7g\xE5\xDE\x9A\xFD\xA3\xBE\x0F_\xA2\xB8\xE0\x19\xC4\xAC\xB36Bf4\xEA2?8Zo \xF4\x168\xE3U\xE8AP\x9F\xA1k\xB1\xAEOe,s&\x8FZ\x1CI\xAE7\x18\xCA\x86\xAE\x9E\xF3~\x93\x00&\xC0+\xC0/\xC0,\xC00\xCC\xA9\xCC\xA8\xC0\x09\xC0\x13\xC0" 400 166 "-" "-"
143.44.165.122 - - [10/Oct/2024:17:59:35 +0900] "POST /account/register/ HTTP/1.1" 200 65 "-" "node"
143.44.165.122 - - [10/Oct/2024:18:00:06 +0900] "POST /account/register/ HTTP/1.1" 400 53 "-" "node"
143.44.165.122 - - [10/Oct/2024:18:00:12 +0900] "POST /account/register/ HTTP/1.1" 200 65 "-" "node"
143.44.165.122 - - [10/Oct/2024:18:02:49 +0900] "POST /account/login/ HTTP/1.1" 400 41 "-" "node"
143.44.165.122 - - [10/Oct/2024:18:03:28 +0900] "POST /account/login/ HTTP/1.1" 400 41 "-" "node"
167.99.148.101 - - [10/Oct/2024:18:03:52 +0900] "GET /.git/config HTTP/1.1" 404 159 "-" "Mozilla/5.0 (X11; Linux x86_64) AppleWebKit/535.1 (KHTML, like Gecko) Chrome/13.0.782.20 Safari/535.1"
143.44.165.122 - - [10/Oct/2024:18:04:09 +0900] "POST /account/register/ HTTP/1.1" 200 65 "-" "node"
143.44.165.122 - - [10/Oct/2024:18:04:28 +0900] "POST /account/register/ HTTP/1.1" 400 53 "-" "node"
143.44.165.122 - - [10/Oct/2024:18:05:47 +0900] "POST /account/register/ HTTP/1.1" 200 65 "-" "node"
143.44.165.122 - - [10/Oct/2024:18:09:00 +0900] "POST /account/register/ HTTP/1.1" 400 53 "-" "node"
143.44.165.122 - - [10/Oct/2024:18:09:05 +0900] "POST /account/register/ HTTP/1.1" 200 65 "-" "node"
143.44.165.122 - - [10/Oct/2024:18:09:13 +0900] "POST /account/register/ HTTP/1.1" 400 53 "-" "node"
143.44.165.122 - - [10/Oct/2024:18:10:04 +0900] "POST /account/register/ HTTP/1.1" 400 53 "-" "node"
143.44.165.122 - - [10/Oct/2024:18:10:16 +0900] "POST /account/register/ HTTP/1.1" 200 65 "-" "node"
143.44.165.122 - - [10/Oct/2024:18:11:45 +0900] "POST /account/register/ HTTP/1.1" 200 65 "-" "node"
45.156.129.52 - - [10/Oct/2024:18:38:35 +0900] "GET /baseProj/images/favicon.ico HTTP/1.1" 404 159 "-" "Mozilla/5.0 (Windows NT 10.0; Win64; x64) AppleWebKit/537.36 (KHTML, like Gecko) Chrome/60.0.3112.113 Safari/537.36"
171.5.25.5 - - [10/Oct/2024:18:43:20 +0900] "GET / HTTP/1.0" 200 615 "-" "Mozilla/5.0 (Linux; U; Android 4.0.3; ko-kr; LG-L160L Build/IML74K) AppleWebkit/534.30 (KHTML, like Gecko) Version/4.0 Mobile Safari/534.30"
112.210.229.46 - - [10/Oct/2024:18:51:52 +0900] "GET /swagger/ HTTP/1.1" 302 0 "-" "Mozilla/5.0 (Macintosh; Intel Mac OS X 10_15_7) AppleWebKit/537.36 (KHTML, like Gecko) Chrome/129.0.0.0 Safari/537.36"
112.210.229.46 - - [10/Oct/2024:18:51:53 +0900] "GET /admin/login/?next=/swagger/ HTTP/1.1" 200 1627 "-" "Mozilla/5.0 (Macintosh; Intel Mac OS X 10_15_7) AppleWebKit/537.36 (KHTML, like Gecko) Chrome/129.0.0.0 Safari/537.36"
112.210.229.46 - - [10/Oct/2024:18:52:00 +0900] "POST /admin/login/?next=/swagger/ HTTP/1.1" 302 0 "http://13.209.93.212/admin/login/?next=/swagger/" "Mozilla/5.0 (Macintosh; Intel Mac OS X 10_15_7) AppleWebKit/537.36 (KHTML, like Gecko) Chrome/129.0.0.0 Safari/537.36"
112.210.229.46 - - [10/Oct/2024:18:52:00 +0900] "GET /swagger/ HTTP/1.1" 200 961 "http://13.209.93.212/admin/login/?next=/swagger/" "Mozilla/5.0 (Macintosh; Intel Mac OS X 10_15_7) AppleWebKit/537.36 (KHTML, like Gecko) Chrome/129.0.0.0 Safari/537.36"
112.210.229.46 - - [10/Oct/2024:18:52:00 +0900] "GET /static/drf-yasg/style.css HTTP/1.1" 304 0 "http://13.209.93.212/swagger/" "Mozilla/5.0 (Macintosh; Intel Mac OS X 10_15_7) AppleWebKit/537.36 (KHTML, like Gecko) Chrome/129.0.0.0 Safari/537.36"
112.210.229.46 - - [10/Oct/2024:18:52:00 +0900] "GET /static/drf-yasg/immutable.min.js HTTP/1.1" 200 56904 "http://13.209.93.212/swagger/" "Mozilla/5.0 (Macintosh; Intel Mac OS X 10_15_7) AppleWebKit/537.36 (KHTML, like Gecko) Chrome/129.0.0.0 Safari/537.36"
112.210.229.46 - - [10/Oct/2024:18:52:00 +0900] "GET /static/drf-yasg/insQ.min.js HTTP/1.1" 304 0 "http://13.209.93.212/swagger/" "Mozilla/5.0 (Macintosh; Intel Mac OS X 10_15_7) AppleWebKit/537.36 (KHTML, like Gecko) Chrome/129.0.0.0 Safari/537.36"
112.210.229.46 - - [10/Oct/2024:18:52:00 +0900] "GET /static/drf-yasg/swagger-ui-init.js HTTP/1.1" 304 0 "http://13.209.93.212/swagger/" "Mozilla/5.0 (Macintosh; Intel Mac OS X 10_15_7) AppleWebKit/537.36 (KHTML, like Gecko) Chrome/129.0.0.0 Safari/537.36"
112.210.229.46 - - [10/Oct/2024:18:52:00 +0900] "GET /static/drf-yasg/swagger-ui-dist/swagger-ui.css HTTP/1.1" 200 145206 "http://13.209.93.212/swagger/" "Mozilla/5.0 (Macintosh; Intel Mac OS X 10_15_7) AppleWebKit/537.36 (KHTML, like Gecko) Chrome/129.0.0.0 Safari/537.36"
112.210.229.46 - - [10/Oct/2024:18:52:00 +0900] "GET /static/drf-yasg/swagger-ui-dist/swagger-ui-standalone-preset.js HTTP/1.1" 200 322863 "http://13.209.93.212/swagger/" "Mozilla/5.0 (Macintosh; Intel Mac OS X 10_15_7) AppleWebKit/537.36 (KHTML, like Gecko) Chrome/129.0.0.0 Safari/537.36"
112.210.229.46 - - [10/Oct/2024:18:52:01 +0900] "GET /static/drf-yasg/swagger-ui-dist/swagger-ui-bundle.js HTTP/1.1" 200 1046583 "http://13.209.93.212/swagger/" "Mozilla/5.0 (Macintosh; Intel Mac OS X 10_15_7) AppleWebKit/537.36 (KHTML, like Gecko) Chrome/129.0.0.0 Safari/537.36"
112.210.229.46 - - [10/Oct/2024:18:52:02 +0900] "GET /swagger/?format=openapi HTTP/1.1" 200 23770 "http://13.209.93.212/swagger/" "Mozilla/5.0 (Macintosh; Intel Mac OS X 10_15_7) AppleWebKit/537.36 (KHTML, like Gecko) Chrome/129.0.0.0 Safari/537.36"
44.196.175.104 - - [10/Oct/2024:18:52:03 +0900] "GET /swagger/?format=openapi HTTP/1.1" 302 0 "-" "swagger-validator"
80.66.83.49 - - [10/Oct/2024:18:54:00 +0900] "\x04\x01\x00PPBS1\x00" 400 166 "-" "-"
80.66.83.49 - - [10/Oct/2024:18:54:01 +0900] "\x05\x01\x00" 400 166 "-" "-"
80.66.83.49 - - [10/Oct/2024:18:54:01 +0900] "CONNECT 80.66.83.49:80 HTTP/1.1" 400 166 "-" "-"
135.125.244.48 - - [10/Oct/2024:18:58:48 +0900] "GET /.env HTTP/1.1" 404 159 "-" "Mozilla/5.0 (X11; Linux x86_64) AppleWebKit/537.36 (KHTML, like Gecko) Chrome/81.0.4044.129 Safari/537.36"
135.125.244.48 - - [10/Oct/2024:18:58:49 +0900] "POST / HTTP/1.1" 404 159 "-" "Mozilla/5.0 (X11; Linux x86_64) AppleWebKit/537.36 (KHTML, like Gecko) Chrome/81.0.4044.129 Safari/537.36"
185.242.226.115 - - [10/Oct/2024:19:24:09 +0900] "GET / HTTP/1.1" 404 159 "-" "Mozilla/5.0 (Windows NT 10.0; Win64; x64) AppleWebKit/537.36 (KHTML, like Gecko) Chrome/88.0.4324.190 Safari/537.36"
185.16.39.118 - - [10/Oct/2024:19:37:30 +0900] "GET / HTTP/1.1" 404 159 "-" "Mozilla/5.0 (Windows NT 10.0; Win64; x64) AppleWebKit/537.36 (KHTML, like Gecko) Chrome/90.0.4430.85 Safari/537.36 Edg/90.0.818.46"
95.214.54.53 - - [10/Oct/2024:19:39:33 +0900] "GET / HTTP/1.1" 404 159 "-" "Linux Gnu (cow)"
5.8.11.202 - - [10/Oct/2024:19:47:01 +0900] "GET / HTTP/1.0" 200 615 "-" "Mozilla/5.0 (Linux; Android 5.1; Neffos C5 Max) AppleWebKit/537.36 (KHTML, like Gecko) Chrome/76.0.3809.111 Mobile Safari/537.36"
93.174.93.12 - - [10/Oct/2024:20:04:44 +0900] "\x16\x03\x02\x01o\x01\x00\x01k\x03\x02RH\xC5\x1A#\xF7:N\xDF\xE2\xB4\x82/\xFF\x09T\x9F\xA7\xC4y\xB0h\xC6\x13\x8C\xA4\x1C=\x22\xE1\x1A\x98 \x84\xB4,\x85\xAFn\xE3Y\xBBbhl\xFF(=':\xA9\x82\xD9o\xC8\xA2\xD7\x93\x98\xB4\xEF\x80\xE5\xB9\x90\x00(\xC0" 400 166 "-" "-"
45.156.130.8 - - [10/Oct/2024:20:05:49 +0900] "GET / HTTP/1.1" 404 159 "-" "Mozilla/5.0 (Windows NT 10.0; Win64; x64) AppleWebKit/537.36 (KHTML, like Gecko) Chrome/60.0.3112.113 Safari/537.36"
107.175.48.4 - - [10/Oct/2024:20:14:52 +0900] "GET /.env HTTP/1.1" 404 159 "-" "Mozilla/5.0 (Macintosh; Intel Mac OS X 10.15; rv:77.0) Gecko/20100101 Firefox/77.0"
